Archive member included to satisfy reference by file (symbol)

c:/program files (x86)/atollic/truestudio for stm32 9.0.1/armtools/bin/../lib/gcc/arm-atollic-eabi/6.3.1/../../../../arm-atollic-eabi/lib/armv7-m\libc_nano.a(lib_a-init.o)
                              startup\startup_stm32f103xb.o (__libc_init_array)
c:/program files (x86)/atollic/truestudio for stm32 9.0.1/armtools/bin/../lib/gcc/arm-atollic-eabi/6.3.1/../../../../arm-atollic-eabi/lib/armv7-m\libc_nano.a(lib_a-memcpy-stub.o)
                              Middlewares\Third_Party\FreeRTOS\Source\queue.o (memcpy)
c:/program files (x86)/atollic/truestudio for stm32 9.0.1/armtools/bin/../lib/gcc/arm-atollic-eabi/6.3.1/../../../../arm-atollic-eabi/lib/armv7-m\libc_nano.a(lib_a-memset.o)
                              Middlewares\Third_Party\FreeRTOS\Source\tasks.o (memset)
c:/program files (x86)/atollic/truestudio for stm32 9.0.1/armtools/bin/../lib/gcc/arm-atollic-eabi/6.3.1/../../../../arm-atollic-eabi/lib/armv7-m\libc_nano.a(lib_a-sprintf.o)
                              Src\gsm_m950e.o (sprintf)
c:/program files (x86)/atollic/truestudio for stm32 9.0.1/armtools/bin/../lib/gcc/arm-atollic-eabi/6.3.1/../../../../arm-atollic-eabi/lib/armv7-m\libc_nano.a(lib_a-sscanf.o)
                              Src\esp8266.o (sscanf)
c:/program files (x86)/atollic/truestudio for stm32 9.0.1/armtools/bin/../lib/gcc/arm-atollic-eabi/6.3.1/../../../../arm-atollic-eabi/lib/armv7-m\libc_nano.a(lib_a-stdio.o)
                              c:/program files (x86)/atollic/truestudio for stm32 9.0.1/armtools/bin/../lib/gcc/arm-atollic-eabi/6.3.1/../../../../arm-atollic-eabi/lib/armv7-m\libc_nano.a(lib_a-sscanf.o) (__seofread)
c:/program files (x86)/atollic/truestudio for stm32 9.0.1/armtools/bin/../lib/gcc/arm-atollic-eabi/6.3.1/../../../../arm-atollic-eabi/lib/armv7-m\libc_nano.a(lib_a-strchr.o)
                              Src\esp8266.o (strchr)
c:/program files (x86)/atollic/truestudio for stm32 9.0.1/armtools/bin/../lib/gcc/arm-atollic-eabi/6.3.1/../../../../arm-atollic-eabi/lib/armv7-m\libc_nano.a(lib_a-strcpy.o)
                              Src\esp8266.o (strcpy)
c:/program files (x86)/atollic/truestudio for stm32 9.0.1/armtools/bin/../lib/gcc/arm-atollic-eabi/6.3.1/../../../../arm-atollic-eabi/lib/armv7-m\libc_nano.a(lib_a-strlen.o)
                              Src\esp8266.o (strlen)
c:/program files (x86)/atollic/truestudio for stm32 9.0.1/armtools/bin/../lib/gcc/arm-atollic-eabi/6.3.1/../../../../arm-atollic-eabi/lib/armv7-m\libc_nano.a(lib_a-strstr.o)
                              Src\esp8266.o (strstr)
c:/program files (x86)/atollic/truestudio for stm32 9.0.1/armtools/bin/../lib/gcc/arm-atollic-eabi/6.3.1/../../../../arm-atollic-eabi/lib/armv7-m\libc_nano.a(lib_a-writer.o)
                              c:/program files (x86)/atollic/truestudio for stm32 9.0.1/armtools/bin/../lib/gcc/arm-atollic-eabi/6.3.1/../../../../arm-atollic-eabi/lib/armv7-m\libc_nano.a(lib_a-stdio.o) (_write_r)
c:/program files (x86)/atollic/truestudio for stm32 9.0.1/armtools/bin/../lib/gcc/arm-atollic-eabi/6.3.1/../../../../arm-atollic-eabi/lib/armv7-m\libc_nano.a(lib_a-closer.o)
                              c:/program files (x86)/atollic/truestudio for stm32 9.0.1/armtools/bin/../lib/gcc/arm-atollic-eabi/6.3.1/../../../../arm-atollic-eabi/lib/armv7-m\libc_nano.a(lib_a-stdio.o) (_close_r)
c:/program files (x86)/atollic/truestudio for stm32 9.0.1/armtools/bin/../lib/gcc/arm-atollic-eabi/6.3.1/../../../../arm-atollic-eabi/lib/armv7-m\libc_nano.a(lib_a-impure.o)
                              c:/program files (x86)/atollic/truestudio for stm32 9.0.1/armtools/bin/../lib/gcc/arm-atollic-eabi/6.3.1/../../../../arm-atollic-eabi/lib/armv7-m\libc_nano.a(lib_a-sprintf.o) (_impure_ptr)
c:/program files (x86)/atollic/truestudio for stm32 9.0.1/armtools/bin/../lib/gcc/arm-atollic-eabi/6.3.1/../../../../arm-atollic-eabi/lib/armv7-m\libc_nano.a(lib_a-lseekr.o)
                              c:/program files (x86)/atollic/truestudio for stm32 9.0.1/armtools/bin/../lib/gcc/arm-atollic-eabi/6.3.1/../../../../arm-atollic-eabi/lib/armv7-m\libc_nano.a(lib_a-stdio.o) (_lseek_r)
c:/program files (x86)/atollic/truestudio for stm32 9.0.1/armtools/bin/../lib/gcc/arm-atollic-eabi/6.3.1/../../../../arm-atollic-eabi/lib/armv7-m\libc_nano.a(lib_a-nano-svfprintf.o)
                              c:/program files (x86)/atollic/truestudio for stm32 9.0.1/armtools/bin/../lib/gcc/arm-atollic-eabi/6.3.1/../../../../arm-atollic-eabi/lib/armv7-m\libc_nano.a(lib_a-sprintf.o) (_svfprintf_r)
c:/program files (x86)/atollic/truestudio for stm32 9.0.1/armtools/bin/../lib/gcc/arm-atollic-eabi/6.3.1/../../../../arm-atollic-eabi/lib/armv7-m\libc_nano.a(lib_a-nano-svfscanf.o)
                              c:/program files (x86)/atollic/truestudio for stm32 9.0.1/armtools/bin/../lib/gcc/arm-atollic-eabi/6.3.1/../../../../arm-atollic-eabi/lib/armv7-m\libc_nano.a(lib_a-sscanf.o) (__ssvfscanf_r)
[...]
Memory Configuration

Name             Origin             Length             Attributes
RAM              0x20000000         0x00005000         xrw
FLASH            0x08000000         0x00020000         xr
*default*        0x00000000         0xffffffff

Linker script and memory map

LOAD c:/program files (x86)/atollic/truestudio for stm32 9.0.1/armtools/bin/../lib/gcc/arm-atollic-eabi/6.3.1/armv7-m/crti.o
LOAD c:/program files (x86)/atollic/truestudio for stm32 9.0.1/armtools/bin/../lib/gcc/arm-atollic-eabi/6.3.1/armv7-m/crtbegin.o
LOAD Drivers\STM32F1xx_HAL_Driver\Src\stm32f1xx_hal.o
LOAD Drivers\STM32F1xx_HAL_Driver\Src\stm32f1xx_hal_cortex.o
LOAD Drivers\STM32F1xx_HAL_Driver\Src\stm32f1xx_hal_dma.o
LOAD Drivers\STM32F1xx_HAL_Driver\Src\stm32f1xx_hal_flash.o
LOAD Drivers\STM32F1xx_HAL_Driver\Src\stm32f1xx_hal_flash_ex.o
LOAD Drivers\STM32F1xx_HAL_Driver\Src\stm32f1xx_hal_gpio.o
LOAD Drivers\STM32F1xx_HAL_Driver\Src\stm32f1xx_hal_gpio_ex.o
LOAD Drivers\STM32F1xx_HAL_Driver\Src\stm32f1xx_hal_pwr.o
LOAD Drivers\STM32F1xx_HAL_Driver\Src\stm32f1xx_hal_rcc.o
LOAD Drivers\STM32F1xx_HAL_Driver\Src\stm32f1xx_hal_rcc_ex.o
LOAD Drivers\STM32F1xx_HAL_Driver\Src\stm32f1xx_hal_tim.o
LOAD Drivers\STM32F1xx_HAL_Driver\Src\stm32f1xx_hal_tim_ex.o
LOAD Drivers\STM32F1xx_HAL_Driver\Src\stm32f1xx_hal_uart.o
LOAD Middlewares\Third_Party\FreeRTOS\Source\CMSIS_RTOS\cmsis_os.o
LOAD Middlewares\Third_Party\FreeRTOS\Source\croutine.o
LOAD Middlewares\Third_Party\FreeRTOS\Source\event_groups.o
LOAD Middlewares\Third_Party\FreeRTOS\Source\list.o
LOAD Middlewares\Third_Party\FreeRTOS\Source\portable\GCC\ARM_CM3\port.o
LOAD Middlewares\Third_Party\FreeRTOS\Source\portable\MemMang\heap_4.o
LOAD Middlewares\Third_Party\FreeRTOS\Source\queue.o
LOAD Middlewares\Third_Party\FreeRTOS\Source\tasks.o
LOAD Middlewares\Third_Party\FreeRTOS\Source\timers.o
LOAD Src\Logic.o
LOAD Src\esp8266.o
LOAD Src\flash.o
LOAD Src\freertos.o
LOAD Src\gpio.o
LOAD Src\gsm_m950e.o
LOAD Src\io.o
LOAD Src\main.o
LOAD Src\stm32f1xx_hal_msp.o
LOAD Src\stm32f1xx_hal_timebase_TIM.o
LOAD Src\stm32f1xx_it.o
LOAD Src\system_stm32f1xx.o
LOAD Src\usart.o
LOAD startup\startup_stm32f103xb.o
                0x00000080                malloc_getpagesize_P = 0x80
START GROUP
LOAD c:/program files (x86)/atollic/truestudio for stm32 9.0.1/armtools/bin/../lib/gcc/arm-atollic-eabi/6.3.1/../../../../arm-atollic-eabi/lib/armv7-m\libc_nano.a
LOAD c:/program files (x86)/atollic/truestudio for stm32 9.0.1/armtools/bin/../lib/gcc/arm-atollic-eabi/6.3.1/../../../../arm-atollic-eabi/lib/armv7-m\libm.a
END GROUP
START GROUP
LOAD c:/program files (x86)/atollic/truestudio for stm32 9.0.1/armtools/bin/../lib/gcc/arm-atollic-eabi/6.3.1/armv7-m\libgcc.a
LOAD c:/program files (x86)/atollic/truestudio for stm32 9.0.1/armtools/bin/../lib/gcc/arm-atollic-eabi/6.3.1/../../../../arm-atollic-eabi/lib/armv7-m\libc_nano.a
END GROUP
START GROUP
LOAD c:/program files (x86)/atollic/truestudio for stm32 9.0.1/armtools/bin/../lib/gcc/arm-atollic-eabi/6.3.1/armv7-m\libgcc.a
LOAD c:/program files (x86)/atollic/truestudio for stm32 9.0.1/armtools/bin/../lib/gcc/arm-atollic-eabi/6.3.1/../../../../arm-atollic-eabi/lib/armv7-m\libc_nano.a
LOAD c:/program files (x86)/atollic/truestudio for stm32 9.0.1/armtools/bin/../lib/gcc/arm-atollic-eabi/6.3.1/../../../../arm-atollic-eabi/lib/armv7-m\libnosys.a
END GROUP
START GROUP
LOAD c:/program files (x86)/atollic/truestudio for stm32 9.0.1/armtools/bin/../lib/gcc/arm-atollic-eabi/6.3.1/armv7-m\libgcc.a
LOAD c:/program files (x86)/atollic/truestudio for stm32 9.0.1/armtools/bin/../lib/gcc/arm-atollic-eabi/6.3.1/../../../../arm-atollic-eabi/lib/armv7-m\libc_nano.a
LOAD c:/program files (x86)/atollic/truestudio for stm32 9.0.1/armtools/bin/../lib/gcc/arm-atollic-eabi/6.3.1/../../../../arm-atollic-eabi/lib/armv7-m\libnosys.a
END GROUP
LOAD c:/program files (x86)/atollic/truestudio for stm32 9.0.1/armtools/bin/../lib/gcc/arm-atollic-eabi/6.3.1/armv7-m/crtend.o
LOAD c:/program files (x86)/atollic/truestudio for stm32 9.0.1/armtools/bin/../lib/gcc/arm-atollic-eabi/6.3.1/armv7-m/crtn.o
                0x20005000                _estack = 0x20005000
                0x00000100                _Min_Heap_Size = 0x100
                0x00000100                _Min_Stack_Size = 0x100

.isr_vector     0x08000000      0x10c
                0x08000000                . = ALIGN (0x4)
 *(.isr_vector)
 .isr_vector    0x08000000      0x10c startup\startup_stm32f103xb.o
                0x08000000                g_pfnVectors
                0x0800010c                . = ALIGN (0x4)

.text           0x08000110     0x5b60
                0x08000110                . = ALIGN (0x4)
 *(.text)
 .text          0x08000110       0x40 c:/program files (x86)/atollic/truestudio for stm32 9.0.1/armtools/bin/../lib/gcc/arm-atollic-eabi/6.3.1/armv7-m/crtbegin.o
 .text          0x08000150       0x10 c:/program files (x86)/atollic/truestudio for stm32 9.0.1/armtools/bin/../lib/gcc/arm-atollic-eabi/6.3.1/../../../../arm-atollic-eabi/lib/armv7-m\libc_nano.a(lib_a-strlen.o)
                0x08000150                strlen
 *(.text*)
 .text.HAL_Init
                0x08000160       0x24 Drivers\STM32F1xx_HAL_Driver\Src\stm32f1xx_hal.o
                0x08000160                HAL_Init
 .text.HAL_IncTick
                0x08000184       0x18 Drivers\STM32F1xx_HAL_Driver\Src\stm32f1xx_hal.o
                0x08000184                HAL_IncTick
 .text.HAL_GetTick
                0x0800019c        0xc Drivers\STM32F1xx_HAL_Driver\Src\stm32f1xx_hal.o
                0x0800019c                HAL_GetTick
 .text.HAL_NVIC_SetPriorityGrouping
                0x080001a8       0x24 Drivers\STM32F1xx_HAL_Driver\Src\stm32f1xx_hal_cortex.o
                0x080001a8                HAL_NVIC_SetPriorityGrouping
 .text.HAL_NVIC_SetPriority
                0x080001cc       0x64 Drivers\STM32F1xx_HAL_Driver\Src\stm32f1xx_hal_cortex.o
                0x080001cc                HAL_NVIC_SetPriority
 .text.HAL_NVIC_EnableIRQ
                0x08000230       0x18 Drivers\STM32F1xx_HAL_Driver\Src\stm32f1xx_hal_cortex.o
                0x08000230                HAL_NVIC_EnableIRQ
 .text.HAL_SYSTICK_Config
                0x08000248       0x2c Drivers\STM32F1xx_HAL_Driver\Src\stm32f1xx_hal_cortex.o
                0x08000248                HAL_SYSTICK_Config
 .text.HAL_SYSTICK_CLKSourceConfig
                0x08000274       0x20 Drivers\STM32F1xx_HAL_Driver\Src\stm32f1xx_hal_cortex.o
                0x08000274                HAL_SYSTICK_CLKSourceConfig
 .text.HAL_DMA_Abort_IT
                0x08000294       0x98 Drivers\STM32F1xx_HAL_Driver\Src\stm32f1xx_hal_dma.o
                0x08000294                HAL_DMA_Abort_IT
 .text.FLASH_Program_HalfWord
                0x0800032c       0x1c Drivers\STM32F1xx_HAL_Driver\Src\stm32f1xx_hal_flash.o
 .text.FLASH_SetErrorCode
                0x08000348       0x74 Drivers\STM32F1xx_HAL_Driver\Src\stm32f1xx_hal_flash.o
 .text.HAL_FLASH_Unlock
                0x080003bc       0x34 Drivers\STM32F1xx_HAL_Driver\Src\stm32f1xx_hal_flash.o
                0x080003bc                HAL_FLASH_Unlock
 .text.HAL_FLASH_Lock
                0x080003f0       0x14 Drivers\STM32F1xx_HAL_Driver\Src\stm32f1xx_hal_flash.o
                0x080003f0                HAL_FLASH_Lock
 .text.FLASH_WaitForLastOperation
                0x08000404       0x6c Drivers\STM32F1xx_HAL_Driver\Src\stm32f1xx_hal_flash.o
                0x08000404                FLASH_WaitForLastOperation
 .text.HAL_FLASH_Program
                0x08000470       0x9c Drivers\STM32F1xx_HAL_Driver\Src\stm32f1xx_hal_flash.o
                0x08000470                HAL_FLASH_Program
 .text.FLASH_MassErase
                0x0800050c       0x24 Drivers\STM32F1xx_HAL_Driver\Src\stm32f1xx_hal_flash_ex.o
 .text.FLASH_PageErase
                0x08000530       0x24 Drivers\STM32F1xx_HAL_Driver\Src\stm32f1xx_hal_flash_ex.o
                0x08000530                FLASH_PageErase
 .text.HAL_FLASHEx_Erase
                0x08000554       0xa4 Drivers\STM32F1xx_HAL_Driver\Src\stm32f1xx_hal_flash_ex.o
                0x08000554                HAL_FLASHEx_Erase
 .text.HAL_GPIO_Init
                0x080005f8      0x1ec Drivers\STM32F1xx_HAL_Driver\Src\stm32f1xx_hal_gpio.o
                0x080005f8                HAL_GPIO_Init
 .text.HAL_GPIO_ReadPin
                0x080007e4        0xe Drivers\STM32F1xx_HAL_Driver\Src\stm32f1xx_hal_gpio.o
                0x080007e4                HAL_GPIO_ReadPin
 .text.HAL_GPIO_WritePin
                0x080007f2        0xc Drivers\STM32F1xx_HAL_Driver\Src\stm32f1xx_hal_gpio.o
                0x080007f2                HAL_GPIO_WritePin
 *fill*         0x080007fe        0x2 
 .text.RCC_Delay
                0x08000800       0x2c Drivers\STM32F1xx_HAL_Driver\Src\stm32f1xx_hal_rcc.o
 .text.HAL_RCC_OscConfig
                0x0800082c      0x3e0 Drivers\STM32F1xx_HAL_Driver\Src\stm32f1xx_hal_rcc.o
                0x0800082c                HAL_RCC_OscConfig
 .text.HAL_RCC_GetSysClockFreq
                0x08000c0c       0x6c Drivers\STM32F1xx_HAL_Driver\Src\stm32f1xx_hal_rcc.o
                0x08000c0c                HAL_RCC_GetSysClockFreq
 .text.HAL_RCC_ClockConfig
                0x08000c78      0x178 Drivers\STM32F1xx_HAL_Driver\Src\stm32f1xx_hal_rcc.o
                0x08000c78                HAL_RCC_ClockConfig
 .text.HAL_RCC_GetHCLKFreq
                0x08000df0        0xc Drivers\STM32F1xx_HAL_Driver\Src\stm32f1xx_hal_rcc.o
                0x08000df0                HAL_RCC_GetHCLKFreq
 .text.HAL_RCC_GetPCLK1Freq
                0x08000dfc       0x20 Drivers\STM32F1xx_HAL_Driver\Src\stm32f1xx_hal_rcc.o
                0x08000dfc                HAL_RCC_GetPCLK1Freq
 .text.HAL_RCC_GetPCLK2Freq
                0x08000e1c       0x20 Drivers\STM32F1xx_HAL_Driver\Src\stm32f1xx_hal_rcc.o
                0x08000e1c                HAL_RCC_GetPCLK2Freq
 .text.HAL_RCC_GetClockConfig
                0x08000e3c       0x3c Drivers\STM32F1xx_HAL_Driver\Src\stm32f1xx_hal_rcc.o
                0x08000e3c                HAL_RCC_GetClockConfig
 .text.HAL_TIM_Base_MspInit
                0x08000e78        0x2 Drivers\STM32F1xx_HAL_Driver\Src\stm32f1xx_hal_tim.o
                0x08000e78                HAL_TIM_Base_MspInit
 .text.HAL_TIM_Base_Start_IT
                0x08000e7a       0x18 Drivers\STM32F1xx_HAL_Driver\Src\stm32f1xx_hal_tim.o
                0x08000e7a                HAL_TIM_Base_Start_IT
 .text.HAL_TIM_OC_DelayElapsedCallback
                0x08000e92        0x2 Drivers\STM32F1xx_HAL_Driver\Src\stm32f1xx_hal_tim.o
                0x08000e92                HAL_TIM_OC_DelayElapsedCallback
 .text.HAL_TIM_IC_CaptureCallback
                0x08000e94        0x2 Drivers\STM32F1xx_HAL_Driver\Src\stm32f1xx_hal_tim.o
                0x08000e94                HAL_TIM_IC_CaptureCallback
 .text.HAL_TIM_PWM_PulseFinishedCallback
                0x08000e96        0x2 Drivers\STM32F1xx_HAL_Driver\Src\stm32f1xx_hal_tim.o
                0x08000e96                HAL_TIM_PWM_PulseFinishedCallback
 .text.HAL_TIM_TriggerCallback
                0x08000e98        0x2 Drivers\STM32F1xx_HAL_Driver\Src\stm32f1xx_hal_tim.o
                0x08000e98                HAL_TIM_TriggerCallback
 .text.HAL_TIM_IRQHandler
                0x08000e9a      0x17a Drivers\STM32F1xx_HAL_Driver\Src\stm32f1xx_hal_tim.o
                0x08000e9a                HAL_TIM_IRQHandler
 .text.TIM_Base_SetConfig
                0x08001014       0x78 Drivers\STM32F1xx_HAL_Driver\Src\stm32f1xx_hal_tim.o
                0x08001014                TIM_Base_SetConfig
 .text.HAL_TIM_Base_Init
                0x0800108c       0x32 Drivers\STM32F1xx_HAL_Driver\Src\stm32f1xx_hal_tim.o
                0x0800108c                HAL_TIM_Base_Init
 .text.HAL_TIMEx_CommutationCallback
                0x080010be        0x2 Drivers\STM32F1xx_HAL_Driver\Src\stm32f1xx_hal_tim_ex.o
                0x080010be                HAL_TIMEx_CommutationCallback
 .text.HAL_TIMEx_BreakCallback
                0x080010c0        0x2 Drivers\STM32F1xx_HAL_Driver\Src\stm32f1xx_hal_tim_ex.o
                0x080010c0                HAL_TIMEx_BreakCallback
 .text.UART_EndRxTransfer
                0x080010c2       0x1c Drivers\STM32F1xx_HAL_Driver\Src\stm32f1xx_hal_uart.o
 .text.UART_Transmit_IT
                0x080010de       0x6a Drivers\STM32F1xx_HAL_Driver\Src\stm32f1xx_hal_uart.o
 .text.UART_SetConfig
                0x08001148      0x1b0 Drivers\STM32F1xx_HAL_Driver\Src\stm32f1xx_hal_uart.o
 .text.UART_WaitOnFlagUntilTimeout
                0x080012f8       0x64 Drivers\STM32F1xx_HAL_Driver\Src\stm32f1xx_hal_uart.o
 .text.HAL_UART_Init
                0x0800135c       0x5e Drivers\STM32F1xx_HAL_Driver\Src\stm32f1xx_hal_uart.o
                0x0800135c                HAL_UART_Init
 .text.HAL_UART_Transmit
                0x080013ba       0xe2 Drivers\STM32F1xx_HAL_Driver\Src\stm32f1xx_hal_uart.o
                0x080013ba                HAL_UART_Transmit
 .text.HAL_UART_Receive
                0x0800149c       0xe6 Drivers\STM32F1xx_HAL_Driver\Src\stm32f1xx_hal_uart.o
                0x0800149c                HAL_UART_Receive
 .text.HAL_UART_Transmit_IT
                0x08001582       0x48 Drivers\STM32F1xx_HAL_Driver\Src\stm32f1xx_hal_uart.o
                0x08001582                HAL_UART_Transmit_IT
 .text.HAL_UART_Receive_IT
                0x080015ca       0x5c Drivers\STM32F1xx_HAL_Driver\Src\stm32f1xx_hal_uart.o
                0x080015ca                HAL_UART_Receive_IT
 .text.HAL_UART_TxCpltCallback
                0x08001626        0x2 Drivers\STM32F1xx_HAL_Driver\Src\stm32f1xx_hal_uart.o
                0x08001626                HAL_UART_TxCpltCallback
 .text.UART_EndTransmit_IT
                0x08001628       0x1a Drivers\STM32F1xx_HAL_Driver\Src\stm32f1xx_hal_uart.o
 .text.HAL_UART_RxCpltCallback
                0x08001642        0x2 Drivers\STM32F1xx_HAL_Driver\Src\stm32f1xx_hal_uart.o
                0x08001642                HAL_UART_RxCpltCallback
 .text.UART_Receive_IT
                0x08001644       0x9e Drivers\STM32F1xx_HAL_Driver\Src\stm32f1xx_hal_uart.o
 .text.HAL_UART_ErrorCallback
                0x080016e2        0x2 Drivers\STM32F1xx_HAL_Driver\Src\stm32f1xx_hal_uart.o
                0x080016e2                HAL_UART_ErrorCallback
 .text.HAL_UART_IRQHandler
                0x080016e4      0x120 Drivers\STM32F1xx_HAL_Driver\Src\stm32f1xx_hal_uart.o
                0x080016e4                HAL_UART_IRQHandler
 .text.UART_DMAAbortOnError
                0x08001804       0x10 Drivers\STM32F1xx_HAL_Driver\Src\stm32f1xx_hal_uart.o
 .text.HAL_UART_AbortReceiveCpltCallback
                0x08001814        0x2 Drivers\STM32F1xx_HAL_Driver\Src\stm32f1xx_hal_uart.o
                0x08001814                HAL_UART_AbortReceiveCpltCallback
 *fill*         0x08001816        0x2 
 .text.HAL_UART_AbortReceive_IT
                0x08001818       0x6c Drivers\STM32F1xx_HAL_Driver\Src\stm32f1xx_hal_uart.o
                0x08001818                HAL_UART_AbortReceive_IT
 .text.UART_DMARxOnlyAbortCallback
                0x08001884       0x14 Drivers\STM32F1xx_HAL_Driver\Src\stm32f1xx_hal_uart.o
 .text.makeFreeRtosPriority
                0x08001898        0xc Middlewares\Third_Party\FreeRTOS\Source\CMSIS_RTOS\cmsis_os.o
 .text.osKernelStart
                0x080018a4        0xa Middlewares\Third_Party\FreeRTOS\Source\CMSIS_RTOS\cmsis_os.o
                0x080018a4                osKernelStart
 .text.osThreadCreate
                0x080018ae       0x34 Middlewares\Third_Party\FreeRTOS\Source\CMSIS_RTOS\cmsis_os.o
                0x080018ae                osThreadCreate
 .text.osDelay  0x080018e2       0x12 Middlewares\Third_Party\FreeRTOS\Source\CMSIS_RTOS\cmsis_os.o
                0x080018e2                osDelay
 .text.osSystickHandler
                0x080018f4       0x10 Middlewares\Third_Party\FreeRTOS\Source\CMSIS_RTOS\cmsis_os.o
                0x080018f4                osSystickHandler
 .text.vListInitialise
                0x08001904       0x16 Middlewares\Third_Party\FreeRTOS\Source\list.o
                0x08001904                vListInitialise
 .text.vListInitialiseItem
                0x0800191a        0x6 Middlewares\Third_Party\FreeRTOS\Source\list.o
                0x0800191a                vListInitialiseItem
 .text.vListInsertEnd
                0x08001920       0x18 Middlewares\Third_Party\FreeRTOS\Source\list.o
                0x08001920                vListInsertEnd
 .text.vListInsert
                0x08001938       0x34 Middlewares\Third_Party\FreeRTOS\Source\list.o
                0x08001938                vListInsert
 .text.uxListRemove
                0x0800196c       0x26 Middlewares\Third_Party\FreeRTOS\Source\list.o
                0x0800196c                uxListRemove
 *fill*         0x08001992        0x2 
 .text.prvTaskExitError
                0x08001994       0x34 Middlewares\Third_Party\FreeRTOS\Source\portable\GCC\ARM_CM3\port.o
 .text.prvPortStartFirstTask
                0x080019c8       0x20 Middlewares\Third_Party\FreeRTOS\Source\portable\GCC\ARM_CM3\port.o
 .text.pxPortInitialiseStack
                0x080019e8       0x24 Middlewares\Third_Party\FreeRTOS\Source\portable\GCC\ARM_CM3\port.o
                0x080019e8                pxPortInitialiseStack
 *fill*         0x08001a0c        0x4 
 .text.SVC_Handler
                0x08001a10       0x24 Middlewares\Third_Party\FreeRTOS\Source\portable\GCC\ARM_CM3\port.o
                0x08001a10                SVC_Handler
 .text.vPortEnterCritical
                0x08001a34       0x44 Middlewares\Third_Party\FreeRTOS\Source\portable\GCC\ARM_CM3\port.o
                0x08001a34                vPortEnterCritical
 .text.vPortExitCritical
                0x08001a78       0x2c Middlewares\Third_Party\FreeRTOS\Source\portable\GCC\ARM_CM3\port.o
                0x08001a78                vPortExitCritical
 *fill*         0x08001aa4        0xc 
 .text.PendSV_Handler
                0x08001ab0       0x44 Middlewares\Third_Party\FreeRTOS\Source\portable\GCC\ARM_CM3\port.o
                0x08001ab0                PendSV_Handler
 .text.xPortSysTickHandler
                0x08001af4       0x2c Middlewares\Third_Party\FreeRTOS\Source\portable\GCC\ARM_CM3\port.o
                0x08001af4                xPortSysTickHandler
 .text.vPortSetupTimerInterrupt
                0x08001b20       0x2c Middlewares\Third_Party\FreeRTOS\Source\portable\GCC\ARM_CM3\port.o
                0x08001b20                vPortSetupTimerInterrupt
 .text.xPortStartScheduler
                0x08001b4c       0x98 Middlewares\Third_Party\FreeRTOS\Source\portable\GCC\ARM_CM3\port.o
                0x08001b4c                xPortStartScheduler
 .text.prvHeapInit
                0x08001be4       0x68 Middlewares\Third_Party\FreeRTOS\Source\portable\MemMang\heap_4.o
 .text.prvInsertBlockIntoFreeList
                0x08001c4c       0x54 Middlewares\Third_Party\FreeRTOS\Source\portable\MemMang\heap_4.o
 .text.pvPortMalloc
                0x08001ca0      0x108 Middlewares\Third_Party\FreeRTOS\Source\portable\MemMang\heap_4.o
                0x08001ca0                pvPortMalloc
 .text.vPortFree
                0x08001da8       0x70 Middlewares\Third_Party\FreeRTOS\Source\portable\MemMang\heap_4.o
                0x08001da8                vPortFree
 .text.xPortGetFreeHeapSize
                0x08001e18        0xc Middlewares\Third_Party\FreeRTOS\Source\portable\MemMang\heap_4.o
                0x08001e18                xPortGetFreeHeapSize
 .text.prvIsQueueFull
                0x08001e24       0x1e Middlewares\Third_Party\FreeRTOS\Source\queue.o
 .text.prvIsQueueEmpty
                0x08001e42       0x1a Middlewares\Third_Party\FreeRTOS\Source\queue.o
 .text.prvCopyDataToQueue
                0x08001e5c       0x76 Middlewares\Third_Party\FreeRTOS\Source\queue.o
 .text.prvCopyDataFromQueue
                0x08001ed2       0x24 Middlewares\Third_Party\FreeRTOS\Source\queue.o
 .text.prvUnlockQueue
                0x08001ef6       0x6e Middlewares\Third_Party\FreeRTOS\Source\queue.o
 .text.xQueueGenericReset
                0x08001f64       0x80 Middlewares\Third_Party\FreeRTOS\Source\queue.o
                0x08001f64                xQueueGenericReset
 .text.prvInitialiseNewQueue
                0x08001fe4       0x1c Middlewares\Third_Party\FreeRTOS\Source\queue.o
 .text.xQueueGenericCreate
                0x08002000       0x48 Middlewares\Third_Party\FreeRTOS\Source\queue.o
                0x08002000                xQueueGenericCreate
 .text.xQueueGenericSend
                0x08002048      0x188 Middlewares\Third_Party\FreeRTOS\Source\queue.o
                0x08002048                xQueueGenericSend
 .text.xQueueGenericReceive
                0x080021d0      0x1b0 Middlewares\Third_Party\FreeRTOS\Source\queue.o
                0x080021d0                xQueueGenericReceive
 .text.prvTaskCheckFreeStackSpace
                0x08002380       0x14 Middlewares\Third_Party\FreeRTOS\Source\tasks.o
 .text.prvResetNextTaskUnblockTime
                0x08002394       0x34 Middlewares\Third_Party\FreeRTOS\Source\tasks.o
 .text.prvDeleteTCB
                0x080023c8       0x12 Middlewares\Third_Party\FreeRTOS\Source\tasks.o
 .text.prvInitialiseNewTask
                0x080023da       0x90 Middlewares\Third_Party\FreeRTOS\Source\tasks.o
 *fill*         0x0800246a        0x2 
 .text.prvInitialiseTaskLists
                0x0800246c       0x68 Middlewares\Third_Party\FreeRTOS\Source\tasks.o
 .text.prvAddNewTaskToReadyList
                0x080024d4       0xa8 Middlewares\Third_Party\FreeRTOS\Source\tasks.o
 .text.prvAddCurrentTaskToDelayedList
                0x0800257c       0x98 Middlewares\Third_Party\FreeRTOS\Source\tasks.o
 .text.xTaskCreate
                0x08002614       0x62 Middlewares\Third_Party\FreeRTOS\Source\tasks.o
                0x08002614                xTaskCreate
 *fill*         0x08002676        0x2 
 .text.vTaskStartScheduler
                0x08002678       0x7c Middlewares\Third_Party\FreeRTOS\Source\tasks.o
                0x08002678                vTaskStartScheduler
 .text.vTaskSuspendAll
                0x080026f4       0x10 Middlewares\Third_Party\FreeRTOS\Source\tasks.o
                0x080026f4                vTaskSuspendAll
 .text.xTaskGetTickCount
                0x08002704        0xc Middlewares\Third_Party\FreeRTOS\Source\tasks.o
                0x08002704                xTaskGetTickCount
 .text.xTaskIncrementTick
                0x08002710      0x120 Middlewares\Third_Party\FreeRTOS\Source\tasks.o
                0x08002710                xTaskIncrementTick
 .text.xTaskResumeAll
                0x08002830       0xfc Middlewares\Third_Party\FreeRTOS\Source\tasks.o
                0x08002830                xTaskResumeAll
 .text.vTaskDelay
                0x0800292c       0x50 Middlewares\Third_Party\FreeRTOS\Source\tasks.o
                0x0800292c                vTaskDelay
 .text.prvCheckTasksWaitingTermination
                0x0800297c       0x5c Middlewares\Third_Party\FreeRTOS\Source\tasks.o
 .text.prvIdleTask
                0x080029d8       0x28 Middlewares\Third_Party\FreeRTOS\Source\tasks.o
 .text.vTaskSwitchContext
                0x08002a00       0x98 Middlewares\Third_Party\FreeRTOS\Source\tasks.o
                0x08002a00                vTaskSwitchContext
 .text.vTaskPlaceOnEventList
                0x08002a98       0x30 Middlewares\Third_Party\FreeRTOS\Source\tasks.o
                0x08002a98                vTaskPlaceOnEventList
 .text.xTaskRemoveFromEventList
                0x08002ac8       0x8c Middlewares\Third_Party\FreeRTOS\Source\tasks.o
                0x08002ac8                xTaskRemoveFromEventList
 .text.vTaskSetTimeOutState
                0x08002b54       0x2c Middlewares\Third_Party\FreeRTOS\Source\tasks.o
                0x08002b54                vTaskSetTimeOutState
 .text.xTaskCheckForTimeOut
                0x08002b80       0x80 Middlewares\Third_Party\FreeRTOS\Source\tasks.o
                0x08002b80                xTaskCheckForTimeOut
 .text.vTaskMissedYield
                0x08002c00        0xc Middlewares\Third_Party\FreeRTOS\Source\tasks.o
                0x08002c00                vTaskMissedYield
 .text.uxTaskGetStackHighWaterMark
                0x08002c0c       0x18 Middlewares\Third_Party\FreeRTOS\Source\tasks.o
                0x08002c0c                uxTaskGetStackHighWaterMark
 .text.xTaskGetSchedulerState
                0x08002c24       0x20 Middlewares\Third_Party\FreeRTOS\Source\tasks.o
                0x08002c24                xTaskGetSchedulerState
 .text.vTaskPriorityInherit
                0x08002c44       0xa4 Middlewares\Third_Party\FreeRTOS\Source\tasks.o
                0x08002c44                vTaskPriorityInherit
 .text.xTaskPriorityDisinherit
                0x08002ce8       0xb4 Middlewares\Third_Party\FreeRTOS\Source\tasks.o
                0x08002ce8                xTaskPriorityDisinherit
 .text.pvTaskIncrementMutexHeldCount
                0x08002d9c       0x1c Middlewares\Third_Party\FreeRTOS\Source\tasks.o
                0x08002d9c                pvTaskIncrementMutexHeldCount
 .text.callHandler
                0x08002db8        0xc Src\Logic.o
 .text.doorHandler
                0x08002dc4       0x14 Src\Logic.o
 .text.checkPassword
                0x08002dd8       0xb0 Src\Logic.o
 .text.CallingProcessing
                0x08002e88       0xa8 Src\Logic.o
 .text.signalProc
                0x08002f30      0x17c Src\Logic.o
 .text.LogicTask
                0x080030ac       0x80 Src\Logic.o
 .text.buttonHandler
                0x0800312c       0x28 Src\Logic.o
 .text.Logic_InitEverything
                0x08003154      0x12c Src\Logic.o
                0x08003154                Logic_InitEverything
 .text.Logic_PauseSignalisation
                0x08003280        0xc Src\Logic.o
                0x08003280                Logic_PauseSignalisation
 .text.Logic_Reboot
                0x0800328c        0xc Src\Logic.o
                0x0800328c                Logic_Reboot
 .text.flush_rx
                0x08003298       0x14 Src\esp8266.o
 .text.send_command
                0x080032ac       0x54 Src\esp8266.o
 .text.ESPtask  0x08003300      0x3a4 Src\esp8266.o
 .text.esp_init
                0x080036a4       0x38 Src\esp8266.o
                0x080036a4                esp_init
 .text.Crc8     0x080036dc       0x3c Src\flash.o
 .text.halFlash_WritePage
                0x08003718       0x86 Src\flash.o
 .text.halFlash_ReadPage
                0x0800379e       0x26 Src\flash.o
 .text.Flash_WriteSetup
                0x080037c4       0x20 Src\flash.o
                0x080037c4                Flash_WriteSetup
 .text.Flash_ReadSetup
                0x080037e4       0x3a Src\flash.o
                0x080037e4                Flash_ReadSetup
 .text.Flash_WriteSignalState
                0x0800381e       0x1c Src\flash.o
                0x0800381e                Flash_WriteSignalState
 .text.Flash_ReadSignalState
                0x0800383a       0x36 Src\flash.o
                0x0800383a                Flash_ReadSignalState
 .text.Flash_Init
                0x08003870       0x44 Src\flash.o
                0x08003870                Flash_Init
 .text.StartDefaultTask
                0x080038b4        0xa Src\freertos.o
                0x080038b4                StartDefaultTask
 *fill*         0x080038be        0x2 
 .text.MX_FREERTOS_Init
                0x080038c0       0x28 Src\freertos.o
                0x080038c0                MX_FREERTOS_Init
 .text.MX_GPIO_Init
                0x080038e8      0x134 Src\gpio.o
                0x080038e8                MX_GPIO_Init
 .text.flush_rx
                0x08003a1c       0x1c Src\gsm_m950e.o
 .text.modem_init
                0x08003a38       0xa0 Src\gsm_m950e.o
 .text.modem_run
                0x08003ad8      0x358 Src\gsm_m950e.o
 .text.gsm_task
                0x08003e30       0x6c Src\gsm_m950e.o
 .text.gsm_init
                0x08003e9c       0x54 Src\gsm_m950e.o
                0x08003e9c                gsm_init
 .text.ToggleModem
                0x08003ef0       0x28 Src\gsm_m950e.o
                0x08003ef0                ToggleModem
 .text.CallToNumber
                0x08003f18       0x3c Src\gsm_m950e.o
                0x08003f18                CallToNumber
 .text.GetCallingState
                0x08003f54        0xc Src\gsm_m950e.o
                0x08003f54                GetCallingState
 .text.AddTrustedPhones
                0x08003f60       0x50 Src\gsm_m950e.o
                0x08003f60                AddTrustedPhones
 .text.MonitorIncommingCalls
                0x08003fb0       0x2c Src\gsm_m950e.o
                0x08003fb0                MonitorIncommingCalls
 .text.buzzer_run
                0x08003fdc       0xfc Src\io.o
 .text.button_run
                0x080040d8      0x150 Src\io.o
 .text.door_run
                0x08004228       0x88 Src\io.o
 .text.ssi_run  0x080042b0      0x148 Src\io.o
 .text.io_handler
                0x080043f8       0x1a Src\io.o
 *fill*         0x08004412        0x2 
 .text.io_init  0x08004414       0x9c Src\io.o
                0x08004414                io_init
 .text.Buzzer_ContinuouslyBeep
                0x080044b0       0x1c Src\io.o
                0x080044b0                Buzzer_ContinuouslyBeep
 .text.Buzzer_SomeBeeps
                0x080044cc       0x24 Src\io.o
                0x080044cc                Buzzer_SomeBeeps
 .text.TestTask
                0x080044f0       0x58 Src\main.o
                0x080044f0                TestTask
 .text.HAL_TIM_PeriodElapsedCallback
                0x08004548       0x18 Src\main.o
                0x08004548                HAL_TIM_PeriodElapsedCallback
 .text._Error_Handler
                0x08004560        0x2 Src\main.o
                0x08004560                _Error_Handler
 *fill*         0x08004562        0x2 
 .text.SystemClock_Config
                0x08004564       0x84 Src\main.o
                0x08004564                SystemClock_Config
 .text.main     0x080045e8       0x40 Src\main.o
                0x080045e8                main
 .text.HAL_MspInit
                0x08004628       0x90 Src\stm32f1xx_hal_msp.o
                0x08004628                HAL_MspInit
 .text.HAL_InitTick
                0x080046b8       0x78 Src\stm32f1xx_hal_timebase_TIM.o
                0x080046b8                HAL_InitTick
 .text.NMI_Handler
                0x08004730        0x2 Src\stm32f1xx_it.o
                0x08004730                NMI_Handler
 .text.HardFault_Handler
                0x08004732        0x2 Src\stm32f1xx_it.o
                0x08004732                HardFault_Handler
 .text.MemManage_Handler
                0x08004734        0x2 Src\stm32f1xx_it.o
                0x08004734                MemManage_Handler
 .text.BusFault_Handler
                0x08004736        0x2 Src\stm32f1xx_it.o
                0x08004736                BusFault_Handler
 .text.UsageFault_Handler
                0x08004738        0x2 Src\stm32f1xx_it.o
                0x08004738                UsageFault_Handler
 .text.DebugMon_Handler
                0x0800473a        0x2 Src\stm32f1xx_it.o
                0x0800473a                DebugMon_Handler
 .text.SysTick_Handler
                0x0800473c        0x8 Src\stm32f1xx_it.o
                0x0800473c                SysTick_Handler
 .text.TIM1_UP_IRQHandler
                0x08004744       0x10 Src\stm32f1xx_it.o
                0x08004744                TIM1_UP_IRQHandler
 .text.USART2_IRQHandler
                0x08004754       0x10 Src\stm32f1xx_it.o
                0x08004754                USART2_IRQHandler
 .text.USART3_IRQHandler
                0x08004764       0x10 Src\stm32f1xx_it.o
                0x08004764                USART3_IRQHandler
 .text.SystemInit
                0x08004774       0x4c Src\system_stm32f1xx.o
                0x08004774                SystemInit
 .text.MX_USART2_UART_Init
                0x080047c0       0x3c Src\usart.o
                0x080047c0                MX_USART2_UART_Init
 .text.MX_USART3_UART_Init
                0x080047fc       0x3c Src\usart.o
                0x080047fc                MX_USART3_UART_Init
 .text.HAL_UART_MspInit
                0x08004838       0xcc Src\usart.o
                0x08004838                HAL_UART_MspInit
 .text.Reset_Handler
                0x08004904       0x48 startup\startup_stm32f103xb.o
                0x08004904                Reset_Handler
 .text.Default_Handler
                0x0800494c        0x2 startup\startup_stm32f103xb.o
                0x0800494c                RTC_Alarm_IRQHandler
                0x0800494c                EXTI2_IRQHandler
                0x0800494c                TIM1_CC_IRQHandler
                0x0800494c                PVD_IRQHandler
                0x0800494c                EXTI3_IRQHandler
                0x0800494c                EXTI0_IRQHandler
                0x0800494c                I2C2_EV_IRQHandler
                0x0800494c                ADC1_2_IRQHandler
                0x0800494c                SPI1_IRQHandler
                0x0800494c                TAMPER_IRQHandler
                0x0800494c                DMA1_Channel4_IRQHandler
                0x0800494c                RTC_IRQHandler
                0x0800494c                DMA1_Channel7_IRQHandler
                0x0800494c                CAN1_RX1_IRQHandler
                0x0800494c                TIM4_IRQHandler
                0x0800494c                I2C1_EV_IRQHandler
                0x0800494c                DMA1_Channel6_IRQHandler
                0x0800494c                TIM3_IRQHandler
                0x0800494c                RCC_IRQHandler
                0x0800494c                TIM1_TRG_COM_IRQHandler
                0x0800494c                DMA1_Channel1_IRQHandler
                0x0800494c                Default_Handler
                0x0800494c                EXTI15_10_IRQHandler
                0x0800494c                EXTI9_5_IRQHandler
                0x0800494c                SPI2_IRQHandler
                0x0800494c                DMA1_Channel5_IRQHandler
                0x0800494c                EXTI4_IRQHandler
                0x0800494c                USB_LP_CAN1_RX0_IRQHandler
                0x0800494c                USB_HP_CAN1_TX_IRQHandler
                0x0800494c                DMA1_Channel3_IRQHandler
                0x0800494c                WWDG_IRQHandler
                0x0800494c                TIM2_IRQHandler
                0x0800494c                TIM1_BRK_IRQHandler
                0x0800494c                EXTI1_IRQHandler
                0x0800494c                I2C2_ER_IRQHandler
                0x0800494c                DMA1_Channel2_IRQHandler
                0x0800494c                CAN1_SCE_IRQHandler
                0x0800494c                FLASH_IRQHandler
                0x0800494c                USART1_IRQHandler
                0x0800494c                I2C1_ER_IRQHandler
                0x0800494c                USBWakeUp_IRQHandler
 *fill*         0x0800494e        0x2 
 .text.__libc_init_array
                0x08004950       0x48 c:/program files (x86)/atollic/truestudio for stm32 9.0.1/armtools/bin/../lib/gcc/arm-atollic-eabi/6.3.1/../../../../arm-atollic-eabi/lib/armv7-m\libc_nano.a(lib_a-init.o)
                0x08004950                __libc_init_array
 .text.memcpy   0x08004998       0x16 c:/program files (x86)/atollic/truestudio for stm32 9.0.1/armtools/bin/../lib/gcc/arm-atollic-eabi/6.3.1/../../../../arm-atollic-eabi/lib/armv7-m\libc_nano.a(lib_a-memcpy-stub.o)
                0x08004998                memcpy
 .text.memset   0x080049ae       0x10 c:/program files (x86)/atollic/truestudio for stm32 9.0.1/armtools/bin/../lib/gcc/arm-atollic-eabi/6.3.1/../../../../arm-atollic-eabi/lib/armv7-m\libc_nano.a(lib_a-memset.o)
                0x080049ae                memset
 *fill*         0x080049be        0x2 
 .text.sprintf  0x080049c0       0x48 c:/program files (x86)/atollic/truestudio for stm32 9.0.1/armtools/bin/../lib/gcc/arm-atollic-eabi/6.3.1/../../../../arm-atollic-eabi/lib/armv7-m\libc_nano.a(lib_a-sprintf.o)
                0x080049c0                siprintf
                0x080049c0                sprintf
 .text.sscanf   0x08004a08       0x54 c:/program files (x86)/atollic/truestudio for stm32 9.0.1/armtools/bin/../lib/gcc/arm-atollic-eabi/6.3.1/../../../../arm-atollic-eabi/lib/armv7-m\libc_nano.a(lib_a-sscanf.o)
                0x08004a08                siscanf
                0x08004a08                sscanf
 .text.__seofread
                0x08004a5c        0x4 c:/program files (x86)/atollic/truestudio for stm32 9.0.1/armtools/bin/../lib/gcc/arm-atollic-eabi/6.3.1/../../../../arm-atollic-eabi/lib/armv7-m\libc_nano.a(lib_a-stdio.o)
                0x08004a5c                __seofread
 .text.strchr   0x08004a60       0x1c c:/program files (x86)/atollic/truestudio for stm32 9.0.1/armtools/bin/../lib/gcc/arm-atollic-eabi/6.3.1/../../../../arm-atollic-eabi/lib/armv7-m\libc_nano.a(lib_a-strchr.o)
                0x08004a60                strchr
 .text.strcpy   0x08004a7c       0x10 c:/program files (x86)/atollic/truestudio for stm32 9.0.1/armtools/bin/../lib/gcc/arm-atollic-eabi/6.3.1/../../../../arm-atollic-eabi/lib/armv7-m\libc_nano.a(lib_a-strcpy.o)
                0x08004a7c                strcpy
 .text.strstr   0x08004a8c       0x36 c:/program files (x86)/atollic/truestudio for stm32 9.0.1/armtools/bin/../lib/gcc/arm-atollic-eabi/6.3.1/../../../../arm-atollic-eabi/lib/armv7-m\libc_nano.a(lib_a-strstr.o)
                0x08004a8c                strstr
 .text.__ssputs_r
                0x08004ac2       0xb6 c:/program files (x86)/atollic/truestudio for stm32 9.0.1/armtools/bin/../lib/gcc/arm-atollic-eabi/6.3.1/../../../../arm-atollic-eabi/lib/armv7-m\libc_nano.a(lib_a-nano-svfprintf.o)
                0x08004ac2                __ssputs_r
 .text._svfprintf_r
                0x08004b78      0x1e8 c:/program files (x86)/atollic/truestudio for stm32 9.0.1/armtools/bin/../lib/gcc/arm-atollic-eabi/6.3.1/../../../../arm-atollic-eabi/lib/armv7-m\libc_nano.a(lib_a-nano-svfprintf.o)
                0x08004b78                _svfiprintf_r
                0x08004b78                _svfprintf_r
 .text._sungetc_r
                0x08004d60       0x7a c:/program files (x86)/atollic/truestudio for stm32 9.0.1/armtools/bin/../lib/gcc/arm-atollic-eabi/6.3.1/../../../../arm-atollic-eabi/lib/armv7-m\libc_nano.a(lib_a-nano-svfscanf.o)
                0x08004d60                _sungetc_r
 .text.__ssrefill_r
                0x08004dda       0x3a c:/program files (x86)/atollic/truestudio for stm32 9.0.1/armtools/bin/../lib/gcc/arm-atollic-eabi/6.3.1/../../../../arm-atollic-eabi/lib/armv7-m\libc_nano.a(lib_a-nano-svfscanf.o)
                0x08004dda                __ssrefill_r
 .text.__ssvfscanf_r
                0x08004e14      0x2a8 c:/program files (x86)/atollic/truestudio for stm32 9.0.1/armtools/bin/../lib/gcc/arm-atollic-eabi/6.3.1/../../../../arm-atollic-eabi/lib/armv7-m\libc_nano.a(lib_a-nano-svfscanf.o)
                0x08004e14                __ssvfiscanf_r
                0x08004e14                __ssvfscanf_r
 .text._printf_common
                0x080050bc       0xee c:/program files (x86)/atollic/truestudio for stm32 9.0.1/armtools/bin/../lib/gcc/arm-atollic-eabi/6.3.1/../../../../arm-atollic-eabi/lib/armv7-m\libc_nano.a(lib_a-nano-vfprintf_i.o)
                0x080050bc                _printf_common
 *fill*         0x080051aa        0x2 
 .text._printf_i
                0x080051ac      0x240 c:/program files (x86)/atollic/truestudio for stm32 9.0.1/armtools/bin/../lib/gcc/arm-atollic-eabi/6.3.1/../../../../arm-atollic-eabi/lib/armv7-m\libc_nano.a(lib_a-nano-vfprintf_i.o)
                0x080051ac                _printf_i
 .text._scanf_chars
                0x080053ec       0xc6 c:/program files (x86)/atollic/truestudio for stm32 9.0.1/armtools/bin/../lib/gcc/arm-atollic-eabi/6.3.1/../../../../arm-atollic-eabi/lib/armv7-m\libc_nano.a(lib_a-nano-vfscanf_i.o)
                0x080053ec                _scanf_chars
 *fill*         0x080054b2        0x2 
 .text._scanf_i
                0x080054b4      0x1ec c:/program files (x86)/atollic/truestudio for stm32 9.0.1/armtools/bin/../lib/gcc/arm-atollic-eabi/6.3.1/../../../../arm-atollic-eabi/lib/armv7-m\libc_nano.a(lib_a-nano-vfscanf_i.o)
                0x080054b4                _scanf_i
 .text.__sccl   0x080056a0       0x5e c:/program files (x86)/atollic/truestudio for stm32 9.0.1/armtools/bin/../lib/gcc/arm-atollic-eabi/6.3.1/../../../../arm-atollic-eabi/lib/armv7-m\libc_nano.a(lib_a-sccl.o)
                0x080056a0                __sccl
 .text._strtol_l.isra.0
                0x080056fe      0x100 c:/program files (x86)/atollic/truestudio for stm32 9.0.1/armtools/bin/../lib/gcc/arm-atollic-eabi/6.3.1/../../../../arm-atollic-eabi/lib/armv7-m\libc_nano.a(lib_a-strtol.o)
 *fill*         0x080057fe        0x2 
 .text._strtol_r
                0x08005800       0x24 c:/program files (x86)/atollic/truestudio for stm32 9.0.1/armtools/bin/../lib/gcc/arm-atollic-eabi/6.3.1/../../../../arm-atollic-eabi/lib/armv7-m\libc_nano.a(lib_a-strtol.o)
                0x08005800                _strtol_r
 .text._strtoul_l.isra.0
                0x08005824       0xfa c:/program files (x86)/atollic/truestudio for stm32 9.0.1/armtools/bin/../lib/gcc/arm-atollic-eabi/6.3.1/../../../../arm-atollic-eabi/lib/armv7-m\libc_nano.a(lib_a-strtoul.o)
 *fill*         0x0800591e        0x2 
 .text._strtoul_r
                0x08005920       0x24 c:/program files (x86)/atollic/truestudio for stm32 9.0.1/armtools/bin/../lib/gcc/arm-atollic-eabi/6.3.1/../../../../arm-atollic-eabi/lib/armv7-m\libc_nano.a(lib_a-strtoul.o)
                0x08005920                _strtoul_r
 .text.__submore
                0x08005944       0x72 c:/program files (x86)/atollic/truestudio for stm32 9.0.1/armtools/bin/../lib/gcc/arm-atollic-eabi/6.3.1/../../../../arm-atollic-eabi/lib/armv7-m\libc_nano.a(lib_a-ungetc.o)
                0x08005944                __submore
 .text.__locale_ctype_ptr_l
                0x080059b6        0x6 c:/program files (x86)/atollic/truestudio for stm32 9.0.1/armtools/bin/../lib/gcc/arm-atollic-eabi/6.3.1/../../../../arm-atollic-eabi/lib/armv7-m\libc_nano.a(lib_a-locale.o)
                0x080059b6                __locale_ctype_ptr_l
 .text.__locale_ctype_ptr
                0x080059bc       0x1c c:/program files (x86)/atollic/truestudio for stm32 9.0.1/armtools/bin/../lib/gcc/arm-atollic-eabi/6.3.1/../../../../arm-atollic-eabi/lib/armv7-m\libc_nano.a(lib_a-locale.o)
                0x080059bc                __locale_ctype_ptr
 .text.__ascii_mbtowc
                0x080059d8       0x24 c:/program files (x86)/atollic/truestudio for stm32 9.0.1/armtools/bin/../lib/gcc/arm-atollic-eabi/6.3.1/../../../../arm-atollic-eabi/lib/armv7-m\libc_nano.a(lib_a-mbtowc_r.o)
                0x080059d8                __ascii_mbtowc
 .text.memchr   0x080059fc       0x1c c:/program files (x86)/atollic/truestudio for stm32 9.0.1/armtools/bin/../lib/gcc/arm-atollic-eabi/6.3.1/../../../../arm-atollic-eabi/lib/armv7-m\libc_nano.a(lib_a-memchr-stub.o)
                0x080059fc                memchr
 .text.memmove  0x08005a18       0x34 c:/program files (x86)/atollic/truestudio for stm32 9.0.1/armtools/bin/../lib/gcc/arm-atollic-eabi/6.3.1/../../../../arm-atollic-eabi/lib/armv7-m\libc_nano.a(lib_a-memmove.o)
                0x08005a18                memmove
 .text._free_r  0x08005a4c       0x98 c:/program files (x86)/atollic/truestudio for stm32 9.0.1/armtools/bin/../lib/gcc/arm-atollic-eabi/6.3.1/../../../../arm-atollic-eabi/lib/armv7-m\libc_nano.a(lib_a-nano-freer.o)
                0x08005a4c                _free_r
 .text._malloc_r
                0x08005ae4       0xbc c:/program files (x86)/atollic/truestudio for stm32 9.0.1/armtools/bin/../lib/gcc/arm-atollic-eabi/6.3.1/../../../../arm-atollic-eabi/lib/armv7-m\libc_nano.a(lib_a-nano-mallocr.o)
                0x08005ae4                _malloc_r
 .text._realloc_r
                0x08005ba0       0x4c c:/program files (x86)/atollic/truestudio for stm32 9.0.1/armtools/bin/../lib/gcc/arm-atollic-eabi/6.3.1/../../../../arm-atollic-eabi/lib/armv7-m\libc_nano.a(lib_a-nano-reallocr.o)
                0x08005ba0                _realloc_r
 .text._sbrk_r  0x08005bec       0x20 c:/program files (x86)/atollic/truestudio for stm32 9.0.1/armtools/bin/../lib/gcc/arm-atollic-eabi/6.3.1/../../../../arm-atollic-eabi/lib/armv7-m\libc_nano.a(lib_a-sbrkr.o)
                0x08005bec                _sbrk_r
 .text.__ascii_wctomb
                0x08005c0c       0x1a c:/program files (x86)/atollic/truestudio for stm32 9.0.1/armtools/bin/../lib/gcc/arm-atollic-eabi/6.3.1/../../../../arm-atollic-eabi/lib/armv7-m\libc_nano.a(lib_a-wctomb_r.o)
                0x08005c0c                __ascii_wctomb
 .text.__malloc_lock
                0x08005c26        0x2 c:/program files (x86)/atollic/truestudio for stm32 9.0.1/armtools/bin/../lib/gcc/arm-atollic-eabi/6.3.1/../../../../arm-atollic-eabi/lib/armv7-m\libc_nano.a(lib_a-mlock.o)
                0x08005c26                __malloc_lock
 .text.__malloc_unlock
                0x08005c28        0x2 c:/program files (x86)/atollic/truestudio for stm32 9.0.1/armtools/bin/../lib/gcc/arm-atollic-eabi/6.3.1/../../../../arm-atollic-eabi/lib/armv7-m\libc_nano.a(lib_a-mlock.o)
                0x08005c28                __malloc_unlock
 .text._malloc_usable_size_r
                0x08005c2a       0x12 c:/program files (x86)/atollic/truestudio for stm32 9.0.1/armtools/bin/../lib/gcc/arm-atollic-eabi/6.3.1/../../../../arm-atollic-eabi/lib/armv7-m\libc_nano.a(lib_a-nano-msizer.o)
                0x08005c2a                _malloc_usable_size_r
 .text._sbrk    0x08005c3c       0x1c c:/program files (x86)/atollic/truestudio for stm32 9.0.1/armtools/bin/../lib/gcc/arm-atollic-eabi/6.3.1/../../../../arm-atollic-eabi/lib/armv7-m\libnosys.a(sbrk.o)
                0x08005c3c                _sbrk
 *(.glue_7)
 .glue_7        0x08005c58        0x0 linker stubs
 *(.glue_7t)
 .glue_7t       0x08005c58        0x0 linker stubs
 *(.eh_frame)
 .eh_frame      0x08005c58        0x0 c:/program files (x86)/atollic/truestudio for stm32 9.0.1/armtools/bin/../lib/gcc/arm-atollic-eabi/6.3.1/armv7-m/crtbegin.o
 *(.init)
 .init          0x08005c58        0x4 c:/program files (x86)/atollic/truestudio for stm32 9.0.1/armtools/bin/../lib/gcc/arm-atollic-eabi/6.3.1/armv7-m/crti.o
                0x08005c58                _init
 .init          0x08005c5c        0x8 c:/program files (x86)/atollic/truestudio for stm32 9.0.1/armtools/bin/../lib/gcc/arm-atollic-eabi/6.3.1/armv7-m/crtn.o
 *(.fini)
 .fini          0x08005c64        0x4 c:/program files (x86)/atollic/truestudio for stm32 9.0.1/armtools/bin/../lib/gcc/arm-atollic-eabi/6.3.1/armv7-m/crti.o
                0x08005c64                _fini
 .fini          0x08005c68        0x8 c:/program files (x86)/atollic/truestudio for stm32 9.0.1/armtools/bin/../lib/gcc/arm-atollic-eabi/6.3.1/armv7-m/crtn.o
                0x08005c70                . = ALIGN (0x4)
                0x08005c70                _etext = .

.vfp11_veneer   0x08005c70        0x0
 .vfp11_veneer  0x08005c70        0x0 linker stubs

.v4_bx          0x08005c70        0x0
 .v4_bx         0x08005c70        0x0 linker stubs

.iplt           0x08005c70        0x0
 .iplt          0x08005c70        0x0 c:/program files (x86)/atollic/truestudio for stm32 9.0.1/armtools/bin/../lib/gcc/arm-atollic-eabi/6.3.1/armv7-m/crtbegin.o

.rodata         0x08005c70      0x4b0
                0x08005c70                . = ALIGN (0x4)
 *(.rodata)
 .rodata        0x08005c70       0x12 Drivers\STM32F1xx_HAL_Driver\Src\stm32f1xx_hal_rcc.o
 *fill*         0x08005c82        0x2 
 .rodata        0x08005c84       0x4c Src\flash.o
 .rodata        0x08005cd0       0x14 Src\freertos.o
 .rodata        0x08005ce4        0xc c:/program files (x86)/atollic/truestudio for stm32 9.0.1/armtools/bin/../lib/gcc/arm-atollic-eabi/6.3.1/../../../../arm-atollic-eabi/lib/armv7-m\libc_nano.a(lib_a-nano-vfscanf_i.o)
 *(.rodata*)
 .rodata.vTaskStartScheduler.str1.4
                0x08005cf0        0x5 Middlewares\Third_Party\FreeRTOS\Source\tasks.o
 *fill*         0x08005cf5        0x3 
 .rodata.Logic_InitEverything.str1.4
                0x08005cf8        0xb Src\Logic.o
 *fill*         0x08005d03        0x1 
 .rodata.ESPtask.str1.4
                0x08005d04       0xcc Src\esp8266.o
 .rodata.esp_commands
                0x08005dd0       0xf0 Src\esp8266.o
 .rodata.esp_init.str1.4
                0x08005ec0        0x9 Src\esp8266.o
 *fill*         0x08005ec9        0x3 
 .rodata.str1.4
                0x08005ecc        0xc Src\freertos.o
 .rodata.AddTrustedPhones.str1.4
                0x08005ed8        0x4 Src\gsm_m950e.o
 .rodata.CallToNumber.str1.4
                0x08005edc        0xa Src\gsm_m950e.o
 *fill*         0x08005ee6        0x2 
 .rodata.gsm_init.str1.4
                0x08005ee8        0x9 Src\gsm_m950e.o
 *fill*         0x08005ef1        0x3 
 .rodata.modem_run.str1.4
                0x08005ef4       0x1d Src\gsm_m950e.o
 *fill*         0x08005f11        0x3 
 .rodata.io_init.str1.4
                0x08005f14        0xb Src\io.o
 *fill*         0x08005f1f        0x1 
 .rodata.SystemClock_Config.str1.4
                0x08005f20        0xe Src\main.o
 *fill*         0x08005f2e        0x2 
 .rodata.main.str1.4
                0x08005f30        0xa Src\main.o
 *fill*         0x08005f3a        0x2 
 .rodata.AHBPrescTable
                0x08005f3c       0x10 Src\system_stm32f1xx.o
                0x08005f3c                AHBPrescTable
 .rodata.APBPrescTable
                0x08005f4c        0x8 Src\system_stm32f1xx.o
                0x08005f4c                APBPrescTable
 .rodata.MX_USART2_UART_Init.str1.4
                0x08005f54       0x10 Src\usart.o
                                  0xf (size before relaxing)
 .rodata._svfprintf_r.str1.1
                0x08005f64       0x11 c:/program files (x86)/atollic/truestudio for stm32 9.0.1/armtools/bin/../lib/gcc/arm-atollic-eabi/6.3.1/../../../../arm-atollic-eabi/lib/armv7-m\libc_nano.a(lib_a-nano-svfprintf.o)
 .rodata.__ssvfscanf_r.str1.1
                0x08005f75        0x4 c:/program files (x86)/atollic/truestudio for stm32 9.0.1/armtools/bin/../lib/gcc/arm-atollic-eabi/6.3.1/../../../../arm-atollic-eabi/lib/armv7-m\libc_nano.a(lib_a-nano-svfscanf.o)
 .rodata._printf_i.str1.1
                0x08005f75       0x22 c:/program files (x86)/atollic/truestudio for stm32 9.0.1/armtools/bin/../lib/gcc/arm-atollic-eabi/6.3.1/../../../../arm-atollic-eabi/lib/armv7-m\libc_nano.a(lib_a-nano-vfprintf_i.o)
 .rodata._scanf_i.str1.1
                0x08005f97       0x12 c:/program files (x86)/atollic/truestudio for stm32 9.0.1/armtools/bin/../lib/gcc/arm-atollic-eabi/6.3.1/../../../../arm-atollic-eabi/lib/armv7-m\libc_nano.a(lib_a-nano-vfscanf_i.o)
 .rodata.str1.1
                0x08005fa9        0x9 c:/program files (x86)/atollic/truestudio for stm32 9.0.1/armtools/bin/../lib/gcc/arm-atollic-eabi/6.3.1/../../../../arm-atollic-eabi/lib/armv7-m\libc_nano.a(lib_a-nano-vfscanf_i.o)
 *fill*         0x08005fb2        0x2 
 .rodata.__sf_fake_stderr
                0x08005fb4       0x20 c:/program files (x86)/atollic/truestudio for stm32 9.0.1/armtools/bin/../lib/gcc/arm-atollic-eabi/6.3.1/../../../../arm-atollic-eabi/lib/armv7-m\libc_nano.a(lib_a-findfp.o)
                0x08005fb4                __sf_fake_stderr
 .rodata.__sf_fake_stdin
                0x08005fd4       0x20 c:/program files (x86)/atollic/truestudio for stm32 9.0.1/armtools/bin/../lib/gcc/arm-atollic-eabi/6.3.1/../../../../arm-atollic-eabi/lib/armv7-m\libc_nano.a(lib_a-findfp.o)
                0x08005fd4                __sf_fake_stdin
 .rodata.__sf_fake_stdout
                0x08005ff4       0x20 c:/program files (x86)/atollic/truestudio for stm32 9.0.1/armtools/bin/../lib/gcc/arm-atollic-eabi/6.3.1/../../../../arm-atollic-eabi/lib/armv7-m\libc_nano.a(lib_a-findfp.o)
                0x08005ff4                __sf_fake_stdout
 .rodata._setlocale_r.str1.1
                0x08006014        0x8 c:/program files (x86)/atollic/truestudio for stm32 9.0.1/armtools/bin/../lib/gcc/arm-atollic-eabi/6.3.1/../../../../arm-atollic-eabi/lib/armv7-m\libc_nano.a(lib_a-locale.o)
                                  0x9 (size before relaxing)
 .rodata.str1.1
                0x0800601c        0x2 c:/program files (x86)/atollic/truestudio for stm32 9.0.1/armtools/bin/../lib/gcc/arm-atollic-eabi/6.3.1/../../../../arm-atollic-eabi/lib/armv7-m\libc_nano.a(lib_a-locale.o)
 .rodata._ctype_
                0x0800601e      0x101 c:/program files (x86)/atollic/truestudio for stm32 9.0.1/armtools/bin/../lib/gcc/arm-atollic-eabi/6.3.1/../../../../arm-atollic-eabi/lib/armv7-m\libc_nano.a(lib_a-ctype_.o)
                0x0800601e                _ctype_
                0x08006120                . = ALIGN (0x4)
 *fill*         0x0800611f        0x1 

.rel.dyn        0x08006120        0x0
 .rel.iplt      0x08006120        0x0 c:/program files (x86)/atollic/truestudio for stm32 9.0.1/armtools/bin/../lib/gcc/arm-atollic-eabi/6.3.1/armv7-m/crtbegin.o

.ARM.extab
 *(.ARM.extab* .gnu.linkonce.armextab.*)

.ARM            0x08006120        0x0
                0x08006120                __exidx_start = .
 *(.ARM.exidx*)
                0x08006120                __exidx_end = .

.preinit_array  0x08006120        0x0
                0x08006120                PROVIDE (__preinit_array_start, .)
 *(.preinit_array*)
                0x08006120                PROVIDE (__preinit_array_end, .)

.init_array     0x08006120        0x4
                0x08006120                PROVIDE (__init_array_start, .)
 *(SORT(.init_array.*))
 *(.init_array*)
 .init_array    0x08006120        0x4 c:/program files (x86)/atollic/truestudio for stm32 9.0.1/armtools/bin/../lib/gcc/arm-atollic-eabi/6.3.1/armv7-m/crtbegin.o
                0x08006124                PROVIDE (__init_array_end, .)

.fini_array     0x08006124        0x4
                [!provide]                PROVIDE (__fini_array_start, .)
 *(SORT(.fini_array.*))
 *(.fini_array*)
 .fini_array    0x08006124        0x4 c:/program files (x86)/atollic/truestudio for stm32 9.0.1/armtools/bin/../lib/gcc/arm-atollic-eabi/6.3.1/armv7-m/crtbegin.o
                [!provide]                PROVIDE (__fini_array_end, .)
                0x08006128                _sidata = LOADADDR (.data)

.data           0x20000000      0x22c load address 0x08006128
                0x20000000                . = ALIGN (0x4)
                0x20000000                _sdata = .
 *(.data)
 *(.data*)
 .data.uwTickFreq
                0x20000000        0x1 Drivers\STM32F1xx_HAL_Driver\Src\stm32f1xx_hal.o
                0x20000000                uwTickFreq
 *fill*         0x20000001        0x3 
 .data.uxCriticalNesting
                0x20000004        0x4 Middlewares\Third_Party\FreeRTOS\Source\portable\GCC\ARM_CM3\port.o
 .data.password
                0x20000008        0x4 Src\Logic.o
 .data.signalisationState
                0x2000000c        0x1 Src\Logic.o
 .data.callingState
                0x2000000d        0x1 Src\gsm_m950e.o
 *fill*         0x2000000e        0x2 
 .data.command_abortcall
                0x20000010        0x6 Src\gsm_m950e.o
 *fill*         0x20000016        0x2 
 .data.command_chkntw
                0x20000018        0xb Src\gsm_m950e.o
 *fill*         0x20000023        0x1 
 .data.command_inccall
                0x20000024        0xc Src\gsm_m950e.o
 .data.command_pwroff
                0x20000030        0xd Src\gsm_m950e.o
 .data.modem_state
                0x2000003d        0x1 Src\gsm_m950e.o
 .data.newState
                0x2000003e        0x1 Src\gsm_m950e.o
 *fill*         0x2000003f        0x1 
 .data.responce_chkntw
                0x20000040        0x9 Src\gsm_m950e.o
 *fill*         0x20000049        0x3 
 .data.responce_ready
                0x2000004c        0x9 Src\gsm_m950e.o
 .data.buzzer_phase
                0x20000055        0x1 Src\io.o
 .data.buzzer_state
                0x20000056        0x1 Src\io.o
 *fill*         0x20000057        0x1 
 .data.SystemCoreClock
                0x20000058        0x4 Src\system_stm32f1xx.o
                0x20000058                SystemCoreClock
 .data._impure_ptr
                0x2000005c        0x4 c:/program files (x86)/atollic/truestudio for stm32 9.0.1/armtools/bin/../lib/gcc/arm-atollic-eabi/6.3.1/../../../../arm-atollic-eabi/lib/armv7-m\libc_nano.a(lib_a-impure.o)
                0x2000005c                _impure_ptr
 .data.impure_data
                0x20000060       0x60 c:/program files (x86)/atollic/truestudio for stm32 9.0.1/armtools/bin/../lib/gcc/arm-atollic-eabi/6.3.1/../../../../arm-atollic-eabi/lib/armv7-m\libc_nano.a(lib_a-impure.o)
 .data.__global_locale
                0x200000c0      0x16c c:/program files (x86)/atollic/truestudio for stm32 9.0.1/armtools/bin/../lib/gcc/arm-atollic-eabi/6.3.1/../../../../arm-atollic-eabi/lib/armv7-m\libc_nano.a(lib_a-locale.o)
                0x200000c0                __global_locale
                0x2000022c                . = ALIGN (0x4)
                0x2000022c                _edata = .

.igot.plt       0x2000022c        0x0 load address 0x08006354
 .igot.plt      0x2000022c        0x0 c:/program files (x86)/atollic/truestudio for stm32 9.0.1/armtools/bin/../lib/gcc/arm-atollic-eabi/6.3.1/armv7-m/crtbegin.o
                0x2000022c                . = ALIGN (0x4)

.bss            0x20000230     0x2ff8 load address 0x08006354
                0x20000230                _sbss = .
                0x20000230                __bss_start__ = _sbss
 *(.bss)
 .bss           0x20000230       0x1c c:/program files (x86)/atollic/truestudio for stm32 9.0.1/armtools/bin/../lib/gcc/arm-atollic-eabi/6.3.1/armv7-m/crtbegin.o
 *(.bss*)
 .bss.ucMaxSysCallPriority
                0x2000024c        0x1 Middlewares\Third_Party\FreeRTOS\Source\portable\GCC\ARM_CM3\port.o
 *fill*         0x2000024d        0x3 
 .bss.ulMaxPRIGROUPValue
                0x20000250        0x4 Middlewares\Third_Party\FreeRTOS\Source\portable\GCC\ARM_CM3\port.o
 .bss.pxEnd     0x20000254        0x4 Middlewares\Third_Party\FreeRTOS\Source\portable\MemMang\heap_4.o
 .bss.ucHeap    0x20000258     0x2af8 Middlewares\Third_Party\FreeRTOS\Source\portable\MemMang\heap_4.o
 .bss.xBlockAllocatedBit
                0x20002d50        0x4 Middlewares\Third_Party\FreeRTOS\Source\portable\MemMang\heap_4.o
 .bss.xFreeBytesRemaining
                0x20002d54        0x4 Middlewares\Third_Party\FreeRTOS\Source\portable\MemMang\heap_4.o
 .bss.xMinimumEverFreeBytesRemaining
                0x20002d58        0x4 Middlewares\Third_Party\FreeRTOS\Source\portable\MemMang\heap_4.o
 .bss.xStart    0x20002d5c        0x8 Middlewares\Third_Party\FreeRTOS\Source\portable\MemMang\heap_4.o
 .bss.pxCurrentTCB
                0x20002d64        0x4 Middlewares\Third_Party\FreeRTOS\Source\tasks.o
                0x20002d64                pxCurrentTCB
 .bss.pxDelayedTaskList
                0x20002d68        0x4 Middlewares\Third_Party\FreeRTOS\Source\tasks.o
 .bss.pxOverflowDelayedTaskList
                0x20002d6c        0x4 Middlewares\Third_Party\FreeRTOS\Source\tasks.o
 .bss.pxReadyTasksLists
                0x20002d70       0x8c Middlewares\Third_Party\FreeRTOS\Source\tasks.o
 .bss.uxCurrentNumberOfTasks
                0x20002dfc        0x4 Middlewares\Third_Party\FreeRTOS\Source\tasks.o
 .bss.uxDeletedTasksWaitingCleanUp
                0x20002e00        0x4 Middlewares\Third_Party\FreeRTOS\Source\tasks.o
 .bss.uxPendedTicks
                0x20002e04        0x4 Middlewares\Third_Party\FreeRTOS\Source\tasks.o
 .bss.uxSchedulerSuspended
                0x20002e08        0x4 Middlewares\Third_Party\FreeRTOS\Source\tasks.o
 .bss.uxTaskNumber
                0x20002e0c        0x4 Middlewares\Third_Party\FreeRTOS\Source\tasks.o
 .bss.uxTopReadyPriority
                0x20002e10        0x4 Middlewares\Third_Party\FreeRTOS\Source\tasks.o
 .bss.xDelayedTaskList1
                0x20002e14       0x14 Middlewares\Third_Party\FreeRTOS\Source\tasks.o
 .bss.xDelayedTaskList2
                0x20002e28       0x14 Middlewares\Third_Party\FreeRTOS\Source\tasks.o
 .bss.xIdleTaskHandle
                0x20002e3c        0x4 Middlewares\Third_Party\FreeRTOS\Source\tasks.o
 .bss.xNextTaskUnblockTime
                0x20002e40        0x4 Middlewares\Third_Party\FreeRTOS\Source\tasks.o
 .bss.xNumOfOverflows
                0x20002e44        0x4 Middlewares\Third_Party\FreeRTOS\Source\tasks.o
 .bss.xPendingReadyList
                0x20002e48       0x14 Middlewares\Third_Party\FreeRTOS\Source\tasks.o
 .bss.xSchedulerRunning
                0x20002e5c        0x4 Middlewares\Third_Party\FreeRTOS\Source\tasks.o
 .bss.xSuspendedTaskList
                0x20002e60       0x14 Middlewares\Third_Party\FreeRTOS\Source\tasks.o
 .bss.xTasksWaitingTermination
                0x20002e74       0x14 Middlewares\Third_Party\FreeRTOS\Source\tasks.o
 .bss.xTickCount
                0x20002e88        0x4 Middlewares\Third_Party\FreeRTOS\Source\tasks.o
 .bss.xYieldPending
                0x20002e8c        0x4 Middlewares\Third_Party\FreeRTOS\Source\tasks.o
 .bss.buttonCounter.5152
                0x20002e90        0x1 Src\Logic.o
 *fill*         0x20002e91        0x3 
 .bss.buttonQueue
                0x20002e94        0x4 Src\Logic.o
 .bss.callingNeed.5158
                0x20002e98        0x1 Src\Logic.o
 .bss.callingPhase
                0x20002e99        0x1 Src\Logic.o
 .bss.doorState
                0x20002e9a        0x1 Src\Logic.o
 .bss.incommingCallFromTrust
                0x20002e9b        0x1 Src\Logic.o
 .bss.lastButtTime.5151
                0x20002e9c        0x4 Src\Logic.o
 .bss.needReboot
                0x20002ea0        0x1 Src\Logic.o
 *fill*         0x20002ea1        0x3 
 .bss.pass_buff.5150
                0x20002ea4        0x4 Src\Logic.o
 .bss.phase.5156
                0x20002ea8        0x1 Src\Logic.o
 *fill*         0x20002ea9        0x3 
 .bss.signPrepareDelay
                0x20002eac        0x4 Src\Logic.o
 .bss.signStartBeeping
                0x20002eb0        0x4 Src\Logic.o
 .bss.signStartCalling
                0x20002eb4        0x4 Src\Logic.o
 .bss.signWaitDelay
                0x20002eb8        0x4 Src\Logic.o
 .bss.trustedPhones
                0x20002ebc       0x1e Src\Logic.o
 *fill*         0x20002eda        0x2 
 .bss.waitTimer.5157
                0x20002edc        0x4 Src\Logic.o
 .bss.esp_buffer
                0x20002ee0       0xc8 Src\esp8266.o
 .bss.temp_pwd  0x20002fa8        0x4 Src\esp8266.o
 .bss.temp_setup
                0x20002fac       0x4c Src\esp8266.o
 .bss.trustedPhones
                0x20002ff8       0x28 Src\esp8266.o
 .bss.Call_Time.7574
                0x20003020        0x4 Src\gsm_m950e.o
 .bss.RunState  0x20003024        0x1 Src\gsm_m950e.o
 *fill*         0x20003025        0x3 
 .bss.TurnOn_Time.7575
                0x20003028        0x4 Src\gsm_m950e.o
 .bss.callAbortTimeout
                0x2000302c        0x4 Src\gsm_m950e.o
 .bss.call_number_buffer
                0x20003030       0x14 Src\gsm_m950e.o
 .bss.gsm_handlers
                0x20003044        0x4 Src\gsm_m950e.o
 .bss.trustedPhones
                0x20003048       0x1e Src\gsm_m950e.o
 *fill*         0x20003066        0x2 
 .bss.uart_buffer
                0x20003068       0x64 Src\gsm_m950e.o
 .bss.SomeBeepCounter
                0x200030cc        0x1 Src\io.o
 *fill*         0x200030cd        0x3 
 .bss.buzzerActivePeriod
                0x200030d0        0x4 Src\io.o
 .bss.buzzerActivePeriodSome
                0x200030d4        0x4 Src\io.o
 .bss.buzzerPassivePeriod
                0x200030d8        0x4 Src\io.o
 .bss.buzzerPassivePeriodSome
                0x200030dc        0x4 Src\io.o
 .bss.checkCount.7655
                0x200030e0        0x4 Src\io.o
 .bss.checkCount.7670
                0x200030e4        0x1 Src\io.o
 *fill*         0x200030e5        0x3 
 .bss.doorUpdateCount
                0x200030e8        0x4 Src\io.o
 .bss.io_handlers
                0x200030ec        0x8 Src\io.o
 .bss.lastState.7656
                0x200030f4        0x4 Src\io.o
 .bss.lastState.7672
                0x200030f8        0x1 Src\io.o
 *fill*         0x200030f9        0x3 
 .bss.next_phase_change.7647
                0x200030fc        0x4 Src\io.o
 .bss.seg_buffer
                0x20003100       0x18 Src\io.o
 .bss.sig_counter.7661
                0x20003118        0x1 Src\io.o
 .bss.updateCounter.7671
                0x20003119        0x1 Src\io.o
 *fill*         0x2000311a        0x2 
 .bss.__malloc_free_list
                0x2000311c        0x4 c:/program files (x86)/atollic/truestudio for stm32 9.0.1/armtools/bin/../lib/gcc/arm-atollic-eabi/6.3.1/../../../../arm-atollic-eabi/lib/armv7-m\libc_nano.a(lib_a-nano-mallocr.o)
                0x2000311c                __malloc_free_list
 .bss.__malloc_sbrk_start
                0x20003120        0x4 c:/program files (x86)/atollic/truestudio for stm32 9.0.1/armtools/bin/../lib/gcc/arm-atollic-eabi/6.3.1/../../../../arm-atollic-eabi/lib/armv7-m\libc_nano.a(lib_a-nano-mallocr.o)
                0x20003120                __malloc_sbrk_start
 .bss.heap_end.4116
                0x20003124        0x4 c:/program files (x86)/atollic/truestudio for stm32 9.0.1/armtools/bin/../lib/gcc/arm-atollic-eabi/6.3.1/../../../../arm-atollic-eabi/lib/armv7-m\libnosys.a(sbrk.o)
 *(COMMON)
 COMMON         0x20003128        0x4 Drivers\STM32F1xx_HAL_Driver\Src\stm32f1xx_hal.o
                0x20003128                uwTick
 *fill*         0x2000312c        0x4 
 COMMON         0x20003130       0x20 Drivers\STM32F1xx_HAL_Driver\Src\stm32f1xx_hal_flash.o
                0x20003130                pFlash
 COMMON         0x20003150        0x4 Src\freertos.o
                0x20003150                defaultTaskHandle
 COMMON         0x20003154       0x10 Src\main.o
                0x20003154                logicTaskHandler
                0x20003158                gsmTaskHandler
                0x2000315c                ioTaskHandler
                0x20003160                espTaskHandler
 COMMON         0x20003164       0x40 Src\stm32f1xx_hal_timebase_TIM.o
                0x20003164                htim1
 COMMON         0x200031a4       0x80 Src\usart.o
                0x200031a4                huart3
                0x200031e4                huart2
 COMMON         0x20003224        0x4 c:/program files (x86)/atollic/truestudio for stm32 9.0.1/armtools/bin/../lib/gcc/arm-atollic-eabi/6.3.1/../../../../arm-atollic-eabi/lib/armv7-m\libc_nano.a(lib_a-reent.o)
                0x20003224                errno
                0x20003228                . = ALIGN (0x4)
                0x20003228                _ebss = .
                0x20003228                __bss_end__ = _ebss

._user_heap_stack
                0x20003228      0x200 load address 0x08006354
                0x20003228                . = ALIGN (0x4)
                0x20003228                PROVIDE (end, .)
                [!provide]                PROVIDE (_end, .)
                0x20003328                . = (. + _Min_Heap_Size)
 *fill*         0x20003228      0x100 
                0x20003428                . = (. + _Min_Stack_Size)
 *fill*         0x20003328      0x100 
                0x20003428                . = ALIGN (0x4)

/DISCARD/
 libc.a(*)
 libm.a(*)
 libgcc.a(*)

.ARM.attributes
                0x00000000       0x29
 *(.ARM.attributes)
 .ARM.attributes
                0x00000000       0x1d c:/program files (x86)/atollic/truestudio for stm32 9.0.1/armtools/bin/../lib/gcc/arm-atollic-eabi/6.3.1/armv7-m/crti.o
 .ARM.attributes
                0x0000001d       0x2d c:/program files (x86)/atollic/truestudio for stm32 9.0.1/armtools/bin/../lib/gcc/arm-atollic-eabi/6.3.1/armv7-m/crtbegin.o
 .ARM.attributes
                0x0000004a       0x33 Drivers\STM32F1xx_HAL_Driver\Src\stm32f1xx_hal.o
 .ARM.attributes
                0x0000007d       0x33 Drivers\STM32F1xx_HAL_Driver\Src\stm32f1xx_hal_cortex.o
 .ARM.attributes
                0x000000b0       0x33 Drivers\STM32F1xx_HAL_Driver\Src\stm32f1xx_hal_dma.o
 .ARM.attributes
                0x000000e3       0x33 Drivers\STM32F1xx_HAL_Driver\Src\stm32f1xx_hal_flash.o
 .ARM.attributes
                0x00000116       0x33 Drivers\STM32F1xx_HAL_Driver\Src\stm32f1xx_hal_flash_ex.o
 .ARM.attributes
                0x00000149       0x33 Drivers\STM32F1xx_HAL_Driver\Src\stm32f1xx_hal_gpio.o
 .ARM.attributes
                0x0000017c       0x33 Drivers\STM32F1xx_HAL_Driver\Src\stm32f1xx_hal_rcc.o
 .ARM.attributes
                0x000001af       0x33 Drivers\STM32F1xx_HAL_Driver\Src\stm32f1xx_hal_tim.o
 .ARM.attributes
                0x000001e2       0x33 Drivers\STM32F1xx_HAL_Driver\Src\stm32f1xx_hal_tim_ex.o
 .ARM.attributes
                0x00000215       0x33 Drivers\STM32F1xx_HAL_Driver\Src\stm32f1xx_hal_uart.o
 .ARM.attributes
                0x00000248       0x33 Middlewares\Third_Party\FreeRTOS\Source\CMSIS_RTOS\cmsis_os.o
 .ARM.attributes
                0x0000027b       0x33 Middlewares\Third_Party\FreeRTOS\Source\list.o
 .ARM.attributes
                0x000002ae       0x33 Middlewares\Third_Party\FreeRTOS\Source\portable\GCC\ARM_CM3\port.o
 .ARM.attributes
                0x000002e1       0x33 Middlewares\Third_Party\FreeRTOS\Source\portable\MemMang\heap_4.o
 .ARM.attributes
                0x00000314       0x33 Middlewares\Third_Party\FreeRTOS\Source\queue.o
 .ARM.attributes
                0x00000347       0x33 Middlewares\Third_Party\FreeRTOS\Source\tasks.o
 .ARM.attributes
                0x0000037a       0x33 Src\Logic.o
 .ARM.attributes
                0x000003ad       0x33 Src\esp8266.o
 .ARM.attributes
                0x000003e0       0x33 Src\flash.o
 .ARM.attributes
                0x00000413       0x33 Src\freertos.o
 .ARM.attributes
                0x00000446       0x33 Src\gpio.o
 .ARM.attributes
                0x00000479       0x33 Src\gsm_m950e.o
 .ARM.attributes
                0x000004ac       0x33 Src\io.o
 .ARM.attributes
                0x000004df       0x33 Src\main.o
 .ARM.attributes
                0x00000512       0x33 Src\stm32f1xx_hal_msp.o
 .ARM.attributes
                0x00000545       0x33 Src\stm32f1xx_hal_timebase_TIM.o
 .ARM.attributes
                0x00000578       0x33 Src\stm32f1xx_it.o
 .ARM.attributes
                0x000005ab       0x33 Src\system_stm32f1xx.o
 .ARM.attributes
                0x000005de       0x33 Src\usart.o
 .ARM.attributes
                0x00000611       0x21 startup\startup_stm32f103xb.o
 .ARM.attributes
                0x00000632       0x2d c:/program files (x86)/atollic/truestudio for stm32 9.0.1/armtools/bin/../lib/gcc/arm-atollic-eabi/6.3.1/../../../../arm-atollic-eabi/lib/armv7-m\libc_nano.a(lib_a-init.o)
 .ARM.attributes
                0x0000065f       0x2d c:/program files (x86)/atollic/truestudio for stm32 9.0.1/armtools/bin/../lib/gcc/arm-atollic-eabi/6.3.1/../../../../arm-atollic-eabi/lib/armv7-m\libc_nano.a(lib_a-memcpy-stub.o)
 .ARM.attributes
                0x0000068c       0x2d c:/program files (x86)/atollic/truestudio for stm32 9.0.1/armtools/bin/../lib/gcc/arm-atollic-eabi/6.3.1/../../../../arm-atollic-eabi/lib/armv7-m\libc_nano.a(lib_a-memset.o)
 .ARM.attributes
                0x000006b9       0x2d c:/program files (x86)/atollic/truestudio for stm32 9.0.1/armtools/bin/../lib/gcc/arm-atollic-eabi/6.3.1/../../../../arm-atollic-eabi/lib/armv7-m\libc_nano.a(lib_a-sprintf.o)
 .ARM.attributes
                0x000006e6       0x2d c:/program files (x86)/atollic/truestudio for stm32 9.0.1/armtools/bin/../lib/gcc/arm-atollic-eabi/6.3.1/../../../../arm-atollic-eabi/lib/armv7-m\libc_nano.a(lib_a-sscanf.o)
 .ARM.attributes
                0x00000713       0x2d c:/program files (x86)/atollic/truestudio for stm32 9.0.1/armtools/bin/../lib/gcc/arm-atollic-eabi/6.3.1/../../../../arm-atollic-eabi/lib/armv7-m\libc_nano.a(lib_a-stdio.o)
 .ARM.attributes
                0x00000740       0x2d c:/program files (x86)/atollic/truestudio for stm32 9.0.1/armtools/bin/../lib/gcc/arm-atollic-eabi/6.3.1/../../../../arm-atollic-eabi/lib/armv7-m\libc_nano.a(lib_a-strchr.o)
 .ARM.attributes
                0x0000076d       0x2d c:/program files (x86)/atollic/truestudio for stm32 9.0.1/armtools/bin/../lib/gcc/arm-atollic-eabi/6.3.1/../../../../arm-atollic-eabi/lib/armv7-m\libc_nano.a(lib_a-strcpy.o)
 .ARM.attributes
                0x0000079a       0x17 c:/program files (x86)/atollic/truestudio for stm32 9.0.1/armtools/bin/../lib/gcc/arm-atollic-eabi/6.3.1/../../../../arm-atollic-eabi/lib/armv7-m\libc_nano.a(lib_a-strlen.o)
 .ARM.attributes
                0x000007b1       0x2d c:/program files (x86)/atollic/truestudio for stm32 9.0.1/armtools/bin/../lib/gcc/arm-atollic-eabi/6.3.1/../../../../arm-atollic-eabi/lib/armv7-m\libc_nano.a(lib_a-strstr.o)
 .ARM.attributes
                0x000007de       0x2d c:/program files (x86)/atollic/truestudio for stm32 9.0.1/armtools/bin/../lib/gcc/arm-atollic-eabi/6.3.1/../../../../arm-atollic-eabi/lib/armv7-m\libc_nano.a(lib_a-impure.o)
 .ARM.attributes
                0x0000080b       0x2d c:/program files (x86)/atollic/truestudio for stm32 9.0.1/armtools/bin/../lib/gcc/arm-atollic-eabi/6.3.1/../../../../arm-atollic-eabi/lib/armv7-m\libc_nano.a(lib_a-nano-svfprintf.o)
 .ARM.attributes
                0x00000838       0x2d c:/program files (x86)/atollic/truestudio for stm32 9.0.1/armtools/bin/../lib/gcc/arm-atollic-eabi/6.3.1/../../../../arm-atollic-eabi/lib/armv7-m\libc_nano.a(lib_a-nano-svfscanf.o)
 .ARM.attributes
                0x00000865       0x2d c:/program files (x86)/atollic/truestudio for stm32 9.0.1/armtools/bin/../lib/gcc/arm-atollic-eabi/6.3.1/../../../../arm-atollic-eabi/lib/armv7-m\libc_nano.a(lib_a-nano-vfprintf_i.o)
 .ARM.attributes
                0x00000892       0x2d c:/program files (x86)/atollic/truestudio for stm32 9.0.1/armtools/bin/../lib/gcc/arm-atollic-eabi/6.3.1/../../../../arm-atollic-eabi/lib/armv7-m\libc_nano.a(lib_a-nano-vfscanf_i.o)
 .ARM.attributes
                0x000008bf       0x2d c:/program files (x86)/atollic/truestudio for stm32 9.0.1/armtools/bin/../lib/gcc/arm-atollic-eabi/6.3.1/../../../../arm-atollic-eabi/lib/armv7-m\libc_nano.a(lib_a-reent.o)
 .ARM.attributes
                0x000008ec       0x2d c:/program files (x86)/atollic/truestudio for stm32 9.0.1/armtools/bin/../lib/gcc/arm-atollic-eabi/6.3.1/../../../../arm-atollic-eabi/lib/armv7-m\libc_nano.a(lib_a-sccl.o)
 .ARM.attributes
                0x00000919       0x2d c:/program files (x86)/atollic/truestudio for stm32 9.0.1/armtools/bin/../lib/gcc/arm-atollic-eabi/6.3.1/../../../../arm-atollic-eabi/lib/armv7-m\libc_nano.a(lib_a-strtol.o)
 .ARM.attributes
                0x00000946       0x2d c:/program files (x86)/atollic/truestudio for stm32 9.0.1/armtools/bin/../lib/gcc/arm-atollic-eabi/6.3.1/../../../../arm-atollic-eabi/lib/armv7-m\libc_nano.a(lib_a-strtoul.o)
 .ARM.attributes
                0x00000973       0x2d c:/program files (x86)/atollic/truestudio for stm32 9.0.1/armtools/bin/../lib/gcc/arm-atollic-eabi/6.3.1/../../../../arm-atollic-eabi/lib/armv7-m\libc_nano.a(lib_a-ungetc.o)
 .ARM.attributes
                0x000009a0       0x2d c:/program files (x86)/atollic/truestudio for stm32 9.0.1/armtools/bin/../lib/gcc/arm-atollic-eabi/6.3.1/../../../../arm-atollic-eabi/lib/armv7-m\libc_nano.a(lib_a-findfp.o)
 .ARM.attributes
                0x000009cd       0x2d c:/program files (x86)/atollic/truestudio for stm32 9.0.1/armtools/bin/../lib/gcc/arm-atollic-eabi/6.3.1/../../../../arm-atollic-eabi/lib/armv7-m\libc_nano.a(lib_a-locale.o)
 .ARM.attributes
                0x000009fa       0x2d c:/program files (x86)/atollic/truestudio for stm32 9.0.1/armtools/bin/../lib/gcc/arm-atollic-eabi/6.3.1/../../../../arm-atollic-eabi/lib/armv7-m\libc_nano.a(lib_a-mbtowc_r.o)
 .ARM.attributes
                0x00000a27       0x2d c:/program files (x86)/atollic/truestudio for stm32 9.0.1/armtools/bin/../lib/gcc/arm-atollic-eabi/6.3.1/../../../../arm-atollic-eabi/lib/armv7-m\libc_nano.a(lib_a-memchr-stub.o)
 .ARM.attributes
                0x00000a54       0x2d c:/program files (x86)/atollic/truestudio for stm32 9.0.1/armtools/bin/../lib/gcc/arm-atollic-eabi/6.3.1/../../../../arm-atollic-eabi/lib/armv7-m\libc_nano.a(lib_a-memmove.o)
 .ARM.attributes
                0x00000a81       0x2d c:/program files (x86)/atollic/truestudio for stm32 9.0.1/armtools/bin/../lib/gcc/arm-atollic-eabi/6.3.1/../../../../arm-atollic-eabi/lib/armv7-m\libc_nano.a(lib_a-nano-freer.o)
 .ARM.attributes
                0x00000aae       0x2d c:/program files (x86)/atollic/truestudio for stm32 9.0.1/armtools/bin/../lib/gcc/arm-atollic-eabi/6.3.1/../../../../arm-atollic-eabi/lib/armv7-m\libc_nano.a(lib_a-nano-mallocr.o)
 .ARM.attributes
                0x00000adb       0x2d c:/program files (x86)/atollic/truestudio for stm32 9.0.1/armtools/bin/../lib/gcc/arm-atollic-eabi/6.3.1/../../../../arm-atollic-eabi/lib/armv7-m\libc_nano.a(lib_a-nano-reallocr.o)
 .ARM.attributes
                0x00000b08       0x2d c:/program files (x86)/atollic/truestudio for stm32 9.0.1/armtools/bin/../lib/gcc/arm-atollic-eabi/6.3.1/../../../../arm-atollic-eabi/lib/armv7-m\libc_nano.a(lib_a-sbrkr.o)
 .ARM.attributes
                0x00000b35       0x2d c:/program files (x86)/atollic/truestudio for stm32 9.0.1/armtools/bin/../lib/gcc/arm-atollic-eabi/6.3.1/../../../../arm-atollic-eabi/lib/armv7-m\libc_nano.a(lib_a-wctomb_r.o)
 .ARM.attributes
                0x00000b62       0x2d c:/program files (x86)/atollic/truestudio for stm32 9.0.1/armtools/bin/../lib/gcc/arm-atollic-eabi/6.3.1/../../../../arm-atollic-eabi/lib/armv7-m\libc_nano.a(lib_a-ctype_.o)
 .ARM.attributes
                0x00000b8f       0x2d c:/program files (x86)/atollic/truestudio for stm32 9.0.1/armtools/bin/../lib/gcc/arm-atollic-eabi/6.3.1/../../../../arm-atollic-eabi/lib/armv7-m\libc_nano.a(lib_a-mlock.o)
 .ARM.attributes
                0x00000bbc       0x2d c:/program files (x86)/atollic/truestudio for stm32 9.0.1/armtools/bin/../lib/gcc/arm-atollic-eabi/6.3.1/../../../../arm-atollic-eabi/lib/armv7-m\libc_nano.a(lib_a-nano-msizer.o)
 .ARM.attributes
                0x00000be9       0x2d c:/program files (x86)/atollic/truestudio for stm32 9.0.1/armtools/bin/../lib/gcc/arm-atollic-eabi/6.3.1/../../../../arm-atollic-eabi/lib/armv7-m\libnosys.a(sbrk.o)
 .ARM.attributes
                0x00000c16       0x1d c:/program files (x86)/atollic/truestudio for stm32 9.0.1/armtools/bin/../lib/gcc/arm-atollic-eabi/6.3.1/armv7-m/crtn.o
OUTPUT(gsm_sign.elf elf32-littlearm)

.debug_info     0x00000000    0x24809
 .debug_info    0x00000000      0xf93 Drivers\STM32F1xx_HAL_Driver\Src\stm32f1xx_hal.o
 .debug_info    0x00000f93     0x1464 Drivers\STM32F1xx_HAL_Driver\Src\stm32f1xx_hal_cortex.o
 .debug_info    0x000023f7     0x1000 Drivers\STM32F1xx_HAL_Driver\Src\stm32f1xx_hal_dma.o
 .debug_info    0x000033f7      0xea3 Drivers\STM32F1xx_HAL_Driver\Src\stm32f1xx_hal_flash.o
 .debug_info    0x0000429a     0x1293 Drivers\STM32F1xx_HAL_Driver\Src\stm32f1xx_hal_flash_ex.o
 .debug_info    0x0000552d      0xe74 Drivers\STM32F1xx_HAL_Driver\Src\stm32f1xx_hal_gpio.o
 .debug_info    0x000063a1     0x11dc Drivers\STM32F1xx_HAL_Driver\Src\stm32f1xx_hal_rcc.o
 .debug_info    0x0000757d     0x363e Drivers\STM32F1xx_HAL_Driver\Src\stm32f1xx_hal_tim.o
 .debug_info    0x0000abbb     0x1a92 Drivers\STM32F1xx_HAL_Driver\Src\stm32f1xx_hal_tim_ex.o
 .debug_info    0x0000c64d     0x1e67 Drivers\STM32F1xx_HAL_Driver\Src\stm32f1xx_hal_uart.o
 .debug_info    0x0000e4b4     0x230a Middlewares\Third_Party\FreeRTOS\Source\CMSIS_RTOS\cmsis_os.o
 .debug_info    0x000107be      0xabd Middlewares\Third_Party\FreeRTOS\Source\list.o
 .debug_info    0x0001127b      0x4cb Middlewares\Third_Party\FreeRTOS\Source\portable\GCC\ARM_CM3\port.o
 .debug_info    0x00011746      0xc61 Middlewares\Third_Party\FreeRTOS\Source\portable\MemMang\heap_4.o
 .debug_info    0x000123a7     0x1f7f Middlewares\Third_Party\FreeRTOS\Source\queue.o
 .debug_info    0x00014326     0x29eb Middlewares\Third_Party\FreeRTOS\Source\tasks.o
 .debug_info    0x00016d11     0x11b3 Src\Logic.o
 .debug_info    0x00017ec4     0x19f1 Src\esp8266.o
 .debug_info    0x000198b5      0xf4f Src\flash.o
 .debug_info    0x0001a804      0x220 Src\freertos.o
 .debug_info    0x0001aa24      0xca1 Src\gpio.o
 .debug_info    0x0001b6c5     0x1a72 Src\gsm_m950e.o
 .debug_info    0x0001d137     0x12ab Src\io.o
 .debug_info    0x0001e3e2     0x15c4 Src\main.o
 .debug_info    0x0001f9a6      0xcbf Src\stm32f1xx_hal_msp.o
 .debug_info    0x00020665     0x118e Src\stm32f1xx_hal_timebase_TIM.o
 .debug_info    0x000217f3     0x10d6 Src\stm32f1xx_it.o
 .debug_info    0x000228c9      0xc04 Src\system_stm32f1xx.o
 .debug_info    0x000234cd     0x12c0 Src\usart.o
 .debug_info    0x0002478d       0x7c startup\startup_stm32f103xb.o

.debug_abbrev   0x00000000     0x4af4
 .debug_abbrev  0x00000000      0x2ba Drivers\STM32F1xx_HAL_Driver\Src\stm32f1xx_hal.o
 .debug_abbrev  0x000002ba      0x3a2 Drivers\STM32F1xx_HAL_Driver\Src\stm32f1xx_hal_cortex.o
 .debug_abbrev  0x0000065c      0x29c Drivers\STM32F1xx_HAL_Driver\Src\stm32f1xx_hal_dma.o
 .debug_abbrev  0x000008f8      0x2d1 Drivers\STM32F1xx_HAL_Driver\Src\stm32f1xx_hal_flash.o
 .debug_abbrev  0x00000bc9      0x2be Drivers\STM32F1xx_HAL_Driver\Src\stm32f1xx_hal_flash_ex.o
 .debug_abbrev  0x00000e87      0x26d Drivers\STM32F1xx_HAL_Driver\Src\stm32f1xx_hal_gpio.o
 .debug_abbrev  0x000010f4      0x2fb Drivers\STM32F1xx_HAL_Driver\Src\stm32f1xx_hal_rcc.o
 .debug_abbrev  0x000013ef      0x2b3 Drivers\STM32F1xx_HAL_Driver\Src\stm32f1xx_hal_tim.o
 .debug_abbrev  0x000016a2      0x2a4 Drivers\STM32F1xx_HAL_Driver\Src\stm32f1xx_hal_tim_ex.o
 .debug_abbrev  0x00001946      0x2ce Drivers\STM32F1xx_HAL_Driver\Src\stm32f1xx_hal_uart.o
 .debug_abbrev  0x00001c14      0x3b2 Middlewares\Third_Party\FreeRTOS\Source\CMSIS_RTOS\cmsis_os.o
 .debug_abbrev  0x00001fc6      0x1e6 Middlewares\Third_Party\FreeRTOS\Source\list.o
 .debug_abbrev  0x000021ac      0x24e Middlewares\Third_Party\FreeRTOS\Source\portable\GCC\ARM_CM3\port.o
 .debug_abbrev  0x000023fa      0x2e2 Middlewares\Third_Party\FreeRTOS\Source\portable\MemMang\heap_4.o
 .debug_abbrev  0x000026dc      0x349 Middlewares\Third_Party\FreeRTOS\Source\queue.o
 .debug_abbrev  0x00002a25      0x397 Middlewares\Third_Party\FreeRTOS\Source\tasks.o
 .debug_abbrev  0x00002dbc      0x295 Src\Logic.o
 .debug_abbrev  0x00003051      0x2b3 Src\esp8266.o
 .debug_abbrev  0x00003304      0x26a Src\flash.o
 .debug_abbrev  0x0000356e      0x134 Src\freertos.o
 .debug_abbrev  0x000036a2      0x1f1 Src\gpio.o
 .debug_abbrev  0x00003893      0x2e3 Src\gsm_m950e.o
 .debug_abbrev  0x00003b76      0x2b6 Src\io.o
 .debug_abbrev  0x00003e2c      0x265 Src\main.o
 .debug_abbrev  0x00004091      0x1fa Src\stm32f1xx_hal_msp.o
 .debug_abbrev  0x0000428b      0x25d Src\stm32f1xx_hal_timebase_TIM.o
 .debug_abbrev  0x000044e8      0x1e5 Src\stm32f1xx_it.o
 .debug_abbrev  0x000046cd      0x1ee Src\system_stm32f1xx.o
 .debug_abbrev  0x000048bb      0x227 Src\usart.o
 .debug_abbrev  0x00004ae2       0x12 startup\startup_stm32f103xb.o

.debug_loc      0x00000000     0xbc50
 .debug_loc     0x00000000      0x108 Drivers\STM32F1xx_HAL_Driver\Src\stm32f1xx_hal.o
 .debug_loc     0x00000108      0x5ad Drivers\STM32F1xx_HAL_Driver\Src\stm32f1xx_hal_cortex.o
 .debug_loc     0x000006b5      0x71b Drivers\STM32F1xx_HAL_Driver\Src\stm32f1xx_hal_dma.o
 .debug_loc     0x00000dd0      0x376 Drivers\STM32F1xx_HAL_Driver\Src\stm32f1xx_hal_flash.o
 .debug_loc     0x00001146      0x7ef Drivers\STM32F1xx_HAL_Driver\Src\stm32f1xx_hal_flash_ex.o
 .debug_loc     0x00001935      0x42d Drivers\STM32F1xx_HAL_Driver\Src\stm32f1xx_hal_gpio.o
 .debug_loc     0x00001d62      0x4d1 Drivers\STM32F1xx_HAL_Driver\Src\stm32f1xx_hal_rcc.o
 .debug_loc     0x00002233     0x34d2 Drivers\STM32F1xx_HAL_Driver\Src\stm32f1xx_hal_tim.o
 .debug_loc     0x00005705      0xf2e Drivers\STM32F1xx_HAL_Driver\Src\stm32f1xx_hal_tim_ex.o
 .debug_loc     0x00006633     0x1515 Drivers\STM32F1xx_HAL_Driver\Src\stm32f1xx_hal_uart.o
 .debug_loc     0x00007b48      0xfe2 Middlewares\Third_Party\FreeRTOS\Source\CMSIS_RTOS\cmsis_os.o
 .debug_loc     0x00008b2a       0x70 Middlewares\Third_Party\FreeRTOS\Source\list.o
 .debug_loc     0x00008b9a       0xce Middlewares\Third_Party\FreeRTOS\Source\portable\GCC\ARM_CM3\port.o
 .debug_loc     0x00008c68      0x2a0 Middlewares\Third_Party\FreeRTOS\Source\portable\MemMang\heap_4.o
 .debug_loc     0x00008f08      0xe4e Middlewares\Third_Party\FreeRTOS\Source\queue.o
 .debug_loc     0x00009d56     0x15c9 Middlewares\Third_Party\FreeRTOS\Source\tasks.o
 .debug_loc     0x0000b31f       0x74 Src\Logic.o
 .debug_loc     0x0000b393       0x76 Src\esp8266.o
 .debug_loc     0x0000b409      0x3a8 Src\flash.o
 .debug_loc     0x0000b7b1       0x21 Src\freertos.o
 .debug_loc     0x0000b7d2      0x122 Src\gsm_m950e.o
 .debug_loc     0x0000b8f4      0x103 Src\io.o
 .debug_loc     0x0000b9f7       0x5b Src\main.o
 .debug_loc     0x0000ba52       0x79 Src\stm32f1xx_hal_timebase_TIM.o
 .debug_loc     0x0000bacb       0xdf Src\system_stm32f1xx.o
 .debug_loc     0x0000bbaa       0xa6 Src\usart.o

.debug_aranges  0x00000000     0x1350
 .debug_aranges
                0x00000000       0xd0 Drivers\STM32F1xx_HAL_Driver\Src\stm32f1xx_hal.o
 .debug_aranges
                0x000000d0       0x90 Drivers\STM32F1xx_HAL_Driver\Src\stm32f1xx_hal_cortex.o
 .debug_aranges
                0x00000160       0x80 Drivers\STM32F1xx_HAL_Driver\Src\stm32f1xx_hal_dma.o
 .debug_aranges
                0x000001e0       0x88 Drivers\STM32F1xx_HAL_Driver\Src\stm32f1xx_hal_flash.o
 .debug_aranges
                0x00000268       0x98 Drivers\STM32F1xx_HAL_Driver\Src\stm32f1xx_hal_flash_ex.o
 .debug_aranges
                0x00000300       0x58 Drivers\STM32F1xx_HAL_Driver\Src\stm32f1xx_hal_gpio.o
 .debug_aranges
                0x00000358       0x90 Drivers\STM32F1xx_HAL_Driver\Src\stm32f1xx_hal_rcc.o
 .debug_aranges
                0x000003e8      0x368 Drivers\STM32F1xx_HAL_Driver\Src\stm32f1xx_hal_tim.o
 .debug_aranges
                0x00000750      0x138 Drivers\STM32F1xx_HAL_Driver\Src\stm32f1xx_hal_tim_ex.o
 .debug_aranges
                0x00000888      0x1d0 Drivers\STM32F1xx_HAL_Driver\Src\stm32f1xx_hal_uart.o
 .debug_aranges
                0x00000a58      0x1d8 Middlewares\Third_Party\FreeRTOS\Source\CMSIS_RTOS\cmsis_os.o
 .debug_aranges
                0x00000c30       0x40 Middlewares\Third_Party\FreeRTOS\Source\list.o
 .debug_aranges
                0x00000c70       0x78 Middlewares\Third_Party\FreeRTOS\Source\portable\GCC\ARM_CM3\port.o
 .debug_aranges
                0x00000ce8       0x50 Middlewares\Third_Party\FreeRTOS\Source\portable\MemMang\heap_4.o
 .debug_aranges
                0x00000d38       0xe0 Middlewares\Third_Party\FreeRTOS\Source\queue.o
 .debug_aranges
                0x00000e18      0x1a0 Middlewares\Third_Party\FreeRTOS\Source\tasks.o
 .debug_aranges
                0x00000fb8       0x68 Src\Logic.o
 .debug_aranges
                0x00001020       0x38 Src\esp8266.o
 .debug_aranges
                0x00001058       0x58 Src\flash.o
 .debug_aranges
                0x000010b0       0x28 Src\freertos.o
 .debug_aranges
                0x000010d8       0x20 Src\gpio.o
 .debug_aranges
                0x000010f8       0x70 Src\gsm_m950e.o
 .debug_aranges
                0x00001168       0x68 Src\io.o
 .debug_aranges
                0x000011d0       0x40 Src\main.o
 .debug_aranges
                0x00001210       0x20 Src\stm32f1xx_hal_msp.o
 .debug_aranges
                0x00001230       0x30 Src\stm32f1xx_hal_timebase_TIM.o
 .debug_aranges
                0x00001260       0x68 Src\stm32f1xx_it.o
 .debug_aranges
                0x000012c8       0x28 Src\system_stm32f1xx.o
 .debug_aranges
                0x000012f0       0x38 Src\usart.o
 .debug_aranges
                0x00001328       0x28 startup\startup_stm32f103xb.o

.debug_ranges   0x00000000     0x1370
 .debug_ranges  0x00000000       0xc0 Drivers\STM32F1xx_HAL_Driver\Src\stm32f1xx_hal.o
 .debug_ranges  0x000000c0       0xe0 Drivers\STM32F1xx_HAL_Driver\Src\stm32f1xx_hal_cortex.o
 .debug_ranges  0x000001a0       0x70 Drivers\STM32F1xx_HAL_Driver\Src\stm32f1xx_hal_dma.o
 .debug_ranges  0x00000210       0x78 Drivers\STM32F1xx_HAL_Driver\Src\stm32f1xx_hal_flash.o
 .debug_ranges  0x00000288       0x88 Drivers\STM32F1xx_HAL_Driver\Src\stm32f1xx_hal_flash_ex.o
 .debug_ranges  0x00000310       0x48 Drivers\STM32F1xx_HAL_Driver\Src\stm32f1xx_hal_gpio.o
 .debug_ranges  0x00000358       0xa0 Drivers\STM32F1xx_HAL_Driver\Src\stm32f1xx_hal_rcc.o
 .debug_ranges  0x000003f8      0x358 Drivers\STM32F1xx_HAL_Driver\Src\stm32f1xx_hal_tim.o
 .debug_ranges  0x00000750      0x128 Drivers\STM32F1xx_HAL_Driver\Src\stm32f1xx_hal_tim_ex.o
 .debug_ranges  0x00000878      0x1c0 Drivers\STM32F1xx_HAL_Driver\Src\stm32f1xx_hal_uart.o
 .debug_ranges  0x00000a38      0x1c8 Middlewares\Third_Party\FreeRTOS\Source\CMSIS_RTOS\cmsis_os.o
 .debug_ranges  0x00000c00       0x30 Middlewares\Third_Party\FreeRTOS\Source\list.o
 .debug_ranges  0x00000c30       0x68 Middlewares\Third_Party\FreeRTOS\Source\portable\GCC\ARM_CM3\port.o
 .debug_ranges  0x00000c98       0x40 Middlewares\Third_Party\FreeRTOS\Source\portable\MemMang\heap_4.o
 .debug_ranges  0x00000cd8      0x180 Middlewares\Third_Party\FreeRTOS\Source\queue.o
 .debug_ranges  0x00000e58      0x238 Middlewares\Third_Party\FreeRTOS\Source\tasks.o
 .debug_ranges  0x00001090       0x58 Src\Logic.o
 .debug_ranges  0x000010e8       0x28 Src\esp8266.o
 .debug_ranges  0x00001110       0x68 Src\flash.o
 .debug_ranges  0x00001178       0x18 Src\freertos.o
 .debug_ranges  0x00001190       0x10 Src\gpio.o
 .debug_ranges  0x000011a0       0x60 Src\gsm_m950e.o
 .debug_ranges  0x00001200       0x58 Src\io.o
 .debug_ranges  0x00001258       0x30 Src\main.o
 .debug_ranges  0x00001288       0x10 Src\stm32f1xx_hal_msp.o
 .debug_ranges  0x00001298       0x20 Src\stm32f1xx_hal_timebase_TIM.o
 .debug_ranges  0x000012b8       0x58 Src\stm32f1xx_it.o
 .debug_ranges  0x00001310       0x18 Src\system_stm32f1xx.o
 .debug_ranges  0x00001328       0x28 Src\usart.o
 .debug_ranges  0x00001350       0x20 startup\startup_stm32f103xb.o

.debug_macro    0x00000000    0x1c65c
 .debug_macro   0x00000000      0x30a Drivers\STM32F1xx_HAL_Driver\Src\stm32f1xx_hal.o
 .debug_macro   0x0000030a      0x8b6 Drivers\STM32F1xx_HAL_Driver\Src\stm32f1xx_hal.o
 .debug_macro   0x00000bc0      0x118 Drivers\STM32F1xx_HAL_Driver\Src\stm32f1xx_hal.o
 .debug_macro   0x00000cd8      0x169 Drivers\STM32F1xx_HAL_Driver\Src\stm32f1xx_hal.o
 .debug_macro   0x00000e41       0x2e Drivers\STM32F1xx_HAL_Driver\Src\stm32f1xx_hal.o
 .debug_macro   0x00000e6f       0x22 Drivers\STM32F1xx_HAL_Driver\Src\stm32f1xx_hal.o
 .debug_macro   0x00000e91       0x22 Drivers\STM32F1xx_HAL_Driver\Src\stm32f1xx_hal.o
 .debug_macro   0x00000eb3       0x87 Drivers\STM32F1xx_HAL_Driver\Src\stm32f1xx_hal.o
 .debug_macro   0x00000f3a       0x51 Drivers\STM32F1xx_HAL_Driver\Src\stm32f1xx_hal.o
 .debug_macro   0x00000f8b       0xef Drivers\STM32F1xx_HAL_Driver\Src\stm32f1xx_hal.o
 .debug_macro   0x0000107a       0x6a Drivers\STM32F1xx_HAL_Driver\Src\stm32f1xx_hal.o
 .debug_macro   0x000010e4      0x1df Drivers\STM32F1xx_HAL_Driver\Src\stm32f1xx_hal.o
 .debug_macro   0x000012c3       0x34 Drivers\STM32F1xx_HAL_Driver\Src\stm32f1xx_hal.o
 .debug_macro   0x000012f7       0x34 Drivers\STM32F1xx_HAL_Driver\Src\stm32f1xx_hal.o
 .debug_macro   0x0000132b      0xb8e Drivers\STM32F1xx_HAL_Driver\Src\stm32f1xx_hal.o
 .debug_macro   0x00001eb9     0xe90a Drivers\STM32F1xx_HAL_Driver\Src\stm32f1xx_hal.o
 .debug_macro   0x000107c3       0x43 Drivers\STM32F1xx_HAL_Driver\Src\stm32f1xx_hal.o
 .debug_macro   0x00010806       0x46 Drivers\STM32F1xx_HAL_Driver\Src\stm32f1xx_hal.o
 .debug_macro   0x0001084c       0x3c Drivers\STM32F1xx_HAL_Driver\Src\stm32f1xx_hal.o
 .debug_macro   0x00010888       0x9c Drivers\STM32F1xx_HAL_Driver\Src\stm32f1xx_hal.o
 .debug_macro   0x00010924       0x16 Drivers\STM32F1xx_HAL_Driver\Src\stm32f1xx_hal.o
 .debug_macro   0x0001093a       0x97 Drivers\STM32F1xx_HAL_Driver\Src\stm32f1xx_hal.o
 .debug_macro   0x000109d1      0x330 Drivers\STM32F1xx_HAL_Driver\Src\stm32f1xx_hal.o
 .debug_macro   0x00010d01       0xf6 Drivers\STM32F1xx_HAL_Driver\Src\stm32f1xx_hal.o
 .debug_macro   0x00010df7       0x10 Drivers\STM32F1xx_HAL_Driver\Src\stm32f1xx_hal.o
 .debug_macro   0x00010e07       0x52 Drivers\STM32F1xx_HAL_Driver\Src\stm32f1xx_hal.o
 .debug_macro   0x00010e59       0x1f Drivers\STM32F1xx_HAL_Driver\Src\stm32f1xx_hal.o
 .debug_macro   0x00010e78       0x43 Drivers\STM32F1xx_HAL_Driver\Src\stm32f1xx_hal.o
 .debug_macro   0x00010ebb       0x20 Drivers\STM32F1xx_HAL_Driver\Src\stm32f1xx_hal.o
 .debug_macro   0x00010edb      0x1a3 Drivers\STM32F1xx_HAL_Driver\Src\stm32f1xx_hal.o
 .debug_macro   0x0001107e       0x10 Drivers\STM32F1xx_HAL_Driver\Src\stm32f1xx_hal.o
 .debug_macro   0x0001108e       0x1c Drivers\STM32F1xx_HAL_Driver\Src\stm32f1xx_hal.o
 .debug_macro   0x000110aa       0x52 Drivers\STM32F1xx_HAL_Driver\Src\stm32f1xx_hal.o
 .debug_macro   0x000110fc       0x40 Drivers\STM32F1xx_HAL_Driver\Src\stm32f1xx_hal.o
 .debug_macro   0x0001113c       0x10 Drivers\STM32F1xx_HAL_Driver\Src\stm32f1xx_hal.o
 .debug_macro   0x0001114c       0x40 Drivers\STM32F1xx_HAL_Driver\Src\stm32f1xx_hal.o
 .debug_macro   0x0001118c       0xd7 Drivers\STM32F1xx_HAL_Driver\Src\stm32f1xx_hal.o
 .debug_macro   0x00011263       0x16 Drivers\STM32F1xx_HAL_Driver\Src\stm32f1xx_hal.o
 .debug_macro   0x00011279      0x161 Drivers\STM32F1xx_HAL_Driver\Src\stm32f1xx_hal.o
 .debug_macro   0x000113da       0x50 Drivers\STM32F1xx_HAL_Driver\Src\stm32f1xx_hal.o
 .debug_macro   0x0001142a      0x5c2 Drivers\STM32F1xx_HAL_Driver\Src\stm32f1xx_hal.o
 .debug_macro   0x000119ec      0x28a Drivers\STM32F1xx_HAL_Driver\Src\stm32f1xx_hal.o
 .debug_macro   0x00011c76      0x1cb Drivers\STM32F1xx_HAL_Driver\Src\stm32f1xx_hal.o
 .debug_macro   0x00011e41      0x11e Drivers\STM32F1xx_HAL_Driver\Src\stm32f1xx_hal.o
 .debug_macro   0x00011f5f      0x1b3 Drivers\STM32F1xx_HAL_Driver\Src\stm32f1xx_hal.o
 .debug_macro   0x00012112       0x27 Drivers\STM32F1xx_HAL_Driver\Src\stm32f1xx_hal.o
 .debug_macro   0x00012139      0x1bc Drivers\STM32F1xx_HAL_Driver\Src\stm32f1xx_hal.o