15:32:55 **** Clean-only build of configuration Debug for project gsm_sign ****
rm -rf Drivers/STM32F1xx_HAL_Driver/Src/stm32f1xx_hal_uart.o Middlewares/Third_Party/FreeRTOS/Source/CMSIS_RTOS/cmsis_os.d Drivers/STM32F1xx_HAL_Driver/Src/stm32f1xx_hal_uart.d Src/usbd_conf.d Middlewares/Third_Party/FreeRTOS/Source/CMSIS_RTOS/cmsis_os.o Src/io.d Drivers/STM32F1xx_HAL_Driver/Src/stm32f1xx_hal_rcc.d Src/main.o Middlewares/Third_Party/FreeRTOS/Source/timers.d Drivers/STM32F1xx_HAL_Driver/Src/stm32f1xx_hal_rcc.o Src/main.d Middlewares/Third_Party/FreeRTOS/Source/timers.o Drivers/STM32F1xx_HAL_Driver/Src/stm32f1xx_hal.d Drivers/STM32F1xx_HAL_Driver/Src/stm32f1xx_hal_dma.o Middlewares/Third_Party/FreeRTOS/Source/tasks.o Middlewares/Third_Party/FreeRTOS/Source/tasks.d Src/gpio.o Src/io.o Drivers/STM32F1xx_HAL_Driver/Src/stm32f1xx_hal_flash_ex.o Src/gpio.d Drivers/STM32F1xx_HAL_Driver/Src/stm32f1xx_hal_tim.d Middlewares/ST/STM32_USB_Device_Library/Core/Src/usbd_core.d Middlewares/ST/STM32_USB_Device_Library/Core/Src/usbd_ioreq.d Src/stm32f1xx_hal_msp.o Drivers/STM32F1xx_HAL_Driver/Src/stm32f1xx_hal_tim.o Src/stm32f1xx_hal_msp.d Middlewares/ST/STM32_USB_Device_Library/Core/Src/usbd_ioreq.o Middlewares/Third_Party/FreeRTOS/Source/portable/MemMang/heap_4.d Src/stm32f1xx_it.d Src/system_stm32f1xx.d Middlewares/Third_Party/FreeRTOS/Source/portable/MemMang/heap_4.o Middlewares/Third_Party/FreeRTOS/Source/queue.d Src/stm32f1xx_it.o Middlewares/Third_Party/FreeRTOS/Source/queue.o Src/usbd_cdc_if.o Src/usbd_conf.o Drivers/STM32F1xx_HAL_Driver/Src/stm32f1xx_hal_flash.d Middlewares/ST/STM32_USB_Device_Library/Core/Src/usbd_core.o Drivers/STM32F1xx_HAL_Driver/Src/stm32f1xx_hal_flash.o Src/system_stm32f1xx.o Src/stm32f1xx_hal_timebase_TIM.d Middlewares/Third_Party/FreeRTOS/Source/portable/GCC/ARM_CM3/port.o Src/gsm_m950e.d Src/stm32f1xx_hal_timebase_TIM.o Middlewares/Third_Party/FreeRTOS/Source/event_groups.o Drivers/STM32F1xx_HAL_Driver/Src/stm32f1xx_hal_cortex.d Middlewares/Third_Party/FreeRTOS/Source/event_groups.d Middlewares/Third_Party/FreeRTOS/Source/portable/GCC/ARM_CM3/port.d Src/usbd_desc.o gsm_sign Src/usb_device.o Src/usbd_cdc_if.d Src/gsm_m950e.o Src/usb_device.d Src/usbd_desc.d Drivers/STM32F1xx_HAL_Driver/Src/stm32f1xx_hal_pcd.o Middlewares/ST/STM32_USB_Device_Library/Class/CDC/Src/usbd_cdc.d Src/freertos.o Drivers/STM32F1xx_HAL_Driver/Src/stm32f1xx_hal_pcd.d Drivers/STM32F1xx_HAL_Driver/Src/stm32f1xx_hal_tim_ex.d Src/usart.o Middlewares/ST/STM32_USB_Device_Library/Class/CDC/Src/usbd_cdc.o Drivers/STM32F1xx_HAL_Driver/Src/stm32f1xx_hal_tim_ex.o Src/freertos.d Src/usart.d Drivers/STM32F1xx_HAL_Driver/Src/stm32f1xx_hal_pwr.d gsm_sign.elf Drivers/STM32F1xx_HAL_Driver/Src/stm32f1xx_hal_pwr.o Drivers/STM32F1xx_HAL_Driver/Src/stm32f1xx_hal_gpio.o Drivers/STM32F1xx_HAL_Driver/Src/stm32f1xx_hal_gpio.d Drivers/STM32F1xx_HAL_Driver/Src/stm32f1xx_hal_pcd_ex.o Drivers/STM32F1xx_HAL_Driver/Src/stm32f1xx_hal_flash_ex.d Middlewares/Third_Party/FreeRTOS/Source/croutine.o Src/Logic.d Middlewares/ST/STM32_USB_Device_Library/Core/Src/usbd_ctlreq.o Middlewares/ST/STM32_USB_Device_Library/Core/Src/usbd_ctlreq.d Drivers/STM32F1xx_HAL_Driver/Src/stm32f1xx_hal_pcd_ex.d Middlewares/Third_Party/FreeRTOS/Source/croutine.d Drivers/STM32F1xx_HAL_Driver/Src/stm32f1xx_hal_rcc_ex.d Drivers/STM32F1xx_HAL_Driver/Src/stm32f1xx_ll_usb.d Drivers/STM32F1xx_HAL_Driver/Src/stm32f1xx_hal_gpio_ex.o Drivers/STM32F1xx_HAL_Driver/Src/stm32f1xx_hal_gpio_ex.d Drivers/STM32F1xx_HAL_Driver/Src/stm32f1xx_hal_rcc_ex.o Drivers/STM32F1xx_HAL_Driver/Src/stm32f1xx_ll_usb.o Src/Logic.o Drivers/STM32F1xx_HAL_Driver/Src/stm32f1xx_hal_dma.d Drivers/STM32F1xx_HAL_Driver/Src/stm32f1xx_hal.o Middlewares/Third_Party/FreeRTOS/Source/list.d Middlewares/Third_Party/FreeRTOS/Source/list.o startup/startup_stm32f103xb.o Drivers/STM32F1xx_HAL_Driver/Src/stm32f1xx_hal_cortex.o 
15:32:56 **** Rebuild of configuration Debug for project gsm_sign ****
Info: Internal Builder is used for build
arm-atollic-eabi-gcc -c -mthumb -mcpu=cortex-m3 -std=gnu99 -D__weak=__attribute__((weak)) -D__packed=__attribute__((__packed__)) -DUSE_HAL_DRIVER -DSTM32F103xB -I../Inc -I../Drivers/STM32F1xx_HAL_Driver/Inc -I../Drivers/STM32F1xx_HAL_Driver/Inc/Legacy -I../Middlewares/Third_Party/FreeRTOS/Source/portable/GCC/ARM_CM3 -I../Middlewares/ST/STM32_USB_Device_Library/Core/Inc -I../Middlewares/ST/STM32_USB_Device_Library/Class/CDC/Inc -I../Drivers/CMSIS/Device/ST/STM32F1xx/Include -I../Middlewares/Third_Party/FreeRTOS/Source/include -I../Middlewares/Third_Party/FreeRTOS/Source/CMSIS_RTOS -I../Drivers/CMSIS/Include -Og -ffunction-sections -fdata-sections -g3 -fstack-usage -Wall -specs=nano.specs -o Drivers\STM32F1xx_HAL_Driver\Src\stm32f1xx_hal_gpio.o ..\Drivers\STM32F1xx_HAL_Driver\Src\stm32f1xx_hal_gpio.c 
arm-atollic-eabi-gcc -c -mthumb -mcpu=cortex-m3 -std=gnu99 -D__weak=__attribute__((weak)) -D__packed=__attribute__((__packed__)) -DUSE_HAL_DRIVER -DSTM32F103xB -I../Inc -I../Drivers/STM32F1xx_HAL_Driver/Inc -I../Drivers/STM32F1xx_HAL_Driver/Inc/Legacy -I../Middlewares/Third_Party/FreeRTOS/Source/portable/GCC/ARM_CM3 -I../Middlewares/ST/STM32_USB_Device_Library/Core/Inc -I../Middlewares/ST/STM32_USB_Device_Library/Class/CDC/Inc -I../Drivers/CMSIS/Device/ST/STM32F1xx/Include -I../Middlewares/Third_Party/FreeRTOS/Source/include -I../Middlewares/Third_Party/FreeRTOS/Source/CMSIS_RTOS -I../Drivers/CMSIS/Include -Og -ffunction-sections -fdata-sections -g3 -fstack-usage -Wall -specs=nano.specs -o Src\stm32f1xx_hal_msp.o ..\Src\stm32f1xx_hal_msp.c 
arm-atollic-eabi-gcc -c -mthumb -mcpu=cortex-m3 -std=gnu99 -D__weak=__attribute__((weak)) -D__packed=__attribute__((__packed__)) -DUSE_HAL_DRIVER -DSTM32F103xB -I../Inc -I../Drivers/STM32F1xx_HAL_Driver/Inc -I../Drivers/STM32F1xx_HAL_Driver/Inc/Legacy -I../Middlewares/Third_Party/FreeRTOS/Source/portable/GCC/ARM_CM3 -I../Middlewares/ST/STM32_USB_Device_Library/Core/Inc -I../Middlewares/ST/STM32_USB_Device_Library/Class/CDC/Inc -I../Drivers/CMSIS/Device/ST/STM32F1xx/Include -I../Middlewares/Third_Party/FreeRTOS/Source/include -I../Middlewares/Third_Party/FreeRTOS/Source/CMSIS_RTOS -I../Drivers/CMSIS/Include -Og -ffunction-sections -fdata-sections -g3 -fstack-usage -Wall -specs=nano.specs -o Src\system_stm32f1xx.o ..\Src\system_stm32f1xx.c 
arm-atollic-eabi-gcc -c -mthumb -mcpu=cortex-m3 -std=gnu99 -D__weak=__attribute__((weak)) -D__packed=__attribute__((__packed__)) -DUSE_HAL_DRIVER -DSTM32F103xB -I../Inc -I../Drivers/STM32F1xx_HAL_Driver/Inc -I../Drivers/STM32F1xx_HAL_Driver/Inc/Legacy -I../Middlewares/Third_Party/FreeRTOS/Source/portable/GCC/ARM_CM3 -I../Middlewares/ST/STM32_USB_Device_Library/Core/Inc -I../Middlewares/ST/STM32_USB_Device_Library/Class/CDC/Inc -I../Drivers/CMSIS/Device/ST/STM32F1xx/Include -I../Middlewares/Third_Party/FreeRTOS/Source/include -I../Middlewares/Third_Party/FreeRTOS/Source/CMSIS_RTOS -I../Drivers/CMSIS/Include -Og -ffunction-sections -fdata-sections -g3 -fstack-usage -Wall -specs=nano.specs -o Src\gsm_m950e.o ..\Src\gsm_m950e.c 
..\Src\gsm_m950e.c: In function 'AddTrustedPhones':
..\Src\gsm_m950e.c:135:11: warning: passing argument 1 of 'sprintf' discards 'volatile' qualifier from pointer target type [-Wdiscarded-qualifiers]
   sprintf(trustedPhones[0], "%s", phoneOne);
           ^~~~~~~~~~~~~
In file included from c:\program files (x86)\atollic\truestudio for stm32 9.0.1\armtools\arm-atollic-eabi\include\stdio.h:29:0,
                 from ../Drivers/STM32F1xx_HAL_Driver/Inc/stm32f1xx_hal_def.h:50,
                 from ../Drivers/STM32F1xx_HAL_Driver/Inc/stm32f1xx_hal_rcc.h:45,
                 from ../Inc/stm32f1xx_hal_conf.h:219,
                 from ../Drivers/STM32F1xx_HAL_Driver/Inc/stm32f1xx_hal.h:46,
                 from ..\Src\gsm_m950e.c:8:
c:\program files (x86)\atollic\truestudio for stm32 9.0.1\armtools\arm-atollic-eabi\include\stdio.h:244:5: note: expected 'char * restrict' but argument is of type 'volatile char *'
 int _EXFUN(sprintf, (char *__restrict, const char *__restrict, ...)
     ^
..\Src\gsm_m950e.c:137:11: warning: passing argument 1 of 'sprintf' discards 'volatile' qualifier from pointer target type [-Wdiscarded-qualifiers]
   sprintf(trustedPhones[1], "%s", phoneTwo);
           ^~~~~~~~~~~~~
In file included from c:\program files (x86)\atollic\truestudio for stm32 9.0.1\armtools\arm-atollic-eabi\include\stdio.h:29:0,
                 from ../Drivers/STM32F1xx_HAL_Driver/Inc/stm32f1xx_hal_def.h:50,
                 from ../Drivers/STM32F1xx_HAL_Driver/Inc/stm32f1xx_hal_rcc.h:45,
                 from ../Inc/stm32f1xx_hal_conf.h:219,
                 from ../Drivers/STM32F1xx_HAL_Driver/Inc/stm32f1xx_hal.h:46,
                 from ..\Src\gsm_m950e.c:8:
c:\program files (x86)\atollic\truestudio for stm32 9.0.1\armtools\arm-atollic-eabi\include\stdio.h:244:5: note: expected 'char * restrict' but argument is of type 'volatile char *'
 int _EXFUN(sprintf, (char *__restrict, const char *__restrict, ...)
     ^
..\Src\gsm_m950e.c: In function 'modem_init':
..\Src\gsm_m950e.c:219:15: warning: pointer targets in passing argument 1 of 'strstr' differ in signedness [-Wpointer-sign]
    if (strstr(uart_buffer, responce_ready) != NULL) {
               ^~~~~~~~~~~
In file included from c:\program files (x86)\atollic\truestudio for stm32 9.0.1\armtools\arm-atollic-eabi\include\stdio.h:29:0,
                 from ../Drivers/STM32F1xx_HAL_Driver/Inc/stm32f1xx_hal_def.h:50,
                 from ../Drivers/STM32F1xx_HAL_Driver/Inc/stm32f1xx_hal_rcc.h:45,
                 from ../Inc/stm32f1xx_hal_conf.h:219,
                 from ../Drivers/STM32F1xx_HAL_Driver/Inc/stm32f1xx_hal.h:46,
                 from ..\Src\gsm_m950e.c:8:
c:\program files (x86)\atollic\truestudio for stm32 9.0.1\armtools\arm-atollic-eabi\include\string.h:44:8: note: expected 'const char *' but argument is of type 'uint8_t * {aka unsigned char *}'
 char  *_EXFUN(strstr,(const char *, const char *));
        ^
..\Src\gsm_m950e.c: In function 'modem_run':
..\Src\gsm_m950e.c:267:34: warning: pointer targets in passing argument 2 of 'HAL_UART_Transmit' differ in signedness [-Wpointer-sign]
    if(HAL_UART_Transmit(&huart3, command_chkntw, sizeof(command_chkntw), 50) != HAL_OK) {
                                  ^~~~~~~~~~~~~~
In file included from ../Inc/stm32f1xx_hal_conf.h:315:0,
                 from ../Drivers/STM32F1xx_HAL_Driver/Inc/stm32f1xx_hal.h:46,
                 from ..\Src\gsm_m950e.c:8:
../Drivers/STM32F1xx_HAL_Driver/Inc/stm32f1xx_hal_uart.h:635:19: note: expected 'uint8_t * {aka unsigned char *}' but argument is of type 'char *'
 HAL_StatusTypeDef HAL_UART_Transmit(UART_HandleTypeDef *huart, uint8_t *pData, uint16_t Size, uint32_t Timeout);
                   ^~~~~~~~~~~~~~~~~
..\Src\gsm_m950e.c:293:14: warning: pointer targets in passing argument 1 of 'strstr' differ in signedness [-Wpointer-sign]
   if (strstr(uart_buffer, responce_chkntw) != NULL) {
              ^~~~~~~~~~~
In file included from c:\program files (x86)\atollic\truestudio for stm32 9.0.1\armtools\arm-atollic-eabi\include\stdio.h:29:0,
                 from ../Drivers/STM32F1xx_HAL_Driver/Inc/stm32f1xx_hal_def.h:50,
                 from ../Drivers/STM32F1xx_HAL_Driver/Inc/stm32f1xx_hal_rcc.h:45,
                 from ../Inc/stm32f1xx_hal_conf.h:219,
                 from ../Drivers/STM32F1xx_HAL_Driver/Inc/stm32f1xx_hal.h:46,
                 from ..\Src\gsm_m950e.c:8:
c:\program files (x86)\atollic\truestudio for stm32 9.0.1\armtools\arm-atollic-eabi\include\string.h:44:8: note: expected 'const char *' but argument is of type 'uint8_t * {aka unsigned char *}'
 char  *_EXFUN(strstr,(const char *, const char *));
        ^
..\Src\gsm_m950e.c:313:35: warning: pointer targets in passing argument 2 of 'HAL_UART_Transmit' differ in signedness [-Wpointer-sign]
     if(HAL_UART_Transmit(&huart3, command_chkntw, sizeof(command_chkntw), 50) != HAL_OK) {
                                   ^~~~~~~~~~~~~~
In file included from ../Inc/stm32f1xx_hal_conf.h:315:0,
                 from ../Drivers/STM32F1xx_HAL_Driver/Inc/stm32f1xx_hal.h:46,
                 from ..\Src\gsm_m950e.c:8:
../Drivers/STM32F1xx_HAL_Driver/Inc/stm32f1xx_hal_uart.h:635:19: note: expected 'uint8_t * {aka unsigned char *}' but argument is of type 'char *'
 HAL_StatusTypeDef HAL_UART_Transmit(UART_HandleTypeDef *huart, uint8_t *pData, uint16_t Size, uint32_t Timeout);
                   ^~~~~~~~~~~~~~~~~
..\Src\gsm_m950e.c:340:33: warning: pointer targets in passing argument 2 of 'HAL_UART_Transmit' differ in signedness [-Wpointer-sign]
   if(HAL_UART_Transmit(&huart3, call_number_buffer, strlen(call_number_buffer), 50) != HAL_OK) {
                                 ^~~~~~~~~~~~~~~~~~
In file included from ../Inc/stm32f1xx_hal_conf.h:315:0,
                 from ../Drivers/STM32F1xx_HAL_Driver/Inc/stm32f1xx_hal.h:46,
                 from ..\Src\gsm_m950e.c:8:
../Drivers/STM32F1xx_HAL_Driver/Inc/stm32f1xx_hal_uart.h:635:19: note: expected 'uint8_t * {aka unsigned char *}' but argument is of type 'char *'
 HAL_StatusTypeDef HAL_UART_Transmit(UART_HandleTypeDef *huart, uint8_t *pData, uint16_t Size, uint32_t Timeout);
                   ^~~~~~~~~~~~~~~~~
..\Src\gsm_m950e.c:350:13: warning: pointer targets in passing argument 1 of 'strstr' differ in signedness [-Wpointer-sign]
   if(strstr(uart_buffer, "OK") != NULL) {
             ^~~~~~~~~~~
In file included from c:\program files (x86)\atollic\truestudio for stm32 9.0.1\armtools\arm-atollic-eabi\include\stdio.h:29:0,
                 from ../Drivers/STM32F1xx_HAL_Driver/Inc/stm32f1xx_hal_def.h:50,
                 from ../Drivers/STM32F1xx_HAL_Driver/Inc/stm32f1xx_hal_rcc.h:45,
                 from ../Inc/stm32f1xx_hal_conf.h:219,
                 from ../Drivers/STM32F1xx_HAL_Driver/Inc/stm32f1xx_hal.h:46,
                 from ..\Src\gsm_m950e.c:8:
c:\program files (x86)\atollic\truestudio for stm32 9.0.1\armtools\arm-atollic-eabi\include\string.h:44:8: note: expected 'const char *' but argument is of type 'uint8_t * {aka unsigned char *}'
 char  *_EXFUN(strstr,(const char *, const char *));
        ^
..\Src\gsm_m950e.c:372:35: warning: pointer targets in passing argument 2 of 'HAL_UART_Transmit' differ in signedness [-Wpointer-sign]
    if (HAL_UART_Transmit(&huart3, command_abortcall, strlen(command_abortcall), 50) != HAL_OK) {
                                   ^~~~~~~~~~~~~~~~~
In file included from ../Inc/stm32f1xx_hal_conf.h:315:0,
                 from ../Drivers/STM32F1xx_HAL_Driver/Inc/stm32f1xx_hal.h:46,
                 from ..\Src\gsm_m950e.c:8:
../Drivers/STM32F1xx_HAL_Driver/Inc/stm32f1xx_hal_uart.h:635:19: note: expected 'uint8_t * {aka unsigned char *}' but argument is of type 'char *'
 HAL_StatusTypeDef HAL_UART_Transmit(UART_HandleTypeDef *huart, uint8_t *pData, uint16_t Size, uint32_t Timeout);
                   ^~~~~~~~~~~~~~~~~
..\Src\gsm_m950e.c:386:15: warning: pointer targets in passing argument 1 of 'strstr' differ in signedness [-Wpointer-sign]
    if((strstr(uart_buffer, "CONNECT") != NULL) ) {
               ^~~~~~~~~~~
In file included from c:\program files (x86)\atollic\truestudio for stm32 9.0.1\armtools\arm-atollic-eabi\include\stdio.h:29:0,
                 from ../Drivers/STM32F1xx_HAL_Driver/Inc/stm32f1xx_hal_def.h:50,
                 from ../Drivers/STM32F1xx_HAL_Driver/Inc/stm32f1xx_hal_rcc.h:45,
                 from ../Inc/stm32f1xx_hal_conf.h:219,
                 from ../Drivers/STM32F1xx_HAL_Driver/Inc/stm32f1xx_hal.h:46,
                 from ..\Src\gsm_m950e.c:8:
c:\program files (x86)\atollic\truestudio for stm32 9.0.1\armtools\arm-atollic-eabi\include\string.h:44:8: note: expected 'const char *' but argument is of type 'uint8_t * {aka unsigned char *}'
 char  *_EXFUN(strstr,(const char *, const char *));
        ^
..\Src\gsm_m950e.c:390:36: warning: pointer targets in passing argument 2 of 'HAL_UART_Transmit' differ in signedness [-Wpointer-sign]
     if (HAL_UART_Transmit(&huart3, command_abortcall, strlen(command_abortcall), 50) != HAL_OK) {
                                    ^~~~~~~~~~~~~~~~~
In file included from ../Inc/stm32f1xx_hal_conf.h:315:0,
                 from ../Drivers/STM32F1xx_HAL_Driver/Inc/stm32f1xx_hal.h:46,
                 from ..\Src\gsm_m950e.c:8:
../Drivers/STM32F1xx_HAL_Driver/Inc/stm32f1xx_hal_uart.h:635:19: note: expected 'uint8_t * {aka unsigned char *}' but argument is of type 'char *'
 HAL_StatusTypeDef HAL_UART_Transmit(UART_HandleTypeDef *huart, uint8_t *pData, uint16_t Size, uint32_t Timeout);
                   ^~~~~~~~~~~~~~~~~
..\Src\gsm_m950e.c:399:22: warning: pointer targets in passing argument 1 of 'strstr' differ in signedness [-Wpointer-sign]
    } else if((strstr(uart_buffer, "NO CARRIER") != NULL)) {
                      ^~~~~~~~~~~
In file included from c:\program files (x86)\atollic\truestudio for stm32 9.0.1\armtools\arm-atollic-eabi\include\stdio.h:29:0,
                 from ../Drivers/STM32F1xx_HAL_Driver/Inc/stm32f1xx_hal_def.h:50,
                 from ../Drivers/STM32F1xx_HAL_Driver/Inc/stm32f1xx_hal_rcc.h:45,
                 from ../Inc/stm32f1xx_hal_conf.h:219,
                 from ../Drivers/STM32F1xx_HAL_Driver/Inc/stm32f1xx_hal.h:46,
                 from ..\Src\gsm_m950e.c:8:
c:\program files (x86)\atollic\truestudio for stm32 9.0.1\armtools\arm-atollic-eabi\include\string.h:44:8: note: expected 'const char *' but argument is of type 'uint8_t * {aka unsigned char *}'
 char  *_EXFUN(strstr,(const char *, const char *));
        ^
..\Src\gsm_m950e.c:403:36: warning: pointer targets in passing argument 2 of 'HAL_UART_Transmit' differ in signedness [-Wpointer-sign]
     if (HAL_UART_Transmit(&huart3, command_abortcall, strlen(command_abortcall), 50) != HAL_OK) {
                                    ^~~~~~~~~~~~~~~~~
In file included from ../Inc/stm32f1xx_hal_conf.h:315:0,
                 from ../Drivers/STM32F1xx_HAL_Driver/Inc/stm32f1xx_hal.h:46,
                 from ..\Src\gsm_m950e.c:8:
../Drivers/STM32F1xx_HAL_Driver/Inc/stm32f1xx_hal_uart.h:635:19: note: expected 'uint8_t * {aka unsigned char *}' but argument is of type 'char *'
 HAL_StatusTypeDef HAL_UART_Transmit(UART_HandleTypeDef *huart, uint8_t *pData, uint16_t Size, uint32_t Timeout);
                   ^~~~~~~~~~~~~~~~~
..\Src\gsm_m950e.c:441:34: warning: pointer targets in passing argument 2 of 'HAL_UART_Transmit' differ in signedness [-Wpointer-sign]
   if (HAL_UART_Transmit(&huart3, command_inccall, sizeof(command_inccall), 50) != HAL_OK) {
                                  ^~~~~~~~~~~~~~~
In file included from ../Inc/stm32f1xx_hal_conf.h:315:0,
                 from ../Drivers/STM32F1xx_HAL_Driver/Inc/stm32f1xx_hal.h:46,
                 from ..\Src\gsm_m950e.c:8:
../Drivers/STM32F1xx_HAL_Driver/Inc/stm32f1xx_hal_uart.h:635:19: note: expected 'uint8_t * {aka unsigned char *}' but argument is of type 'char *'
 HAL_StatusTypeDef HAL_UART_Transmit(UART_HandleTypeDef *huart, uint8_t *pData, uint16_t Size, uint32_t Timeout);
                   ^~~~~~~~~~~~~~~~~
..\Src\gsm_m950e.c:453:14: warning: pointer targets in passing argument 1 of 'strstr' differ in signedness [-Wpointer-sign]
   if (strstr(uart_buffer, "RING") != NULL) {
              ^~~~~~~~~~~
In file included from c:\program files (x86)\atollic\truestudio for stm32 9.0.1\armtools\arm-atollic-eabi\include\stdio.h:29:0,
                 from ../Drivers/STM32F1xx_HAL_Driver/Inc/stm32f1xx_hal_def.h:50,
                 from ../Drivers/STM32F1xx_HAL_Driver/Inc/stm32f1xx_hal_rcc.h:45,
                 from ../Inc/stm32f1xx_hal_conf.h:219,
                 from ../Drivers/STM32F1xx_HAL_Driver/Inc/stm32f1xx_hal.h:46,
                 from ..\Src\gsm_m950e.c:8:
c:\program files (x86)\atollic\truestudio for stm32 9.0.1\armtools\arm-atollic-eabi\include\string.h:44:8: note: expected 'const char *' but argument is of type 'uint8_t * {aka unsigned char *}'
 char  *_EXFUN(strstr,(const char *, const char *));
        ^
..\Src\gsm_m950e.c:455:15: warning: pointer targets in passing argument 1 of 'strstr' differ in signedness [-Wpointer-sign]
    if (strstr(uart_buffer, (char *)trustedPhones[0]) != NULL) {
               ^~~~~~~~~~~
In file included from c:\program files (x86)\atollic\truestudio for stm32 9.0.1\armtools\arm-atollic-eabi\include\stdio.h:29:0,
                 from ../Drivers/STM32F1xx_HAL_Driver/Inc/stm32f1xx_hal_def.h:50,
                 from ../Drivers/STM32F1xx_HAL_Driver/Inc/stm32f1xx_hal_rcc.h:45,
                 from ../Inc/stm32f1xx_hal_conf.h:219,
                 from ../Drivers/STM32F1xx_HAL_Driver/Inc/stm32f1xx_hal.h:46,
                 from ..\Src\gsm_m950e.c:8:
c:\program files (x86)\atollic\truestudio for stm32 9.0.1\armtools\arm-atollic-eabi\include\string.h:44:8: note: expected 'const char *' but argument is of type 'uint8_t * {aka unsigned char *}'
 char  *_EXFUN(strstr,(const char *, const char *));
        ^
..\Src\gsm_m950e.c:459:22: warning: pointer targets in passing argument 1 of 'strstr' differ in signedness [-Wpointer-sign]
    } else if (strstr(uart_buffer, (char *)trustedPhones[1]) != NULL) {
                      ^~~~~~~~~~~
In file included from c:\program files (x86)\atollic\truestudio for stm32 9.0.1\armtools\arm-atollic-eabi\include\stdio.h:29:0,
                 from ../Drivers/STM32F1xx_HAL_Driver/Inc/stm32f1xx_hal_def.h:50,
                 from ../Drivers/STM32F1xx_HAL_Driver/Inc/stm32f1xx_hal_rcc.h:45,
                 from ../Inc/stm32f1xx_hal_conf.h:219,
                 from ../Drivers/STM32F1xx_HAL_Driver/Inc/stm32f1xx_hal.h:46,
                 from ..\Src\gsm_m950e.c:8:
c:\program files (x86)\atollic\truestudio for stm32 9.0.1\armtools\arm-atollic-eabi\include\string.h:44:8: note: expected 'const char *' but argument is of type 'uint8_t * {aka unsigned char *}'
 char  *_EXFUN(strstr,(const char *, const char *));
        ^
..\Src\gsm_m950e.c:465:35: warning: pointer targets in passing argument 2 of 'HAL_UART_Transmit' differ in signedness [-Wpointer-sign]
    if (HAL_UART_Transmit(&huart3, command_abortcall, strlen(command_abortcall), 50) != HAL_OK) {
                                   ^~~~~~~~~~~~~~~~~
In file included from ../Inc/stm32f1xx_hal_conf.h:315:0,
                 from ../Drivers/STM32F1xx_HAL_Driver/Inc/stm32f1xx_hal.h:46,
                 from ..\Src\gsm_m950e.c:8:
../Drivers/STM32F1xx_HAL_Driver/Inc/stm32f1xx_hal_uart.h:635:19: note: expected 'uint8_t * {aka unsigned char *}' but argument is of type 'char *'
 HAL_StatusTypeDef HAL_UART_Transmit(UART_HandleTypeDef *huart, uint8_t *pData, uint16_t Size, uint32_t Timeout);
                   ^~~~~~~~~~~~~~~~~
arm-atollic-eabi-gcc -c -mthumb -mcpu=cortex-m3 -std=gnu99 -D__weak=__attribute__((weak)) -D__packed=__attribute__((__packed__)) -DUSE_HAL_DRIVER -DSTM32F103xB -I../Inc -I../Drivers/STM32F1xx_HAL_Driver/Inc -I../Drivers/STM32F1xx_HAL_Driver/Inc/Legacy -I../Middlewares/Third_Party/FreeRTOS/Source/portable/GCC/ARM_CM3 -I../Middlewares/ST/STM32_USB_Device_Library/Core/Inc -I../Middlewares/ST/STM32_USB_Device_Library/Class/CDC/Inc -I../Drivers/CMSIS/Device/ST/STM32F1xx/Include -I../Middlewares/Third_Party/FreeRTOS/Source/include -I../Middlewares/Third_Party/FreeRTOS/Source/CMSIS_RTOS -I../Drivers/CMSIS/Include -Og -ffunction-sections -fdata-sections -g3 -fstack-usage -Wall -specs=nano.specs -o Src\Logic.o ..\Src\Logic.c 
In file included from ..\Src\Logic.c:14:0:
..\Src\Logic.c: In function 'buttonHandler':
../Middlewares/Third_Party/FreeRTOS/Source/include/queue.h:437:115: warning: passing argument 3 of 'xQueueGenericSend' makes integer from pointer without a cast [-Wint-conversion]
 #define xQueueSendToBack( xQueue, pvItemToQueue, xTicksToWait ) xQueueGenericSend( ( xQueue ), ( pvItemToQueue ), ( xTicksToWait ), queueSEND_TO_BACK )
                                                                                                                   ^
..\Src\Logic.c:151:3: note: in expansion of macro 'xQueueSendToBack'
   xQueueSendToBack(buttonQueue, &button, NULL);
   ^~~~~~~~~~~~~~~~
../Middlewares/Third_Party/FreeRTOS/Source/include/queue.h:692:12: note: expected 'TickType_t {aka long unsigned int}' but argument is of type 'void *'
 BaseType_t xQueueGenericSend( QueueHandle_t xQueue, const void * const pvItemToQueue, TickType_t xTicksToWait, const BaseType_t xCopyPosition ) PRIVILEGED_FUNCTION;
            ^~~~~~~~~~~~~~~~~
..\Src\Logic.c: In function 'checkPassword':
..\Src\Logic.c:171:9: warning: type defaults to 'int' in declaration of 'lastButtTime' [-Wimplicit-int]
  static lastButtTime = 0;
         ^~~~~~~~~~~~
..\Src\Logic.c:172:9: warning: type defaults to 'int' in declaration of 'buttonCounter' [-Wimplicit-int]
  static buttonCounter = 0;
         ^~~~~~~~~~~~~
In file included from ..\Src\Logic.c:14:0:
../Middlewares/Third_Party/FreeRTOS/Source/include/queue.h:914:105: warning: passing argument 3 of 'xQueueGenericReceive' makes integer from pointer without a cast [-Wint-conversion]
 #define xQueueReceive( xQueue, pvBuffer, xTicksToWait ) xQueueGenericReceive( ( xQueue ), ( pvBuffer ), ( xTicksToWait ), pdFALSE )
                                                                                                         ^
..\Src\Logic.c:180:5: note: in expansion of macro 'xQueueReceive'
  if(xQueueReceive(buttonQueue, &pass_buff[buttonCounter], NULL) == pdTRUE) {
     ^~~~~~~~~~~~~
../Middlewares/Third_Party/FreeRTOS/Source/include/queue.h:1013:12: note: expected 'TickType_t {aka long unsigned int}' but argument is of type 'void *'
 BaseType_t xQueueGenericReceive( QueueHandle_t xQueue, void * const pvBuffer, TickType_t xTicksToWait, const BaseType_t xJustPeek ) PRIVILEGED_FUNCTION;
            ^~~~~~~~~~~~~~~~~~~~
..\Src\Logic.c: In function 'signalProc':
..\Src\Logic.c:345:1: warning: control reaches end of non-void function [-Wreturn-type]
 }
 ^
arm-atollic-eabi-gcc -c -mthumb -mcpu=cortex-m3 -std=gnu99 -D__weak=__attribute__((weak)) -D__packed=__attribute__((__packed__)) -DUSE_HAL_DRIVER -DSTM32F103xB -I../Inc -I../Drivers/STM32F1xx_HAL_Driver/Inc -I../Drivers/STM32F1xx_HAL_Driver/Inc/Legacy -I../Middlewares/Third_Party/FreeRTOS/Source/portable/GCC/ARM_CM3 -I../Middlewares/ST/STM32_USB_Device_Library/Core/Inc -I../Middlewares/ST/STM32_USB_Device_Library/Class/CDC/Inc -I../Drivers/CMSIS/Device/ST/STM32F1xx/Include -I../Middlewares/Third_Party/FreeRTOS/Source/include -I../Middlewares/Third_Party/FreeRTOS/Source/CMSIS_RTOS -I../Drivers/CMSIS/Include -Og -ffunction-sections -fdata-sections -g3 -fstack-usage -Wall -specs=nano.specs -o Src\usbd_cdc_if.o ..\Src\usbd_cdc_if.c 
arm-atollic-eabi-gcc -c -mthumb -mcpu=cortex-m3 -std=gnu99 -D__weak=__attribute__((weak)) -D__packed=__attribute__((__packed__)) -DUSE_HAL_DRIVER -DSTM32F103xB -I../Inc -I../Drivers/STM32F1xx_HAL_Driver/Inc -I../Drivers/STM32F1xx_HAL_Driver/Inc/Legacy -I../Middlewares/Third_Party/FreeRTOS/Source/portable/GCC/ARM_CM3 -I../Middlewares/ST/STM32_USB_Device_Library/Core/Inc -I../Middlewares/ST/STM32_USB_Device_Library/Class/CDC/Inc -I../Drivers/CMSIS/Device/ST/STM32F1xx/Include -I../Middlewares/Third_Party/FreeRTOS/Source/include -I../Middlewares/Third_Party/FreeRTOS/Source/CMSIS_RTOS -I../Drivers/CMSIS/Include -Og -ffunction-sections -fdata-sections -g3 -fstack-usage -Wall -specs=nano.specs -o Drivers\STM32F1xx_HAL_Driver\Src\stm32f1xx_hal_pcd_ex.o ..\Drivers\STM32F1xx_HAL_Driver\Src\stm32f1xx_hal_pcd_ex.c 
arm-atollic-eabi-gcc -c -mthumb -mcpu=cortex-m3 -std=gnu99 -D__weak=__attribute__((weak)) -D__packed=__attribute__((__packed__)) -DUSE_HAL_DRIVER -DSTM32F103xB -I../Inc -I../Drivers/STM32F1xx_HAL_Driver/Inc -I../Drivers/STM32F1xx_HAL_Driver/Inc/Legacy -I../Middlewares/Third_Party/FreeRTOS/Source/portable/GCC/ARM_CM3 -I../Middlewares/ST/STM32_USB_Device_Library/Core/Inc -I../Middlewares/ST/STM32_USB_Device_Library/Class/CDC/Inc -I../Drivers/CMSIS/Device/ST/STM32F1xx/Include -I../Middlewares/Third_Party/FreeRTOS/Source/include -I../Middlewares/Third_Party/FreeRTOS/Source/CMSIS_RTOS -I../Drivers/CMSIS/Include -Og -ffunction-sections -fdata-sections -g3 -fstack-usage -Wall -specs=nano.specs -o Middlewares\Third_Party\FreeRTOS\Source\portable\GCC\ARM_CM3\port.o ..\Middlewares\Third_Party\FreeRTOS\Source\portable\GCC\ARM_CM3\port.c 
arm-atollic-eabi-gcc -c -mthumb -mcpu=cortex-m3 -std=gnu99 -D__weak=__attribute__((weak)) -D__packed=__attribute__((__packed__)) -DUSE_HAL_DRIVER -DSTM32F103xB -I../Inc -I../Drivers/STM32F1xx_HAL_Driver/Inc -I../Drivers/STM32F1xx_HAL_Driver/Inc/Legacy -I../Middlewares/Third_Party/FreeRTOS/Source/portable/GCC/ARM_CM3 -I../Middlewares/ST/STM32_USB_Device_Library/Core/Inc -I../Middlewares/ST/STM32_USB_Device_Library/Class/CDC/Inc -I../Drivers/CMSIS/Device/ST/STM32F1xx/Include -I../Middlewares/Third_Party/FreeRTOS/Source/include -I../Middlewares/Third_Party/FreeRTOS/Source/CMSIS_RTOS -I../Drivers/CMSIS/Include -Og -ffunction-sections -fdata-sections -g3 -fstack-usage -Wall -specs=nano.specs -o Middlewares\Third_Party\FreeRTOS\Source\CMSIS_RTOS\cmsis_os.o ..\Middlewares\Third_Party\FreeRTOS\Source\CMSIS_RTOS\cmsis_os.c 
arm-atollic-eabi-gcc -c -mthumb -mcpu=cortex-m3 -std=gnu99 -D__weak=__attribute__((weak)) -D__packed=__attribute__((__packed__)) -DUSE_HAL_DRIVER -DSTM32F103xB -I../Inc -I../Drivers/STM32F1xx_HAL_Driver/Inc -I../Drivers/STM32F1xx_HAL_Driver/Inc/Legacy -I../Middlewares/Third_Party/FreeRTOS/Source/portable/GCC/ARM_CM3 -I../Middlewares/ST/STM32_USB_Device_Library/Core/Inc -I../Middlewares/ST/STM32_USB_Device_Library/Class/CDC/Inc -I../Drivers/CMSIS/Device/ST/STM32F1xx/Include -I../Middlewares/Third_Party/FreeRTOS/Source/include -I../Middlewares/Third_Party/FreeRTOS/Source/CMSIS_RTOS -I../Drivers/CMSIS/Include -Og -ffunction-sections -fdata-sections -g3 -fstack-usage -Wall -specs=nano.specs -o Src\stm32f1xx_it.o ..\Src\stm32f1xx_it.c 
arm-atollic-eabi-gcc -c -mthumb -mcpu=cortex-m3 -std=gnu99 -D__weak=__attribute__((weak)) -D__packed=__attribute__((__packed__)) -DUSE_HAL_DRIVER -DSTM32F103xB -I../Inc -I../Drivers/STM32F1xx_HAL_Driver/Inc -I../Drivers/STM32F1xx_HAL_Driver/Inc/Legacy -I../Middlewares/Third_Party/FreeRTOS/Source/portable/GCC/ARM_CM3 -I../Middlewares/ST/STM32_USB_Device_Library/Core/Inc -I../Middlewares/ST/STM32_USB_Device_Library/Class/CDC/Inc -I../Drivers/CMSIS/Device/ST/STM32F1xx/Include -I../Middlewares/Third_Party/FreeRTOS/Source/include -I../Middlewares/Third_Party/FreeRTOS/Source/CMSIS_RTOS -I../Drivers/CMSIS/Include -Og -ffunction-sections -fdata-sections -g3 -fstack-usage -Wall -specs=nano.specs -o Drivers\STM32F1xx_HAL_Driver\Src\stm32f1xx_hal_gpio_ex.o ..\Drivers\STM32F1xx_HAL_Driver\Src\stm32f1xx_hal_gpio_ex.c 
arm-atollic-eabi-gcc -c -mthumb -mcpu=cortex-m3 -std=gnu99 -D__weak=__attribute__((weak)) -D__packed=__attribute__((__packed__)) -DUSE_HAL_DRIVER -DSTM32F103xB -I../Inc -I../Drivers/STM32F1xx_HAL_Driver/Inc -I../Drivers/STM32F1xx_HAL_Driver/Inc/Legacy -I../Middlewares/Third_Party/FreeRTOS/Source/portable/GCC/ARM_CM3 -I../Middlewares/ST/STM32_USB_Device_Library/Core/Inc -I../Middlewares/ST/STM32_USB_Device_Library/Class/CDC/Inc -I../Drivers/CMSIS/Device/ST/STM32F1xx/Include -I../Middlewares/Third_Party/FreeRTOS/Source/include -I../Middlewares/Third_Party/FreeRTOS/Source/CMSIS_RTOS -I../Drivers/CMSIS/Include -Og -ffunction-sections -fdata-sections -g3 -fstack-usage -Wall -specs=nano.specs -o Middlewares\Third_Party\FreeRTOS\Source\timers.o ..\Middlewares\Third_Party\FreeRTOS\Source\timers.c 
arm-atollic-eabi-gcc -c -mthumb -mcpu=cortex-m3 -std=gnu99 -D__weak=__attribute__((weak)) -D__packed=__attribute__((__packed__)) -DUSE_HAL_DRIVER -DSTM32F103xB -I../Inc -I../Drivers/STM32F1xx_HAL_Driver/Inc -I../Drivers/STM32F1xx_HAL_Driver/Inc/Legacy -I../Middlewares/Third_Party/FreeRTOS/Source/portable/GCC/ARM_CM3 -I../Middlewares/ST/STM32_USB_Device_Library/Core/Inc -I../Middlewares/ST/STM32_USB_Device_Library/Class/CDC/Inc -I../Drivers/CMSIS/Device/ST/STM32F1xx/Include -I../Middlewares/Third_Party/FreeRTOS/Source/include -I../Middlewares/Third_Party/FreeRTOS/Source/CMSIS_RTOS -I../Drivers/CMSIS/Include -Og -ffunction-sections -fdata-sections -g3 -fstack-usage -Wall -specs=nano.specs -o Drivers\STM32F1xx_HAL_Driver\Src\stm32f1xx_hal_dma.o ..\Drivers\STM32F1xx_HAL_Driver\Src\stm32f1xx_hal_dma.c 
arm-atollic-eabi-gcc -c -mthumb -mcpu=cortex-m3 -std=gnu99 -D__weak=__attribute__((weak)) -D__packed=__attribute__((__packed__)) -DUSE_HAL_DRIVER -DSTM32F103xB -I../Inc -I../Drivers/STM32F1xx_HAL_Driver/Inc -I../Drivers/STM32F1xx_HAL_Driver/Inc/Legacy -I../Middlewares/Third_Party/FreeRTOS/Source/portable/GCC/ARM_CM3 -I../Middlewares/ST/STM32_USB_Device_Library/Core/Inc -I../Middlewares/ST/STM32_USB_Device_Library/Class/CDC/Inc -I../Drivers/CMSIS/Device/ST/STM32F1xx/Include -I../Middlewares/Third_Party/FreeRTOS/Source/include -I../Middlewares/Third_Party/FreeRTOS/Source/CMSIS_RTOS -I../Drivers/CMSIS/Include -Og -ffunction-sections -fdata-sections -g3 -fstack-usage -Wall -specs=nano.specs -o Src\usb_device.o ..\Src\usb_device.c 
arm-atollic-eabi-gcc -c -mthumb -mcpu=cortex-m3 -g3 -Wa,--no-warn -x assembler-with-cpp -specs=nano.specs -o startup\startup_stm32f103xb.o ..\startup\startup_stm32f103xb.s 
arm-atollic-eabi-gcc -c -mthumb -mcpu=cortex-m3 -std=gnu99 -D__weak=__attribute__((weak)) -D__packed=__attribute__((__packed__)) -DUSE_HAL_DRIVER -DSTM32F103xB -I../Inc -I../Drivers/STM32F1xx_HAL_Driver/Inc -I../Drivers/STM32F1xx_HAL_Driver/Inc/Legacy -I../Middlewares/Third_Party/FreeRTOS/Source/portable/GCC/ARM_CM3 -I../Middlewares/ST/STM32_USB_Device_Library/Core/Inc -I../Middlewares/ST/STM32_USB_Device_Library/Class/CDC/Inc -I../Drivers/CMSIS/Device/ST/STM32F1xx/Include -I../Middlewares/Third_Party/FreeRTOS/Source/include -I../Middlewares/Third_Party/FreeRTOS/Source/CMSIS_RTOS -I../Drivers/CMSIS/Include -Og -ffunction-sections -fdata-sections -g3 -fstack-usage -Wall -specs=nano.specs -o Drivers\STM32F1xx_HAL_Driver\Src\stm32f1xx_hal_rcc_ex.o ..\Drivers\STM32F1xx_HAL_Driver\Src\stm32f1xx_hal_rcc_ex.c 
arm-atollic-eabi-gcc -c -mthumb -mcpu=cortex-m3 -std=gnu99 -D__weak=__attribute__((weak)) -D__packed=__attribute__((__packed__)) -DUSE_HAL_DRIVER -DSTM32F103xB -I../Inc -I../Drivers/STM32F1xx_HAL_Driver/Inc -I../Drivers/STM32F1xx_HAL_Driver/Inc/Legacy -I../Middlewares/Third_Party/FreeRTOS/Source/portable/GCC/ARM_CM3 -I../Middlewares/ST/STM32_USB_Device_Library/Core/Inc -I../Middlewares/ST/STM32_USB_Device_Library/Class/CDC/Inc -I../Drivers/CMSIS/Device/ST/STM32F1xx/Include -I../Middlewares/Third_Party/FreeRTOS/Source/include -I../Middlewares/Third_Party/FreeRTOS/Source/CMSIS_RTOS -I../Drivers/CMSIS/Include -Og -ffunction-sections -fdata-sections -g3 -fstack-usage -Wall -specs=nano.specs -o Drivers\STM32F1xx_HAL_Driver\Src\stm32f1xx_hal_tim.o ..\Drivers\STM32F1xx_HAL_Driver\Src\stm32f1xx_hal_tim.c 
arm-atollic-eabi-gcc -c -mthumb -mcpu=cortex-m3 -std=gnu99 -D__weak=__attribute__((weak)) -D__packed=__attribute__((__packed__)) -DUSE_HAL_DRIVER -DSTM32F103xB -I../Inc -I../Drivers/STM32F1xx_HAL_Driver/Inc -I../Drivers/STM32F1xx_HAL_Driver/Inc/Legacy -I../Middlewares/Third_Party/FreeRTOS/Source/portable/GCC/ARM_CM3 -I../Middlewares/ST/STM32_USB_Device_Library/Core/Inc -I../Middlewares/ST/STM32_USB_Device_Library/Class/CDC/Inc -I../Drivers/CMSIS/Device/ST/STM32F1xx/Include -I../Middlewares/Third_Party/FreeRTOS/Source/include -I../Middlewares/Third_Party/FreeRTOS/Source/CMSIS_RTOS -I../Drivers/CMSIS/Include -Og -ffunction-sections -fdata-sections -g3 -fstack-usage -Wall -specs=nano.specs -o Src\freertos.o ..\Src\freertos.c 
arm-atollic-eabi-gcc -c -mthumb -mcpu=cortex-m3 -std=gnu99 -D__weak=__attribute__((weak)) -D__packed=__attribute__((__packed__)) -DUSE_HAL_DRIVER -DSTM32F103xB -I../Inc -I../Drivers/STM32F1xx_HAL_Driver/Inc -I../Drivers/STM32F1xx_HAL_Driver/Inc/Legacy -I../Middlewares/Third_Party/FreeRTOS/Source/portable/GCC/ARM_CM3 -I../Middlewares/ST/STM32_USB_Device_Library/Core/Inc -I../Middlewares/ST/STM32_USB_Device_Library/Class/CDC/Inc -I../Drivers/CMSIS/Device/ST/STM32F1xx/Include -I../Middlewares/Third_Party/FreeRTOS/Source/include -I../Middlewares/Third_Party/FreeRTOS/Source/CMSIS_RTOS -I../Drivers/CMSIS/Include -Og -ffunction-sections -fdata-sections -g3 -fstack-usage -Wall -specs=nano.specs -o Middlewares\Third_Party\FreeRTOS\Source\queue.o ..\Middlewares\Third_Party\FreeRTOS\Source\queue.c 
arm-atollic-eabi-gcc -c -mthumb -mcpu=cortex-m3 -std=gnu99 -D__weak=__attribute__((weak)) -D__packed=__attribute__((__packed__)) -DUSE_HAL_DRIVER -DSTM32F103xB -I../Inc -I../Drivers/STM32F1xx_HAL_Driver/Inc -I../Drivers/STM32F1xx_HAL_Driver/Inc/Legacy -I../Middlewares/Third_Party/FreeRTOS/Source/portable/GCC/ARM_CM3 -I../Middlewares/ST/STM32_USB_Device_Library/Core/Inc -I../Middlewares/ST/STM32_USB_Device_Library/Class/CDC/Inc -I../Drivers/CMSIS/Device/ST/STM32F1xx/Include -I../Middlewares/Third_Party/FreeRTOS/Source/include -I../Middlewares/Third_Party/FreeRTOS/Source/CMSIS_RTOS -I../Drivers/CMSIS/Include -Og -ffunction-sections -fdata-sections -g3 -fstack-usage -Wall -specs=nano.specs -o Src\main.o ..\Src\main.c 
..\Src\main.c: In function 'TestTask':
..\Src\main.c:89:20: warning: variable 'stack' set but not used [-Wunused-but-set-variable]
  volatile uint32_t stack[3] = { 0, 0, 0 };
                    ^~~~~
..\Src\main.c:88:20: warning: variable 'heap' set but not used [-Wunused-but-set-variable]
  volatile uint32_t heap = 0;
                    ^~~~
arm-atollic-eabi-gcc -c -mthumb -mcpu=cortex-m3 -std=gnu99 -D__weak=__attribute__((weak)) -D__packed=__attribute__((__packed__)) -DUSE_HAL_DRIVER -DSTM32F103xB -I../Inc -I../Drivers/STM32F1xx_HAL_Driver/Inc -I../Drivers/STM32F1xx_HAL_Driver/Inc/Legacy -I../Middlewares/Third_Party/FreeRTOS/Source/portable/GCC/ARM_CM3 -I../Middlewares/ST/STM32_USB_Device_Library/Core/Inc -I../Middlewares/ST/STM32_USB_Device_Library/Class/CDC/Inc -I../Drivers/CMSIS/Device/ST/STM32F1xx/Include -I../Middlewares/Third_Party/FreeRTOS/Source/include -I../Middlewares/Third_Party/FreeRTOS/Source/CMSIS_RTOS -I../Drivers/CMSIS/Include -Og -ffunction-sections -fdata-sections -g3 -fstack-usage -Wall -specs=nano.specs -o Drivers\STM32F1xx_HAL_Driver\Src\stm32f1xx_hal_pcd.o ..\Drivers\STM32F1xx_HAL_Driver\Src\stm32f1xx_hal_pcd.c 
arm-atollic-eabi-gcc -c -mthumb -mcpu=cortex-m3 -std=gnu99 -D__weak=__attribute__((weak)) -D__packed=__attribute__((__packed__)) -DUSE_HAL_DRIVER -DSTM32F103xB -I../Inc -I../Drivers/STM32F1xx_HAL_Driver/Inc -I../Drivers/STM32F1xx_HAL_Driver/Inc/Legacy -I../Middlewares/Third_Party/FreeRTOS/Source/portable/GCC/ARM_CM3 -I../Middlewares/ST/STM32_USB_Device_Library/Core/Inc -I../Middlewares/ST/STM32_USB_Device_Library/Class/CDC/Inc -I../Drivers/CMSIS/Device/ST/STM32F1xx/Include -I../Middlewares/Third_Party/FreeRTOS/Source/include -I../Middlewares/Third_Party/FreeRTOS/Source/CMSIS_RTOS -I../Drivers/CMSIS/Include -Og -ffunction-sections -fdata-sections -g3 -fstack-usage -Wall -specs=nano.specs -o Middlewares\Third_Party\FreeRTOS\Source\croutine.o ..\Middlewares\Third_Party\FreeRTOS\Source\croutine.c 
arm-atollic-eabi-gcc -c -mthumb -mcpu=cortex-m3 -std=gnu99 -D__weak=__attribute__((weak)) -D__packed=__attribute__((__packed__)) -DUSE_HAL_DRIVER -DSTM32F103xB -I../Inc -I../Drivers/STM32F1xx_HAL_Driver/Inc -I../Drivers/STM32F1xx_HAL_Driver/Inc/Legacy -I../Middlewares/Third_Party/FreeRTOS/Source/portable/GCC/ARM_CM3 -I../Middlewares/ST/STM32_USB_Device_Library/Core/Inc -I../Middlewares/ST/STM32_USB_Device_Library/Class/CDC/Inc -I../Drivers/CMSIS/Device/ST/STM32F1xx/Include -I../Middlewares/Third_Party/FreeRTOS/Source/include -I../Middlewares/Third_Party/FreeRTOS/Source/CMSIS_RTOS -I../Drivers/CMSIS/Include -Og -ffunction-sections -fdata-sections -g3 -fstack-usage -Wall -specs=nano.specs -o Src\stm32f1xx_hal_timebase_TIM.o ..\Src\stm32f1xx_hal_timebase_TIM.c 
arm-atollic-eabi-gcc -c -mthumb -mcpu=cortex-m3 -std=gnu99 -D__weak=__attribute__((weak)) -D__packed=__attribute__((__packed__)) -DUSE_HAL_DRIVER -DSTM32F103xB -I../Inc -I../Drivers/STM32F1xx_HAL_Driver/Inc -I../Drivers/STM32F1xx_HAL_Driver/Inc/Legacy -I../Middlewares/Third_Party/FreeRTOS/Source/portable/GCC/ARM_CM3 -I../Middlewares/ST/STM32_USB_Device_Library/Core/Inc -I../Middlewares/ST/STM32_USB_Device_Library/Class/CDC/Inc -I../Drivers/CMSIS/Device/ST/STM32F1xx/Include -I../Middlewares/Third_Party/FreeRTOS/Source/include -I../Middlewares/Third_Party/FreeRTOS/Source/CMSIS_RTOS -I../Drivers/CMSIS/Include -Og -ffunction-sections -fdata-sections -g3 -fstack-usage -Wall -specs=nano.specs -o Drivers\STM32F1xx_HAL_Driver\Src\stm32f1xx_hal_rcc.o ..\Drivers\STM32F1xx_HAL_Driver\Src\stm32f1xx_hal_rcc.c 
arm-atollic-eabi-gcc -c -mthumb -mcpu=cortex-m3 -std=gnu99 -D__weak=__attribute__((weak)) -D__packed=__attribute__((__packed__)) -DUSE_HAL_DRIVER -DSTM32F103xB -I../Inc -I../Drivers/STM32F1xx_HAL_Driver/Inc -I../Drivers/STM32F1xx_HAL_Driver/Inc/Legacy -I../Middlewares/Third_Party/FreeRTOS/Source/portable/GCC/ARM_CM3 -I../Middlewares/ST/STM32_USB_Device_Library/Core/Inc -I../Middlewares/ST/STM32_USB_Device_Library/Class/CDC/Inc -I../Drivers/CMSIS/Device/ST/STM32F1xx/Include -I../Middlewares/Third_Party/FreeRTOS/Source/include -I../Middlewares/Third_Party/FreeRTOS/Source/CMSIS_RTOS -I../Drivers/CMSIS/Include -Og -ffunction-sections -fdata-sections -g3 -fstack-usage -Wall -specs=nano.specs -o Drivers\STM32F1xx_HAL_Driver\Src\stm32f1xx_hal_flash.o ..\Drivers\STM32F1xx_HAL_Driver\Src\stm32f1xx_hal_flash.c 
arm-atollic-eabi-gcc -c -mthumb -mcpu=cortex-m3 -std=gnu99 -D__weak=__attribute__((weak)) -D__packed=__attribute__((__packed__)) -DUSE_HAL_DRIVER -DSTM32F103xB -I../Inc -I../Drivers/STM32F1xx_HAL_Driver/Inc -I../Drivers/STM32F1xx_HAL_Driver/Inc/Legacy -I../Middlewares/Third_Party/FreeRTOS/Source/portable/GCC/ARM_CM3 -I../Middlewares/ST/STM32_USB_Device_Library/Core/Inc -I../Middlewares/ST/STM32_USB_Device_Library/Class/CDC/Inc -I../Drivers/CMSIS/Device/ST/STM32F1xx/Include -I../Middlewares/Third_Party/FreeRTOS/Source/include -I../Middlewares/Third_Party/FreeRTOS/Source/CMSIS_RTOS -I../Drivers/CMSIS/Include -Og -ffunction-sections -fdata-sections -g3 -fstack-usage -Wall -specs=nano.specs -o Drivers\STM32F1xx_HAL_Driver\Src\stm32f1xx_ll_usb.o ..\Drivers\STM32F1xx_HAL_Driver\Src\stm32f1xx_ll_usb.c 
arm-atollic-eabi-gcc -c -mthumb -mcpu=cortex-m3 -std=gnu99 -D__weak=__attribute__((weak)) -D__packed=__attribute__((__packed__)) -DUSE_HAL_DRIVER -DSTM32F103xB -I../Inc -I../Drivers/STM32F1xx_HAL_Driver/Inc -I../Drivers/STM32F1xx_HAL_Driver/Inc/Legacy -I../Middlewares/Third_Party/FreeRTOS/Source/portable/GCC/ARM_CM3 -I../Middlewares/ST/STM32_USB_Device_Library/Core/Inc -I../Middlewares/ST/STM32_USB_Device_Library/Class/CDC/Inc -I../Drivers/CMSIS/Device/ST/STM32F1xx/Include -I../Middlewares/Third_Party/FreeRTOS/Source/include -I../Middlewares/Third_Party/FreeRTOS/Source/CMSIS_RTOS -I../Drivers/CMSIS/Include -Og -ffunction-sections -fdata-sections -g3 -fstack-usage -Wall -specs=nano.specs -o Src\usbd_desc.o ..\Src\usbd_desc.c 
..\Src\usbd_desc.c: In function 'USBD_FS_ProductStrDescriptor':
..\Src\usbd_desc.c:78:36: warning: pointer targets in passing argument 1 of 'USBD_GetString' differ in signedness [-Wpointer-sign]
 #define USBD_PRODUCT_STRING_FS     "STM32 Virtual ComPort"
                                    ^
..\Src\usbd_desc.c:219:21: note: in expansion of macro 'USBD_PRODUCT_STRING_FS'
     USBD_GetString (USBD_PRODUCT_STRING_FS, USBD_StrDesc, length);
                     ^~~~~~~~~~~~~~~~~~~~~~
In file included from ../Middlewares/ST/STM32_USB_Device_Library/Core/Inc/usbd_core.h:40:0,
                 from ..\Src\usbd_desc.c:51:
../Middlewares/ST/STM32_USB_Device_Library/Core/Inc/usbd_ctlreq.h:93:6: note: expected 'uint8_t * {aka unsigned char *}' but argument is of type 'char *'
 void USBD_GetString         (uint8_t *desc, uint8_t *unicode, uint16_t *len);
      ^~~~~~~~~~~~~~
..\Src\usbd_desc.c:78:36: warning: pointer targets in passing argument 1 of 'USBD_GetString' differ in signedness [-Wpointer-sign]
 #define USBD_PRODUCT_STRING_FS     "STM32 Virtual ComPort"
                                    ^
..\Src\usbd_desc.c:223:21: note: in expansion of macro 'USBD_PRODUCT_STRING_FS'
     USBD_GetString (USBD_PRODUCT_STRING_FS, USBD_StrDesc, length);
                     ^~~~~~~~~~~~~~~~~~~~~~
In file included from ../Middlewares/ST/STM32_USB_Device_Library/Core/Inc/usbd_core.h:40:0,
                 from ..\Src\usbd_desc.c:51:
../Middlewares/ST/STM32_USB_Device_Library/Core/Inc/usbd_ctlreq.h:93:6: note: expected 'uint8_t * {aka unsigned char *}' but argument is of type 'char *'
 void USBD_GetString         (uint8_t *desc, uint8_t *unicode, uint16_t *len);
      ^~~~~~~~~~~~~~
..\Src\usbd_desc.c: In function 'USBD_FS_ManufacturerStrDescriptor':
..\Src\usbd_desc.c:76:38: warning: pointer targets in passing argument 1 of 'USBD_GetString' differ in signedness [-Wpointer-sign]
 #define USBD_MANUFACTURER_STRING     "STMicroelectronics"
                                      ^
..\Src\usbd_desc.c:237:19: note: in expansion of macro 'USBD_MANUFACTURER_STRING'
   USBD_GetString (USBD_MANUFACTURER_STRING, USBD_StrDesc, length);
                   ^~~~~~~~~~~~~~~~~~~~~~~~
In file included from ../Middlewares/ST/STM32_USB_Device_Library/Core/Inc/usbd_core.h:40:0,
                 from ..\Src\usbd_desc.c:51:
../Middlewares/ST/STM32_USB_Device_Library/Core/Inc/usbd_ctlreq.h:93:6: note: expected 'uint8_t * {aka unsigned char *}' but argument is of type 'char *'
 void USBD_GetString         (uint8_t *desc, uint8_t *unicode, uint16_t *len);
      ^~~~~~~~~~~~~~
..\Src\usbd_desc.c: In function 'USBD_FS_SerialStrDescriptor':
..\Src\usbd_desc.c:79:41: warning: pointer targets in passing argument 1 of 'USBD_GetString' differ in signedness [-Wpointer-sign]
 #define USBD_SERIALNUMBER_STRING_FS     "00000000001A"
                                         ^
..\Src\usbd_desc.c:252:21: note: in expansion of macro 'USBD_SERIALNUMBER_STRING_FS'
     USBD_GetString (USBD_SERIALNUMBER_STRING_FS, USBD_StrDesc, length);
                     ^~~~~~~~~~~~~~~~~~~~~~~~~~~
In file included from ../Middlewares/ST/STM32_USB_Device_Library/Core/Inc/usbd_core.h:40:0,
                 from ..\Src\usbd_desc.c:51:
../Middlewares/ST/STM32_USB_Device_Library/Core/Inc/usbd_ctlreq.h:93:6: note: expected 'uint8_t * {aka unsigned char *}' but argument is of type 'char *'
 void USBD_GetString         (uint8_t *desc, uint8_t *unicode, uint16_t *len);
      ^~~~~~~~~~~~~~
..\Src\usbd_desc.c:79:41: warning: pointer targets in passing argument 1 of 'USBD_GetString' differ in signedness [-Wpointer-sign]
 #define USBD_SERIALNUMBER_STRING_FS     "00000000001A"
                                         ^
..\Src\usbd_desc.c:256:21: note: in expansion of macro 'USBD_SERIALNUMBER_STRING_FS'
     USBD_GetString (USBD_SERIALNUMBER_STRING_FS, USBD_StrDesc, length);
                     ^~~~~~~~~~~~~~~~~~~~~~~~~~~
In file included from ../Middlewares/ST/STM32_USB_Device_Library/Core/Inc/usbd_core.h:40:0,
                 from ..\Src\usbd_desc.c:51:
../Middlewares/ST/STM32_USB_Device_Library/Core/Inc/usbd_ctlreq.h:93:6: note: expected 'uint8_t * {aka unsigned char *}' but argument is of type 'char *'
 void USBD_GetString         (uint8_t *desc, uint8_t *unicode, uint16_t *len);
      ^~~~~~~~~~~~~~
..\Src\usbd_desc.c: In function 'USBD_FS_ConfigStrDescriptor':
..\Src\usbd_desc.c:80:42: warning: pointer targets in passing argument 1 of 'USBD_GetString' differ in signedness [-Wpointer-sign]
 #define USBD_CONFIGURATION_STRING_FS     "CDC Config"
                                          ^
..\Src\usbd_desc.c:272:21: note: in expansion of macro 'USBD_CONFIGURATION_STRING_FS'
     USBD_GetString (USBD_CONFIGURATION_STRING_FS, USBD_StrDesc, length);
                     ^~~~~~~~~~~~~~~~~~~~~~~~~~~~
In file included from ../Middlewares/ST/STM32_USB_Device_Library/Core/Inc/usbd_core.h:40:0,
                 from ..\Src\usbd_desc.c:51:
../Middlewares/ST/STM32_USB_Device_Library/Core/Inc/usbd_ctlreq.h:93:6: note: expected 'uint8_t * {aka unsigned char *}' but argument is of type 'char *'
 void USBD_GetString         (uint8_t *desc, uint8_t *unicode, uint16_t *len);
      ^~~~~~~~~~~~~~
..\Src\usbd_desc.c:80:42: warning: pointer targets in passing argument 1 of 'USBD_GetString' differ in signedness [-Wpointer-sign]
 #define USBD_CONFIGURATION_STRING_FS     "CDC Config"
                                          ^
..\Src\usbd_desc.c:276:21: note: in expansion of macro 'USBD_CONFIGURATION_STRING_FS'
     USBD_GetString (USBD_CONFIGURATION_STRING_FS, USBD_StrDesc, length);
                     ^~~~~~~~~~~~~~~~~~~~~~~~~~~~
In file included from ../Middlewares/ST/STM32_USB_Device_Library/Core/Inc/usbd_core.h:40:0,
                 from ..\Src\usbd_desc.c:51:
../Middlewares/ST/STM32_USB_Device_Library/Core/Inc/usbd_ctlreq.h:93:6: note: expected 'uint8_t * {aka unsigned char *}' but argument is of type 'char *'
 void USBD_GetString         (uint8_t *desc, uint8_t *unicode, uint16_t *len);
      ^~~~~~~~~~~~~~
..\Src\usbd_desc.c: In function 'USBD_FS_InterfaceStrDescriptor':
..\Src\usbd_desc.c:81:38: warning: pointer targets in passing argument 1 of 'USBD_GetString' differ in signedness [-Wpointer-sign]
 #define USBD_INTERFACE_STRING_FS     "CDC Interface"
                                      ^
..\Src\usbd_desc.c:292:21: note: in expansion of macro 'USBD_INTERFACE_STRING_FS'
     USBD_GetString (USBD_INTERFACE_STRING_FS, USBD_StrDesc, length);
                     ^~~~~~~~~~~~~~~~~~~~~~~~
In file included from ../Middlewares/ST/STM32_USB_Device_Library/Core/Inc/usbd_core.h:40:0,
                 from ..\Src\usbd_desc.c:51:
../Middlewares/ST/STM32_USB_Device_Library/Core/Inc/usbd_ctlreq.h:93:6: note: expected 'uint8_t * {aka unsigned char *}' but argument is of type 'char *'
 void USBD_GetString         (uint8_t *desc, uint8_t *unicode, uint16_t *len);
      ^~~~~~~~~~~~~~
..\Src\usbd_desc.c:81:38: warning: pointer targets in passing argument 1 of 'USBD_GetString' differ in signedness [-Wpointer-sign]
 #define USBD_INTERFACE_STRING_FS     "CDC Interface"
                                      ^
..\Src\usbd_desc.c:296:21: note: in expansion of macro 'USBD_INTERFACE_STRING_FS'
     USBD_GetString (USBD_INTERFACE_STRING_FS, USBD_StrDesc, length);
                     ^~~~~~~~~~~~~~~~~~~~~~~~
In file included from ../Middlewares/ST/STM32_USB_Device_Library/Core/Inc/usbd_core.h:40:0,
                 from ..\Src\usbd_desc.c:51:
../Middlewares/ST/STM32_USB_Device_Library/Core/Inc/usbd_ctlreq.h:93:6: note: expected 'uint8_t * {aka unsigned char *}' but argument is of type 'char *'
 void USBD_GetString         (uint8_t *desc, uint8_t *unicode, uint16_t *len);
      ^~~~~~~~~~~~~~
arm-atollic-eabi-gcc -c -mthumb -mcpu=cortex-m3 -std=gnu99 -D__weak=__attribute__((weak)) -D__packed=__attribute__((__packed__)) -DUSE_HAL_DRIVER -DSTM32F103xB -I../Inc -I../Drivers/STM32F1xx_HAL_Driver/Inc -I../Drivers/STM32F1xx_HAL_Driver/Inc/Legacy -I../Middlewares/Third_Party/FreeRTOS/Source/portable/GCC/ARM_CM3 -I../Middlewares/ST/STM32_USB_Device_Library/Core/Inc -I../Middlewares/ST/STM32_USB_Device_Library/Class/CDC/Inc -I../Drivers/CMSIS/Device/ST/STM32F1xx/Include -I../Middlewares/Third_Party/FreeRTOS/Source/include -I../Middlewares/Third_Party/FreeRTOS/Source/CMSIS_RTOS -I../Drivers/CMSIS/Include -Og -ffunction-sections -fdata-sections -g3 -fstack-usage -Wall -specs=nano.specs -o Drivers\STM32F1xx_HAL_Driver\Src\stm32f1xx_hal_uart.o ..\Drivers\STM32F1xx_HAL_Driver\Src\stm32f1xx_hal_uart.c 
arm-atollic-eabi-gcc -c -mthumb -mcpu=cortex-m3 -std=gnu99 -D__weak=__attribute__((weak)) -D__packed=__attribute__((__packed__)) -DUSE_HAL_DRIVER -DSTM32F103xB -I../Inc -I../Drivers/STM32F1xx_HAL_Driver/Inc -I../Drivers/STM32F1xx_HAL_Driver/Inc/Legacy -I../Middlewares/Third_Party/FreeRTOS/Source/portable/GCC/ARM_CM3 -I../Middlewares/ST/STM32_USB_Device_Library/Core/Inc -I../Middlewares/ST/STM32_USB_Device_Library/Class/CDC/Inc -I../Drivers/CMSIS/Device/ST/STM32F1xx/Include -I../Middlewares/Third_Party/FreeRTOS/Source/include -I../Middlewares/Third_Party/FreeRTOS/Source/CMSIS_RTOS -I../Drivers/CMSIS/Include -Og -ffunction-sections -fdata-sections -g3 -fstack-usage -Wall -specs=nano.specs -o Src\io.o ..\Src\io.c 
..\Src\io.c:52:3: warning: excess elements in array initializer
   { 0, 0, 0, 0, 0, 0, 0, 0 } // nothing
   ^
..\Src\io.c:52:3: note: (near initialization for 'sig_patterns')
arm-atollic-eabi-gcc -c -mthumb -mcpu=cortex-m3 -std=gnu99 -D__weak=__attribute__((weak)) -D__packed=__attribute__((__packed__)) -DUSE_HAL_DRIVER -DSTM32F103xB -I../Inc -I../Drivers/STM32F1xx_HAL_Driver/Inc -I../Drivers/STM32F1xx_HAL_Driver/Inc/Legacy -I../Middlewares/Third_Party/FreeRTOS/Source/portable/GCC/ARM_CM3 -I../Middlewares/ST/STM32_USB_Device_Library/Core/Inc -I../Middlewares/ST/STM32_USB_Device_Library/Class/CDC/Inc -I../Drivers/CMSIS/Device/ST/STM32F1xx/Include -I../Middlewares/Third_Party/FreeRTOS/Source/include -I../Middlewares/Third_Party/FreeRTOS/Source/CMSIS_RTOS -I../Drivers/CMSIS/Include -Og -ffunction-sections -fdata-sections -g3 -fstack-usage -Wall -specs=nano.specs -o Middlewares\ST\STM32_USB_Device_Library\Core\Src\usbd_ctlreq.o ..\Middlewares\ST\STM32_USB_Device_Library\Core\Src\usbd_ctlreq.c 
arm-atollic-eabi-gcc -c -mthumb -mcpu=cortex-m3 -std=gnu99 -D__weak=__attribute__((weak)) -D__packed=__attribute__((__packed__)) -DUSE_HAL_DRIVER -DSTM32F103xB -I../Inc -I../Drivers/STM32F1xx_HAL_Driver/Inc -I../Drivers/STM32F1xx_HAL_Driver/Inc/Legacy -I../Middlewares/Third_Party/FreeRTOS/Source/portable/GCC/ARM_CM3 -I../Middlewares/ST/STM32_USB_Device_Library/Core/Inc -I../Middlewares/ST/STM32_USB_Device_Library/Class/CDC/Inc -I../Drivers/CMSIS/Device/ST/STM32F1xx/Include -I../Middlewares/Third_Party/FreeRTOS/Source/include -I../Middlewares/Third_Party/FreeRTOS/Source/CMSIS_RTOS -I../Drivers/CMSIS/Include -Og -ffunction-sections -fdata-sections -g3 -fstack-usage -Wall -specs=nano.specs -o Middlewares\Third_Party\FreeRTOS\Source\event_groups.o ..\Middlewares\Third_Party\FreeRTOS\Source\event_groups.c 
arm-atollic-eabi-gcc -c -mthumb -mcpu=cortex-m3 -std=gnu99 -D__weak=__attribute__((weak)) -D__packed=__attribute__((__packed__)) -DUSE_HAL_DRIVER -DSTM32F103xB -I../Inc -I../Drivers/STM32F1xx_HAL_Driver/Inc -I../Drivers/STM32F1xx_HAL_Driver/Inc/Legacy -I../Middlewares/Third_Party/FreeRTOS/Source/portable/GCC/ARM_CM3 -I../Middlewares/ST/STM32_USB_Device_Library/Core/Inc -I../Middlewares/ST/STM32_USB_Device_Library/Class/CDC/Inc -I../Drivers/CMSIS/Device/ST/STM32F1xx/Include -I../Middlewares/Third_Party/FreeRTOS/Source/include -I../Middlewares/Third_Party/FreeRTOS/Source/CMSIS_RTOS -I../Drivers/CMSIS/Include -Og -ffunction-sections -fdata-sections -g3 -fstack-usage -Wall -specs=nano.specs -o Middlewares\Third_Party\FreeRTOS\Source\tasks.o ..\Middlewares\Third_Party\FreeRTOS\Source\tasks.c 
arm-atollic-eabi-gcc -c -mthumb -mcpu=cortex-m3 -std=gnu99 -D__weak=__attribute__((weak)) -D__packed=__attribute__((__packed__)) -DUSE_HAL_DRIVER -DSTM32F103xB -I../Inc -I../Drivers/STM32F1xx_HAL_Driver/Inc -I../Drivers/STM32F1xx_HAL_Driver/Inc/Legacy -I../Middlewares/Third_Party/FreeRTOS/Source/portable/GCC/ARM_CM3 -I../Middlewares/ST/STM32_USB_Device_Library/Core/Inc -I../Middlewares/ST/STM32_USB_Device_Library/Class/CDC/Inc -I../Drivers/CMSIS/Device/ST/STM32F1xx/Include -I../Middlewares/Third_Party/FreeRTOS/Source/include -I../Middlewares/Third_Party/FreeRTOS/Source/CMSIS_RTOS -I../Drivers/CMSIS/Include -Og -ffunction-sections -fdata-sections -g3 -fstack-usage -Wall -specs=nano.specs -o Src\gpio.o ..\Src\gpio.c 
arm-atollic-eabi-gcc -c -mthumb -mcpu=cortex-m3 -std=gnu99 -D__weak=__attribute__((weak)) -D__packed=__attribute__((__packed__)) -DUSE_HAL_DRIVER -DSTM32F103xB -I../Inc -I../Drivers/STM32F1xx_HAL_Driver/Inc -I../Drivers/STM32F1xx_HAL_Driver/Inc/Legacy -I../Middlewares/Third_Party/FreeRTOS/Source/portable/GCC/ARM_CM3 -I../Middlewares/ST/STM32_USB_Device_Library/Core/Inc -I../Middlewares/ST/STM32_USB_Device_Library/Class/CDC/Inc -I../Drivers/CMSIS/Device/ST/STM32F1xx/Include -I../Middlewares/Third_Party/FreeRTOS/Source/include -I../Middlewares/Third_Party/FreeRTOS/Source/CMSIS_RTOS -I../Drivers/CMSIS/Include -Og -ffunction-sections -fdata-sections -g3 -fstack-usage -Wall -specs=nano.specs -o Src\usart.o ..\Src\usart.c 
arm-atollic-eabi-gcc -c -mthumb -mcpu=cortex-m3 -std=gnu99 -D__weak=__attribute__((weak)) -D__packed=__attribute__((__packed__)) -DUSE_HAL_DRIVER -DSTM32F103xB -I../Inc -I../Drivers/STM32F1xx_HAL_Driver/Inc -I../Drivers/STM32F1xx_HAL_Driver/Inc/Legacy -I../Middlewares/Third_Party/FreeRTOS/Source/portable/GCC/ARM_CM3 -I../Middlewares/ST/STM32_USB_Device_Library/Core/Inc -I../Middlewares/ST/STM32_USB_Device_Library/Class/CDC/Inc -I../Drivers/CMSIS/Device/ST/STM32F1xx/Include -I../Middlewares/Third_Party/FreeRTOS/Source/include -I../Middlewares/Third_Party/FreeRTOS/Source/CMSIS_RTOS -I../Drivers/CMSIS/Include -Og -ffunction-sections -fdata-sections -g3 -fstack-usage -Wall -specs=nano.specs -o Middlewares\ST\STM32_USB_Device_Library\Core\Src\usbd_ioreq.o ..\Middlewares\ST\STM32_USB_Device_Library\Core\Src\usbd_ioreq.c 
arm-atollic-eabi-gcc -c -mthumb -mcpu=cortex-m3 -std=gnu99 -D__weak=__attribute__((weak)) -D__packed=__attribute__((__packed__)) -DUSE_HAL_DRIVER -DSTM32F103xB -I../Inc -I../Drivers/STM32F1xx_HAL_Driver/Inc -I../Drivers/STM32F1xx_HAL_Driver/Inc/Legacy -I../Middlewares/Third_Party/FreeRTOS/Source/portable/GCC/ARM_CM3 -I../Middlewares/ST/STM32_USB_Device_Library/Core/Inc -I../Middlewares/ST/STM32_USB_Device_Library/Class/CDC/Inc -I../Drivers/CMSIS/Device/ST/STM32F1xx/Include -I../Middlewares/Third_Party/FreeRTOS/Source/include -I../Middlewares/Third_Party/FreeRTOS/Source/CMSIS_RTOS -I../Drivers/CMSIS/Include -Og -ffunction-sections -fdata-sections -g3 -fstack-usage -Wall -specs=nano.specs -o Drivers\STM32F1xx_HAL_Driver\Src\stm32f1xx_hal_cortex.o ..\Drivers\STM32F1xx_HAL_Driver\Src\stm32f1xx_hal_cortex.c 
arm-atollic-eabi-gcc -c -mthumb -mcpu=cortex-m3 -std=gnu99 -D__weak=__attribute__((weak)) -D__packed=__attribute__((__packed__)) -DUSE_HAL_DRIVER -DSTM32F103xB -I../Inc -I../Drivers/STM32F1xx_HAL_Driver/Inc -I../Drivers/STM32F1xx_HAL_Driver/Inc/Legacy -I../Middlewares/Third_Party/FreeRTOS/Source/portable/GCC/ARM_CM3 -I../Middlewares/ST/STM32_USB_Device_Library/Core/Inc -I../Middlewares/ST/STM32_USB_Device_Library/Class/CDC/Inc -I../Drivers/CMSIS/Device/ST/STM32F1xx/Include -I../Middlewares/Third_Party/FreeRTOS/Source/include -I../Middlewares/Third_Party/FreeRTOS/Source/CMSIS_RTOS -I../Drivers/CMSIS/Include -Og -ffunction-sections -fdata-sections -g3 -fstack-usage -Wall -specs=nano.specs -o Middlewares\ST\STM32_USB_Device_Library\Core\Src\usbd_core.o ..\Middlewares\ST\STM32_USB_Device_Library\Core\Src\usbd_core.c 
arm-atollic-eabi-gcc -c -mthumb -mcpu=cortex-m3 -std=gnu99 -D__weak=__attribute__((weak)) -D__packed=__attribute__((__packed__)) -DUSE_HAL_DRIVER -DSTM32F103xB -I../Inc -I../Drivers/STM32F1xx_HAL_Driver/Inc -I../Drivers/STM32F1xx_HAL_Driver/Inc/Legacy -I../Middlewares/Third_Party/FreeRTOS/Source/portable/GCC/ARM_CM3 -I../Middlewares/ST/STM32_USB_Device_Library/Core/Inc -I../Middlewares/ST/STM32_USB_Device_Library/Class/CDC/Inc -I../Drivers/CMSIS/Device/ST/STM32F1xx/Include -I../Middlewares/Third_Party/FreeRTOS/Source/include -I../Middlewares/Third_Party/FreeRTOS/Source/CMSIS_RTOS -I../Drivers/CMSIS/Include -Og -ffunction-sections -fdata-sections -g3 -fstack-usage -Wall -specs=nano.specs -o Middlewares\Third_Party\FreeRTOS\Source\list.o ..\Middlewares\Third_Party\FreeRTOS\Source\list.c 
arm-atollic-eabi-gcc -c -mthumb -mcpu=cortex-m3 -std=gnu99 -D__weak=__attribute__((weak)) -D__packed=__attribute__((__packed__)) -DUSE_HAL_DRIVER -DSTM32F103xB -I../Inc -I../Drivers/STM32F1xx_HAL_Driver/Inc -I../Drivers/STM32F1xx_HAL_Driver/Inc/Legacy -I../Middlewares/Third_Party/FreeRTOS/Source/portable/GCC/ARM_CM3 -I../Middlewares/ST/STM32_USB_Device_Library/Core/Inc -I../Middlewares/ST/STM32_USB_Device_Library/Class/CDC/Inc -I../Drivers/CMSIS/Device/ST/STM32F1xx/Include -I../Middlewares/Third_Party/FreeRTOS/Source/include -I../Middlewares/Third_Party/FreeRTOS/Source/CMSIS_RTOS -I../Drivers/CMSIS/Include -Og -ffunction-sections -fdata-sections -g3 -fstack-usage -Wall -specs=nano.specs -o Middlewares\Third_Party\FreeRTOS\Source\portable\MemMang\heap_4.o ..\Middlewares\Third_Party\FreeRTOS\Source\portable\MemMang\heap_4.c 
arm-atollic-eabi-gcc -c -mthumb -mcpu=cortex-m3 -std=gnu99 -D__weak=__attribute__((weak)) -D__packed=__attribute__((__packed__)) -DUSE_HAL_DRIVER -DSTM32F103xB -I../Inc -I../Drivers/STM32F1xx_HAL_Driver/Inc -I../Drivers/STM32F1xx_HAL_Driver/Inc/Legacy -I../Middlewares/Third_Party/FreeRTOS/Source/portable/GCC/ARM_CM3 -I../Middlewares/ST/STM32_USB_Device_Library/Core/Inc -I../Middlewares/ST/STM32_USB_Device_Library/Class/CDC/Inc -I../Drivers/CMSIS/Device/ST/STM32F1xx/Include -I../Middlewares/Third_Party/FreeRTOS/Source/include -I../Middlewares/Third_Party/FreeRTOS/Source/CMSIS_RTOS -I../Drivers/CMSIS/Include -Og -ffunction-sections -fdata-sections -g3 -fstack-usage -Wall -specs=nano.specs -o Drivers\STM32F1xx_HAL_Driver\Src\stm32f1xx_hal_tim_ex.o ..\Drivers\STM32F1xx_HAL_Driver\Src\stm32f1xx_hal_tim_ex.c 
arm-atollic-eabi-gcc -c -mthumb -mcpu=cortex-m3 -std=gnu99 -D__weak=__attribute__((weak)) -D__packed=__attribute__((__packed__)) -DUSE_HAL_DRIVER -DSTM32F103xB -I../Inc -I../Drivers/STM32F1xx_HAL_Driver/Inc -I../Drivers/STM32F1xx_HAL_Driver/Inc/Legacy -I../Middlewares/Third_Party/FreeRTOS/Source/portable/GCC/ARM_CM3 -I../Middlewares/ST/STM32_USB_Device_Library/Core/Inc -I../Middlewares/ST/STM32_USB_Device_Library/Class/CDC/Inc -I../Drivers/CMSIS/Device/ST/STM32F1xx/Include -I../Middlewares/Third_Party/FreeRTOS/Source/include -I../Middlewares/Third_Party/FreeRTOS/Source/CMSIS_RTOS -I../Drivers/CMSIS/Include -Og -ffunction-sections -fdata-sections -g3 -fstack-usage -Wall -specs=nano.specs -o Drivers\STM32F1xx_HAL_Driver\Src\stm32f1xx_hal_flash_ex.o ..\Drivers\STM32F1xx_HAL_Driver\Src\stm32f1xx_hal_flash_ex.c 
arm-atollic-eabi-gcc -c -mthumb -mcpu=cortex-m3 -std=gnu99 -D__weak=__attribute__((weak)) -D__packed=__attribute__((__packed__)) -DUSE_HAL_DRIVER -DSTM32F103xB -I../Inc -I../Drivers/STM32F1xx_HAL_Driver/Inc -I../Drivers/STM32F1xx_HAL_Driver/Inc/Legacy -I../Middlewares/Third_Party/FreeRTOS/Source/portable/GCC/ARM_CM3 -I../Middlewares/ST/STM32_USB_Device_Library/Core/Inc -I../Middlewares/ST/STM32_USB_Device_Library/Class/CDC/Inc -I../Drivers/CMSIS/Device/ST/STM32F1xx/Include -I../Middlewares/Third_Party/FreeRTOS/Source/include -I../Middlewares/Third_Party/FreeRTOS/Source/CMSIS_RTOS -I../Drivers/CMSIS/Include -Og -ffunction-sections -fdata-sections -g3 -fstack-usage -Wall -specs=nano.specs -o Src\usbd_conf.o ..\Src\usbd_conf.c 
arm-atollic-eabi-gcc -c -mthumb -mcpu=cortex-m3 -std=gnu99 -D__weak=__attribute__((weak)) -D__packed=__attribute__((__packed__)) -DUSE_HAL_DRIVER -DSTM32F103xB -I../Inc -I../Drivers/STM32F1xx_HAL_Driver/Inc -I../Drivers/STM32F1xx_HAL_Driver/Inc/Legacy -I../Middlewares/Third_Party/FreeRTOS/Source/portable/GCC/ARM_CM3 -I../Middlewares/ST/STM32_USB_Device_Library/Core/Inc -I../Middlewares/ST/STM32_USB_Device_Library/Class/CDC/Inc -I../Drivers/CMSIS/Device/ST/STM32F1xx/Include -I../Middlewares/Third_Party/FreeRTOS/Source/include -I../Middlewares/Third_Party/FreeRTOS/Source/CMSIS_RTOS -I../Drivers/CMSIS/Include -Og -ffunction-sections -fdata-sections -g3 -fstack-usage -Wall -specs=nano.specs -o Middlewares\ST\STM32_USB_Device_Library\Class\CDC\Src\usbd_cdc.o ..\Middlewares\ST\STM32_USB_Device_Library\Class\CDC\Src\usbd_cdc.c 
arm-atollic-eabi-gcc -c -mthumb -mcpu=cortex-m3 -std=gnu99 -D__weak=__attribute__((weak)) -D__packed=__attribute__((__packed__)) -DUSE_HAL_DRIVER -DSTM32F103xB -I../Inc -I../Drivers/STM32F1xx_HAL_Driver/Inc -I../Drivers/STM32F1xx_HAL_Driver/Inc/Legacy -I../Middlewares/Third_Party/FreeRTOS/Source/portable/GCC/ARM_CM3 -I../Middlewares/ST/STM32_USB_Device_Library/Core/Inc -I../Middlewares/ST/STM32_USB_Device_Library/Class/CDC/Inc -I../Drivers/CMSIS/Device/ST/STM32F1xx/Include -I../Middlewares/Third_Party/FreeRTOS/Source/include -I../Middlewares/Third_Party/FreeRTOS/Source/CMSIS_RTOS -I../Drivers/CMSIS/Include -Og -ffunction-sections -fdata-sections -g3 -fstack-usage -Wall -specs=nano.specs -o Drivers\STM32F1xx_HAL_Driver\Src\stm32f1xx_hal.o ..\Drivers\STM32F1xx_HAL_Driver\Src\stm32f1xx_hal.c 
arm-atollic-eabi-gcc -c -mthumb -mcpu=cortex-m3 -std=gnu99 -D__weak=__attribute__((weak)) -D__packed=__attribute__((__packed__)) -DUSE_HAL_DRIVER -DSTM32F103xB -I../Inc -I../Drivers/STM32F1xx_HAL_Driver/Inc -I../Drivers/STM32F1xx_HAL_Driver/Inc/Legacy -I../Middlewares/Third_Party/FreeRTOS/Source/portable/GCC/ARM_CM3 -I../Middlewares/ST/STM32_USB_Device_Library/Core/Inc -I../Middlewares/ST/STM32_USB_Device_Library/Class/CDC/Inc -I../Drivers/CMSIS/Device/ST/STM32F1xx/Include -I../Middlewares/Third_Party/FreeRTOS/Source/include -I../Middlewares/Third_Party/FreeRTOS/Source/CMSIS_RTOS -I../Drivers/CMSIS/Include -Og -ffunction-sections -fdata-sections -g3 -fstack-usage -Wall -specs=nano.specs -o Drivers\STM32F1xx_HAL_Driver\Src\stm32f1xx_hal_pwr.o ..\Drivers\STM32F1xx_HAL_Driver\Src\stm32f1xx_hal_pwr.c 
arm-atollic-eabi-gcc -o gsm_sign.elf Drivers\STM32F1xx_HAL_Driver\Src\stm32f1xx_hal.o Drivers\STM32F1xx_HAL_Driver\Src\stm32f1xx_hal_cortex.o Drivers\STM32F1xx_HAL_Driver\Src\stm32f1xx_hal_dma.o Drivers\STM32F1xx_HAL_Driver\Src\stm32f1xx_hal_flash.o Drivers\STM32F1xx_HAL_Driver\Src\stm32f1xx_hal_flash_ex.o Drivers\STM32F1xx_HAL_Driver\Src\stm32f1xx_hal_gpio.o Drivers\STM32F1xx_HAL_Driver\Src\stm32f1xx_hal_gpio_ex.o Drivers\STM32F1xx_HAL_Driver\Src\stm32f1xx_hal_pcd.o Drivers\STM32F1xx_HAL_Driver\Src\stm32f1xx_hal_pcd_ex.o Drivers\STM32F1xx_HAL_Driver\Src\stm32f1xx_hal_pwr.o Drivers\STM32F1xx_HAL_Driver\Src\stm32f1xx_hal_rcc.o Drivers\STM32F1xx_HAL_Driver\Src\stm32f1xx_hal_rcc_ex.o Drivers\STM32F1xx_HAL_Driver\Src\stm32f1xx_hal_tim.o Drivers\STM32F1xx_HAL_Driver\Src\stm32f1xx_hal_tim_ex.o Drivers\STM32F1xx_HAL_Driver\Src\stm32f1xx_hal_uart.o Drivers\STM32F1xx_HAL_Driver\Src\stm32f1xx_ll_usb.o Middlewares\ST\STM32_USB_Device_Library\Class\CDC\Src\usbd_cdc.o Middlewares\ST\STM32_USB_Device_Library\Core\Src\usbd_core.o Middlewares\ST\STM32_USB_Device_Library\Core\Src\usbd_ctlreq.o Middlewares\ST\STM32_USB_Device_Library\Core\Src\usbd_ioreq.o Middlewares\Third_Party\FreeRTOS\Source\CMSIS_RTOS\cmsis_os.o Middlewares\Third_Party\FreeRTOS\Source\croutine.o Middlewares\Third_Party\FreeRTOS\Source\event_groups.o Middlewares\Third_Party\FreeRTOS\Source\list.o Middlewares\Third_Party\FreeRTOS\Source\portable\GCC\ARM_CM3\port.o Middlewares\Third_Party\FreeRTOS\Source\portable\MemMang\heap_4.o Middlewares\Third_Party\FreeRTOS\Source\queue.o Middlewares\Third_Party\FreeRTOS\Source\tasks.o Middlewares\Third_Party\FreeRTOS\Source\timers.o Src\Logic.o Src\freertos.o Src\gpio.o Src\gsm_m950e.o Src\io.o Src\main.o Src\stm32f1xx_hal_msp.o Src\stm32f1xx_hal_timebase_TIM.o Src\stm32f1xx_it.o Src\system_stm32f1xx.o Src\usart.o Src\usb_device.o Src\usbd_cdc_if.o Src\usbd_conf.o Src\usbd_desc.o startup\startup_stm32f103xb.o -mthumb -mcpu=cortex-m3 -T../STM32F103CB_FLASH.ld -specs=nosys.specs -static -Wl,-Map=gsm_sign.map -Wl,--defsym=malloc_getpagesize_P=0x80 -Wl,--start-group -lc -lm -Wl,--end-group -specs=nano.specs 
C:\Program Files (x86)\Atollic\TrueSTUDIO for STM32 9.0.1\ide\jre\bin\java -jar C:\Program Files (x86)\Atollic\TrueSTUDIO for STM32 9.0.1\Tools\arm-atollic-reports.jar sizeinfo list gsm_sign.elf 
Generate build reports...
Print size information
   text	   data	    bss	    dec	    hex	filename
  56116	    544	  19232	  75892	  12874	gsm_sign.elf
Print size information done
Generate listing file
Output sent to: gsm_sign.list
Generate listing file done
Generate build reports done
Info: Nothing to build for gsm_sign
15:35:16 **** Incremental Build of configuration Debug for project gsm_sign ****
Info: Internal Builder is used for build
arm-atollic-eabi-gcc -c -mthumb -mcpu=cortex-m3 -std=gnu99 -D__weak=__attribute__((weak)) -D__packed=__attribute__((__packed__)) -DUSE_HAL_DRIVER -DSTM32F103xB -I../Inc -I../Drivers/STM32F1xx_HAL_Driver/Inc -I../Drivers/STM32F1xx_HAL_Driver/Inc/Legacy -I../Middlewares/Third_Party/FreeRTOS/Source/portable/GCC/ARM_CM3 -I../Middlewares/ST/STM32_USB_Device_Library/Core/Inc -I../Middlewares/ST/STM32_USB_Device_Library/Class/CDC/Inc -I../Drivers/CMSIS/Device/ST/STM32F1xx/Include -I../Middlewares/Third_Party/FreeRTOS/Source/include -I../Middlewares/Third_Party/FreeRTOS/Source/CMSIS_RTOS -I../Drivers/CMSIS/Include -Og -ffunction-sections -fdata-sections -g3 -fstack-usage -Wall -specs=nano.specs -o Src\Logic.o ..\Src\Logic.c 
In file included from ..\Src\Logic.c:14:0:
..\Src\Logic.c: In function 'buttonHandler':
../Middlewares/Third_Party/FreeRTOS/Source/include/queue.h:437:115: warning: passing argument 3 of 'xQueueGenericSend' makes integer from pointer without a cast [-Wint-conversion]
 #define xQueueSendToBack( xQueue, pvItemToQueue, xTicksToWait ) xQueueGenericSend( ( xQueue ), ( pvItemToQueue ), ( xTicksToWait ), queueSEND_TO_BACK )
                                                                                                                   ^
..\Src\Logic.c:151:3: note: in expansion of macro 'xQueueSendToBack'
   xQueueSendToBack(buttonQueue, &button, NULL);
   ^~~~~~~~~~~~~~~~
../Middlewares/Third_Party/FreeRTOS/Source/include/queue.h:692:12: note: expected 'TickType_t {aka long unsigned int}' but argument is of type 'void *'
 BaseType_t xQueueGenericSend( QueueHandle_t xQueue, const void * const pvItemToQueue, TickType_t xTicksToWait, const BaseType_t xCopyPosition ) PRIVILEGED_FUNCTION;
            ^~~~~~~~~~~~~~~~~
..\Src\Logic.c: In function 'checkPassword':
..\Src\Logic.c:171:9: warning: type defaults to 'int' in declaration of 'lastButtTime' [-Wimplicit-int]
  static lastButtTime = 0;
         ^~~~~~~~~~~~
..\Src\Logic.c:172:9: warning: type defaults to 'int' in declaration of 'buttonCounter' [-Wimplicit-int]
  static buttonCounter = 0;
         ^~~~~~~~~~~~~
In file included from ..\Src\Logic.c:14:0:
../Middlewares/Third_Party/FreeRTOS/Source/include/queue.h:914:105: warning: passing argument 3 of 'xQueueGenericReceive' makes integer from pointer without a cast [-Wint-conversion]
 #define xQueueReceive( xQueue, pvBuffer, xTicksToWait ) xQueueGenericReceive( ( xQueue ), ( pvBuffer ), ( xTicksToWait ), pdFALSE )
                                                                                                         ^
..\Src\Logic.c:180:5: note: in expansion of macro 'xQueueReceive'
  if(xQueueReceive(buttonQueue, &pass_buff[buttonCounter], NULL) == pdTRUE) {
     ^~~~~~~~~~~~~
../Middlewares/Third_Party/FreeRTOS/Source/include/queue.h:1013:12: note: expected 'TickType_t {aka long unsigned int}' but argument is of type 'void *'
 BaseType_t xQueueGenericReceive( QueueHandle_t xQueue, void * const pvBuffer, TickType_t xTicksToWait, const BaseType_t xJustPeek ) PRIVILEGED_FUNCTION;
            ^~~~~~~~~~~~~~~~~~~~
..\Src\Logic.c: In function 'signalProc':
..\Src\Logic.c:345:1: warning: control reaches end of non-void function [-Wreturn-type]
 }
 ^
arm-atollic-eabi-gcc -c -mthumb -mcpu=cortex-m3 -std=gnu99 -D__weak=__attribute__((weak)) -D__packed=__attribute__((__packed__)) -DUSE_HAL_DRIVER -DSTM32F103xB -I../Inc -I../Drivers/STM32F1xx_HAL_Driver/Inc -I../Drivers/STM32F1xx_HAL_Driver/Inc/Legacy -I../Middlewares/Third_Party/FreeRTOS/Source/portable/GCC/ARM_CM3 -I../Middlewares/ST/STM32_USB_Device_Library/Core/Inc -I../Middlewares/ST/STM32_USB_Device_Library/Class/CDC/Inc -I../Drivers/CMSIS/Device/ST/STM32F1xx/Include -I../Middlewares/Third_Party/FreeRTOS/Source/include -I../Middlewares/Third_Party/FreeRTOS/Source/CMSIS_RTOS -I../Drivers/CMSIS/Include -Og -ffunction-sections -fdata-sections -g3 -fstack-usage -Wall -specs=nano.specs -o Src\io.o ..\Src\io.c 
..\Src\io.c:52:3: warning: excess elements in array initializer
   { 0, 0, 0, 0, 0, 0, 0, 0 } // nothing
   ^
..\Src\io.c:52:3: note: (near initialization for 'sig_patterns')
arm-atollic-eabi-gcc -c -mthumb -mcpu=cortex-m3 -std=gnu99 -D__weak=__attribute__((weak)) -D__packed=__attribute__((__packed__)) -DUSE_HAL_DRIVER -DSTM32F103xB -I../Inc -I../Drivers/STM32F1xx_HAL_Driver/Inc -I../Drivers/STM32F1xx_HAL_Driver/Inc/Legacy -I../Middlewares/Third_Party/FreeRTOS/Source/portable/GCC/ARM_CM3 -I../Middlewares/ST/STM32_USB_Device_Library/Core/Inc -I../Middlewares/ST/STM32_USB_Device_Library/Class/CDC/Inc -I../Drivers/CMSIS/Device/ST/STM32F1xx/Include -I../Middlewares/Third_Party/FreeRTOS/Source/include -I../Middlewares/Third_Party/FreeRTOS/Source/CMSIS_RTOS -I../Drivers/CMSIS/Include -Og -ffunction-sections -fdata-sections -g3 -fstack-usage -Wall -specs=nano.specs -o Src\gsm_m950e.o ..\Src\gsm_m950e.c 
..\Src\gsm_m950e.c: In function 'AddTrustedPhones':
..\Src\gsm_m950e.c:135:11: warning: passing argument 1 of 'sprintf' discards 'volatile' qualifier from pointer target type [-Wdiscarded-qualifiers]
   sprintf(trustedPhones[0], "%s", phoneOne);
           ^~~~~~~~~~~~~
In file included from c:\program files (x86)\atollic\truestudio for stm32 9.0.1\armtools\arm-atollic-eabi\include\stdio.h:29:0,
                 from ../Drivers/STM32F1xx_HAL_Driver/Inc/stm32f1xx_hal_def.h:50,
                 from ../Drivers/STM32F1xx_HAL_Driver/Inc/stm32f1xx_hal_rcc.h:45,
                 from ../Inc/stm32f1xx_hal_conf.h:219,
                 from ../Drivers/STM32F1xx_HAL_Driver/Inc/stm32f1xx_hal.h:46,
                 from ..\Src\gsm_m950e.c:8:
c:\program files (x86)\atollic\truestudio for stm32 9.0.1\armtools\arm-atollic-eabi\include\stdio.h:244:5: note: expected 'char * restrict' but argument is of type 'volatile char *'
 int _EXFUN(sprintf, (char *__restrict, const char *__restrict, ...)
     ^
..\Src\gsm_m950e.c:137:11: warning: passing argument 1 of 'sprintf' discards 'volatile' qualifier from pointer target type [-Wdiscarded-qualifiers]
   sprintf(trustedPhones[1], "%s", phoneTwo);
           ^~~~~~~~~~~~~
In file included from c:\program files (x86)\atollic\truestudio for stm32 9.0.1\armtools\arm-atollic-eabi\include\stdio.h:29:0,
                 from ../Drivers/STM32F1xx_HAL_Driver/Inc/stm32f1xx_hal_def.h:50,
                 from ../Drivers/STM32F1xx_HAL_Driver/Inc/stm32f1xx_hal_rcc.h:45,
                 from ../Inc/stm32f1xx_hal_conf.h:219,
                 from ../Drivers/STM32F1xx_HAL_Driver/Inc/stm32f1xx_hal.h:46,
                 from ..\Src\gsm_m950e.c:8:
c:\program files (x86)\atollic\truestudio for stm32 9.0.1\armtools\arm-atollic-eabi\include\stdio.h:244:5: note: expected 'char * restrict' but argument is of type 'volatile char *'
 int _EXFUN(sprintf, (char *__restrict, const char *__restrict, ...)
     ^
..\Src\gsm_m950e.c: In function 'modem_init':
..\Src\gsm_m950e.c:219:15: warning: pointer targets in passing argument 1 of 'strstr' differ in signedness [-Wpointer-sign]
    if (strstr(uart_buffer, responce_ready) != NULL) {
               ^~~~~~~~~~~
In file included from c:\program files (x86)\atollic\truestudio for stm32 9.0.1\armtools\arm-atollic-eabi\include\stdio.h:29:0,
                 from ../Drivers/STM32F1xx_HAL_Driver/Inc/stm32f1xx_hal_def.h:50,
                 from ../Drivers/STM32F1xx_HAL_Driver/Inc/stm32f1xx_hal_rcc.h:45,
                 from ../Inc/stm32f1xx_hal_conf.h:219,
                 from ../Drivers/STM32F1xx_HAL_Driver/Inc/stm32f1xx_hal.h:46,
                 from ..\Src\gsm_m950e.c:8:
c:\program files (x86)\atollic\truestudio for stm32 9.0.1\armtools\arm-atollic-eabi\include\string.h:44:8: note: expected 'const char *' but argument is of type 'uint8_t * {aka unsigned char *}'
 char  *_EXFUN(strstr,(const char *, const char *));
        ^
..\Src\gsm_m950e.c: In function 'modem_run':
..\Src\gsm_m950e.c:267:34: warning: pointer targets in passing argument 2 of 'HAL_UART_Transmit' differ in signedness [-Wpointer-sign]
    if(HAL_UART_Transmit(&huart3, command_chkntw, sizeof(command_chkntw), 50) != HAL_OK) {
                                  ^~~~~~~~~~~~~~
In file included from ../Inc/stm32f1xx_hal_conf.h:315:0,
                 from ../Drivers/STM32F1xx_HAL_Driver/Inc/stm32f1xx_hal.h:46,
                 from ..\Src\gsm_m950e.c:8:
../Drivers/STM32F1xx_HAL_Driver/Inc/stm32f1xx_hal_uart.h:635:19: note: expected 'uint8_t * {aka unsigned char *}' but argument is of type 'char *'
 HAL_StatusTypeDef HAL_UART_Transmit(UART_HandleTypeDef *huart, uint8_t *pData, uint16_t Size, uint32_t Timeout);
                   ^~~~~~~~~~~~~~~~~
..\Src\gsm_m950e.c:293:14: warning: pointer targets in passing argument 1 of 'strstr' differ in signedness [-Wpointer-sign]
   if (strstr(uart_buffer, responce_chkntw) != NULL) {
              ^~~~~~~~~~~
In file included from c:\program files (x86)\atollic\truestudio for stm32 9.0.1\armtools\arm-atollic-eabi\include\stdio.h:29:0,
                 from ../Drivers/STM32F1xx_HAL_Driver/Inc/stm32f1xx_hal_def.h:50,
                 from ../Drivers/STM32F1xx_HAL_Driver/Inc/stm32f1xx_hal_rcc.h:45,
                 from ../Inc/stm32f1xx_hal_conf.h:219,
                 from ../Drivers/STM32F1xx_HAL_Driver/Inc/stm32f1xx_hal.h:46,
                 from ..\Src\gsm_m950e.c:8:
c:\program files (x86)\atollic\truestudio for stm32 9.0.1\armtools\arm-atollic-eabi\include\string.h:44:8: note: expected 'const char *' but argument is of type 'uint8_t * {aka unsigned char *}'
 char  *_EXFUN(strstr,(const char *, const char *));
        ^
..\Src\gsm_m950e.c:313:35: warning: pointer targets in passing argument 2 of 'HAL_UART_Transmit' differ in signedness [-Wpointer-sign]
     if(HAL_UART_Transmit(&huart3, command_chkntw, sizeof(command_chkntw), 50) != HAL_OK) {
                                   ^~~~~~~~~~~~~~
In file included from ../Inc/stm32f1xx_hal_conf.h:315:0,
                 from ../Drivers/STM32F1xx_HAL_Driver/Inc/stm32f1xx_hal.h:46,
                 from ..\Src\gsm_m950e.c:8:
../Drivers/STM32F1xx_HAL_Driver/Inc/stm32f1xx_hal_uart.h:635:19: note: expected 'uint8_t * {aka unsigned char *}' but argument is of type 'char *'
 HAL_StatusTypeDef HAL_UART_Transmit(UART_HandleTypeDef *huart, uint8_t *pData, uint16_t Size, uint32_t Timeout);
                   ^~~~~~~~~~~~~~~~~
..\Src\gsm_m950e.c:340:33: warning: pointer targets in passing argument 2 of 'HAL_UART_Transmit' differ in signedness [-Wpointer-sign]
   if(HAL_UART_Transmit(&huart3, call_number_buffer, strlen(call_number_buffer), 50) != HAL_OK) {
                                 ^~~~~~~~~~~~~~~~~~
In file included from ../Inc/stm32f1xx_hal_conf.h:315:0,
                 from ../Drivers/STM32F1xx_HAL_Driver/Inc/stm32f1xx_hal.h:46,
                 from ..\Src\gsm_m950e.c:8:
../Drivers/STM32F1xx_HAL_Driver/Inc/stm32f1xx_hal_uart.h:635:19: note: expected 'uint8_t * {aka unsigned char *}' but argument is of type 'char *'
 HAL_StatusTypeDef HAL_UART_Transmit(UART_HandleTypeDef *huart, uint8_t *pData, uint16_t Size, uint32_t Timeout);
                   ^~~~~~~~~~~~~~~~~
..\Src\gsm_m950e.c:350:13: warning: pointer targets in passing argument 1 of 'strstr' differ in signedness [-Wpointer-sign]
   if(strstr(uart_buffer, "OK") != NULL) {
             ^~~~~~~~~~~
In file included from c:\program files (x86)\atollic\truestudio for stm32 9.0.1\armtools\arm-atollic-eabi\include\stdio.h:29:0,
                 from ../Drivers/STM32F1xx_HAL_Driver/Inc/stm32f1xx_hal_def.h:50,
                 from ../Drivers/STM32F1xx_HAL_Driver/Inc/stm32f1xx_hal_rcc.h:45,
                 from ../Inc/stm32f1xx_hal_conf.h:219,
                 from ../Drivers/STM32F1xx_HAL_Driver/Inc/stm32f1xx_hal.h:46,
                 from ..\Src\gsm_m950e.c:8:
c:\program files (x86)\atollic\truestudio for stm32 9.0.1\armtools\arm-atollic-eabi\include\string.h:44:8: note: expected 'const char *' but argument is of type 'uint8_t * {aka unsigned char *}'
 char  *_EXFUN(strstr,(const char *, const char *));
        ^
..\Src\gsm_m950e.c:372:35: warning: pointer targets in passing argument 2 of 'HAL_UART_Transmit' differ in signedness [-Wpointer-sign]
[...]
In file included from ../Inc/stm32f1xx_hal_conf.h:315:0,
                 from ../Drivers/STM32F1xx_HAL_Driver/Inc/stm32f1xx_hal.h:46,
                 from ..\Src\gsm_m950e.c:8:
../Drivers/STM32F1xx_HAL_Driver/Inc/stm32f1xx_hal_uart.h:635:19: note: expected 'uint8_t * {aka unsigned char *}' but argument is of type 'char *'
 HAL_StatusTypeDef HAL_UART_Transmit(UART_HandleTypeDef *huart, uint8_t *pData, uint16_t Size, uint32_t Timeout);
                   ^~~~~~~~~~~~~~~~~
..\Src\gsm_m950e.c:441:34: warning: pointer targets in passing argument 2 of 'HAL_UART_Transmit' differ in signedness [-Wpointer-sign]
   if (HAL_UART_Transmit(&huart3, command_inccall, sizeof(command_inccall), 50) != HAL_OK) {
                                  ^~~~~~~~~~~~~~~
In file included from ../Inc/stm32f1xx_hal_conf.h:315:0,
                 from ../Drivers/STM32F1xx_HAL_Driver/Inc/stm32f1xx_hal.h:46,
                 from ..\Src\gsm_m950e.c:8:
../Drivers/STM32F1xx_HAL_Driver/Inc/stm32f1xx_hal_uart.h:635:19: note: expected 'uint8_t * {aka unsigned char *}' but argument is of type 'char *'
 HAL_StatusTypeDef HAL_UART_Transmit(UART_HandleTypeDef *huart, uint8_t *pData, uint16_t Size, uint32_t Timeout);
                   ^~~~~~~~~~~~~~~~~
..\Src\gsm_m950e.c:453:14: warning: pointer targets in passing argument 1 of 'strstr' differ in signedness [-Wpointer-sign]
   if (strstr(uart_buffer, "RING") != NULL) {
              ^~~~~~~~~~~
In file included from c:\program files (x86)\atollic\truestudio for stm32 9.0.1\armtools\arm-atollic-eabi\include\stdio.h:29:0,
                 from ../Drivers/STM32F1xx_HAL_Driver/Inc/stm32f1xx_hal_def.h:50,
                 from ../Drivers/STM32F1xx_HAL_Driver/Inc/stm32f1xx_hal_rcc.h:45,
                 from ../Inc/stm32f1xx_hal_conf.h:219,
                 from ../Drivers/STM32F1xx_HAL_Driver/Inc/stm32f1xx_hal.h:46,
                 from ..\Src\gsm_m950e.c:8:
c:\program files (x86)\atollic\truestudio for stm32 9.0.1\armtools\arm-atollic-eabi\include\string.h:44:8: note: expected 'const char *' but argument is of type 'uint8_t * {aka unsigned char *}'
 char  *_EXFUN(strstr,(const char *, const char *));
        ^
..\Src\gsm_m950e.c:455:15: warning: pointer targets in passing argument 1 of 'strstr' differ in signedness [-Wpointer-sign]
    if (strstr(uart_buffer, (char *)trustedPhones[0]) != NULL) {
               ^~~~~~~~~~~
In file included from c:\program files (x86)\atollic\truestudio for stm32 9.0.1\armtools\arm-atollic-eabi\include\stdio.h:29:0,
                 from ../Drivers/STM32F1xx_HAL_Driver/Inc/stm32f1xx_hal_def.h:50,
                 from ../Drivers/STM32F1xx_HAL_Driver/Inc/stm32f1xx_hal_rcc.h:45,
                 from ../Inc/stm32f1xx_hal_conf.h:219,
                 from ../Drivers/STM32F1xx_HAL_Driver/Inc/stm32f1xx_hal.h:46,
                 from ..\Src\gsm_m950e.c:8:
c:\program files (x86)\atollic\truestudio for stm32 9.0.1\armtools\arm-atollic-eabi\include\string.h:44:8: note: expected 'const char *' but argument is of type 'uint8_t * {aka unsigned char *}'
 char  *_EXFUN(strstr,(const char *, const char *));
        ^
..\Src\gsm_m950e.c:459:22: warning: pointer targets in passing argument 1 of 'strstr' differ in signedness [-Wpointer-sign]
    } else if (strstr(uart_buffer, (char *)trustedPhones[1]) != NULL) {
                      ^~~~~~~~~~~
In file included from c:\program files (x86)\atollic\truestudio for stm32 9.0.1\armtools\arm-atollic-eabi\include\stdio.h:29:0,
                 from ../Drivers/STM32F1xx_HAL_Driver/Inc/stm32f1xx_hal_def.h:50,
                 from ../Drivers/STM32F1xx_HAL_Driver/Inc/stm32f1xx_hal_rcc.h:45,
                 from ../Inc/stm32f1xx_hal_conf.h:219,
                 from ../Drivers/STM32F1xx_HAL_Driver/Inc/stm32f1xx_hal.h:46,
                 from ..\Src\gsm_m950e.c:8:
c:\program files (x86)\atollic\truestudio for stm32 9.0.1\armtools\arm-atollic-eabi\include\string.h:44:8: note: expected 'const char *' but argument is of type 'uint8_t * {aka unsigned char *}'
 char  *_EXFUN(strstr,(const char *, const char *));
        ^
..\Src\gsm_m950e.c:465:35: warning: pointer targets in passing argument 2 of 'HAL_UART_Transmit' differ in signedness [-Wpointer-sign]
    if (HAL_UART_Transmit(&huart3, command_abortcall, strlen(command_abortcall), 50) != HAL_OK) {
                                   ^~~~~~~~~~~~~~~~~
In file included from ../Inc/stm32f1xx_hal_conf.h:315:0,
                 from ../Drivers/STM32F1xx_HAL_Driver/Inc/stm32f1xx_hal.h:46,
                 from ..\Src\gsm_m950e.c:8:
../Drivers/STM32F1xx_HAL_Driver/Inc/stm32f1xx_hal_uart.h:635:19: note: expected 'uint8_t * {aka unsigned char *}' but argument is of type 'char *'
 HAL_StatusTypeDef HAL_UART_Transmit(UART_HandleTypeDef *huart, uint8_t *pData, uint16_t Size, uint32_t Timeout);
                   ^~~~~~~~~~~~~~~~~
arm-atollic-eabi-gcc -c -mthumb -mcpu=cortex-m3 -std=gnu99 -D__weak=__attribute__((weak)) -D__packed=__attribute__((__packed__)) -DUSE_HAL_DRIVER -DSTM32F103xB -I../Inc -I../Drivers/STM32F1xx_HAL_Driver/Inc -I../Drivers/STM32F1xx_HAL_Driver/Inc/Legacy -I../Middlewares/Third_Party/FreeRTOS/Source/portable/GCC/ARM_CM3 -I../Middlewares/ST/STM32_USB_Device_Library/Core/Inc -I../Middlewares/ST/STM32_USB_Device_Library/Class/CDC/Inc -I../Drivers/CMSIS/Device/ST/STM32F1xx/Include -I../Middlewares/Third_Party/FreeRTOS/Source/include -I../Middlewares/Third_Party/FreeRTOS/Source/CMSIS_RTOS -I../Drivers/CMSIS/Include -Og -ffunction-sections -fdata-sections -g3 -fstack-usage -Wall -specs=nano.specs -o Drivers\STM32F1xx_HAL_Driver\Src\stm32f1xx_hal_gpio.o ..\Drivers\STM32F1xx_HAL_Driver\Src\stm32f1xx_hal_gpio.c 
arm-atollic-eabi-gcc -c -mthumb -mcpu=cortex-m3 -std=gnu99 -D__weak=__attribute__((weak)) -D__packed=__attribute__((__packed__)) -DUSE_HAL_DRIVER -DSTM32F103xB -I../Inc -I../Drivers/STM32F1xx_HAL_Driver/Inc -I../Drivers/STM32F1xx_HAL_Driver/Inc/Legacy -I../Middlewares/Third_Party/FreeRTOS/Source/portable/GCC/ARM_CM3 -I../Middlewares/ST/STM32_USB_Device_Library/Core/Inc -I../Middlewares/ST/STM32_USB_Device_Library/Class/CDC/Inc -I../Drivers/CMSIS/Device/ST/STM32F1xx/Include -I../Middlewares/Third_Party/FreeRTOS/Source/include -I../Middlewares/Third_Party/FreeRTOS/Source/CMSIS_RTOS -I../Drivers/CMSIS/Include -Og -ffunction-sections -fdata-sections -g3 -fstack-usage -Wall -specs=nano.specs -o Src\usbd_desc.o ..\Src\usbd_desc.c 
..\Src\usbd_desc.c: In function 'USBD_FS_ProductStrDescriptor':
..\Src\usbd_desc.c:78:36: warning: pointer targets in passing argument 1 of 'USBD_GetString' differ in signedness [-Wpointer-sign]
 #define USBD_PRODUCT_STRING_FS     "STM32 Virtual ComPort"
                                    ^
..\Src\usbd_desc.c:219:21: note: in expansion of macro 'USBD_PRODUCT_STRING_FS'
     USBD_GetString (USBD_PRODUCT_STRING_FS, USBD_StrDesc, length);
                     ^~~~~~~~~~~~~~~~~~~~~~
In file included from ../Middlewares/ST/STM32_USB_Device_Library/Core/Inc/usbd_core.h:40:0,
                 from ..\Src\usbd_desc.c:51:
../Middlewares/ST/STM32_USB_Device_Library/Core/Inc/usbd_ctlreq.h:93:6: note: expected 'uint8_t * {aka unsigned char *}' but argument is of type 'char *'
 void USBD_GetString         (uint8_t *desc, uint8_t *unicode, uint16_t *len);
      ^~~~~~~~~~~~~~
..\Src\usbd_desc.c:78:36: warning: pointer targets in passing argument 1 of 'USBD_GetString' differ in signedness [-Wpointer-sign]
 #define USBD_PRODUCT_STRING_FS     "STM32 Virtual ComPort"
                                    ^
..\Src\usbd_desc.c:223:21: note: in expansion of macro 'USBD_PRODUCT_STRING_FS'
     USBD_GetString (USBD_PRODUCT_STRING_FS, USBD_StrDesc, length);
                     ^~~~~~~~~~~~~~~~~~~~~~
In file included from ../Middlewares/ST/STM32_USB_Device_Library/Core/Inc/usbd_core.h:40:0,
                 from ..\Src\usbd_desc.c:51:
../Middlewares/ST/STM32_USB_Device_Library/Core/Inc/usbd_ctlreq.h:93:6: note: expected 'uint8_t * {aka unsigned char *}' but argument is of type 'char *'
 void USBD_GetString         (uint8_t *desc, uint8_t *unicode, uint16_t *len);
      ^~~~~~~~~~~~~~
..\Src\usbd_desc.c: In function 'USBD_FS_ManufacturerStrDescriptor':
..\Src\usbd_desc.c:76:38: warning: pointer targets in passing argument 1 of 'USBD_GetString' differ in signedness [-Wpointer-sign]
 #define USBD_MANUFACTURER_STRING     "STMicroelectronics"
                                      ^
..\Src\usbd_desc.c:237:19: note: in expansion of macro 'USBD_MANUFACTURER_STRING'
   USBD_GetString (USBD_MANUFACTURER_STRING, USBD_StrDesc, length);
                   ^~~~~~~~~~~~~~~~~~~~~~~~
In file included from ../Middlewares/ST/STM32_USB_Device_Library/Core/Inc/usbd_core.h:40:0,
                 from ..\Src\usbd_desc.c:51:
../Middlewares/ST/STM32_USB_Device_Library/Core/Inc/usbd_ctlreq.h:93:6: note: expected 'uint8_t * {aka unsigned char *}' but argument is of type 'char *'
 void USBD_GetString         (uint8_t *desc, uint8_t *unicode, uint16_t *len);
      ^~~~~~~~~~~~~~
..\Src\usbd_desc.c: In function 'USBD_FS_SerialStrDescriptor':
..\Src\usbd_desc.c:79:41: warning: pointer targets in passing argument 1 of 'USBD_GetString' differ in signedness [-Wpointer-sign]
 #define USBD_SERIALNUMBER_STRING_FS     "00000000001A"
                                         ^
..\Src\usbd_desc.c:252:21: note: in expansion of macro 'USBD_SERIALNUMBER_STRING_FS'
     USBD_GetString (USBD_SERIALNUMBER_STRING_FS, USBD_StrDesc, length);
                     ^~~~~~~~~~~~~~~~~~~~~~~~~~~
In file included from ../Middlewares/ST/STM32_USB_Device_Library/Core/Inc/usbd_core.h:40:0,
                 from ..\Src\usbd_desc.c:51:
../Middlewares/ST/STM32_USB_Device_Library/Core/Inc/usbd_ctlreq.h:93:6: note: expected 'uint8_t * {aka unsigned char *}' but argument is of type 'char *'
 void USBD_GetString         (uint8_t *desc, uint8_t *unicode, uint16_t *len);
      ^~~~~~~~~~~~~~
..\Src\usbd_desc.c:79:41: warning: pointer targets in passing argument 1 of 'USBD_GetString' differ in signedness [-Wpointer-sign]
 #define USBD_SERIALNUMBER_STRING_FS     "00000000001A"
                                         ^
..\Src\usbd_desc.c:256:21: note: in expansion of macro 'USBD_SERIALNUMBER_STRING_FS'
     USBD_GetString (USBD_SERIALNUMBER_STRING_FS, USBD_StrDesc, length);
                     ^~~~~~~~~~~~~~~~~~~~~~~~~~~
In file included from ../Middlewares/ST/STM32_USB_Device_Library/Core/Inc/usbd_core.h:40:0,
                 from ..\Src\usbd_desc.c:51:
../Middlewares/ST/STM32_USB_Device_Library/Core/Inc/usbd_ctlreq.h:93:6: note: expected 'uint8_t * {aka unsigned char *}' but argument is of type 'char *'
 void USBD_GetString         (uint8_t *desc, uint8_t *unicode, uint16_t *len);
      ^~~~~~~~~~~~~~
..\Src\usbd_desc.c: In function 'USBD_FS_ConfigStrDescriptor':
..\Src\usbd_desc.c:80:42: warning: pointer targets in passing argument 1 of 'USBD_GetString' differ in signedness [-Wpointer-sign]
 #define USBD_CONFIGURATION_STRING_FS     "CDC Config"
                                          ^
..\Src\usbd_desc.c:272:21: note: in expansion of macro 'USBD_CONFIGURATION_STRING_FS'
     USBD_GetString (USBD_CONFIGURATION_STRING_FS, USBD_StrDesc, length);
                     ^~~~~~~~~~~~~~~~~~~~~~~~~~~~
In file included from ../Middlewares/ST/STM32_USB_Device_Library/Core/Inc/usbd_core.h:40:0,
                 from ..\Src\usbd_desc.c:51:
../Middlewares/ST/STM32_USB_Device_Library/Core/Inc/usbd_ctlreq.h:93:6: note: expected 'uint8_t * {aka unsigned char *}' but argument is of type 'char *'
 void USBD_GetString         (uint8_t *desc, uint8_t *unicode, uint16_t *len);
      ^~~~~~~~~~~~~~
..\Src\usbd_desc.c:80:42: warning: pointer targets in passing argument 1 of 'USBD_GetString' differ in signedness [-Wpointer-sign]
 #define USBD_CONFIGURATION_STRING_FS     "CDC Config"
                                          ^
..\Src\usbd_desc.c:276:21: note: in expansion of macro 'USBD_CONFIGURATION_STRING_FS'
     USBD_GetString (USBD_CONFIGURATION_STRING_FS, USBD_StrDesc, length);
                     ^~~~~~~~~~~~~~~~~~~~~~~~~~~~
In file included from ../Middlewares/ST/STM32_USB_Device_Library/Core/Inc/usbd_core.h:40:0,
                 from ..\Src\usbd_desc.c:51:
../Middlewares/ST/STM32_USB_Device_Library/Core/Inc/usbd_ctlreq.h:93:6: note: expected 'uint8_t * {aka unsigned char *}' but argument is of type 'char *'
 void USBD_GetString         (uint8_t *desc, uint8_t *unicode, uint16_t *len);
      ^~~~~~~~~~~~~~
..\Src\usbd_desc.c: In function 'USBD_FS_InterfaceStrDescriptor':
..\Src\usbd_desc.c:81:38: warning: pointer targets in passing argument 1 of 'USBD_GetString' differ in signedness [-Wpointer-sign]
 #define USBD_INTERFACE_STRING_FS     "CDC Interface"
                                      ^
..\Src\usbd_desc.c:292:21: note: in expansion of macro 'USBD_INTERFACE_STRING_FS'
     USBD_GetString (USBD_INTERFACE_STRING_FS, USBD_StrDesc, length);
                     ^~~~~~~~~~~~~~~~~~~~~~~~
In file included from ../Middlewares/ST/STM32_USB_Device_Library/Core/Inc/usbd_core.h:40:0,
                 from ..\Src\usbd_desc.c:51:
../Middlewares/ST/STM32_USB_Device_Library/Core/Inc/usbd_ctlreq.h:93:6: note: expected 'uint8_t * {aka unsigned char *}' but argument is of type 'char *'
 void USBD_GetString         (uint8_t *desc, uint8_t *unicode, uint16_t *len);
      ^~~~~~~~~~~~~~
..\Src\usbd_desc.c:81:38: warning: pointer targets in passing argument 1 of 'USBD_GetString' differ in signedness [-Wpointer-sign]
 #define USBD_INTERFACE_STRING_FS     "CDC Interface"
                                      ^
..\Src\usbd_desc.c:296:21: note: in expansion of macro 'USBD_INTERFACE_STRING_FS'
     USBD_GetString (USBD_INTERFACE_STRING_FS, USBD_StrDesc, length);
                     ^~~~~~~~~~~~~~~~~~~~~~~~
In file included from ../Middlewares/ST/STM32_USB_Device_Library/Core/Inc/usbd_core.h:40:0,
                 from ..\Src\usbd_desc.c:51:
../Middlewares/ST/STM32_USB_Device_Library/Core/Inc/usbd_ctlreq.h:93:6: note: expected 'uint8_t * {aka unsigned char *}' but argument is of type 'char *'
 void USBD_GetString         (uint8_t *desc, uint8_t *unicode, uint16_t *len);
      ^~~~~~~~~~~~~~
arm-atollic-eabi-gcc -c -mthumb -mcpu=cortex-m3 -std=gnu99 -D__weak=__attribute__((weak)) -D__packed=__attribute__((__packed__)) -DUSE_HAL_DRIVER -DSTM32F103xB -I../Inc -I../Drivers/STM32F1xx_HAL_Driver/Inc -I../Drivers/STM32F1xx_HAL_Driver/Inc/Legacy -I../Middlewares/Third_Party/FreeRTOS/Source/portable/GCC/ARM_CM3 -I../Middlewares/ST/STM32_USB_Device_Library/Core/Inc -I../Middlewares/ST/STM32_USB_Device_Library/Class/CDC/Inc -I../Drivers/CMSIS/Device/ST/STM32F1xx/Include -I../Middlewares/Third_Party/FreeRTOS/Source/include -I../Middlewares/Third_Party/FreeRTOS/Source/CMSIS_RTOS -I../Drivers/CMSIS/Include -Og -ffunction-sections -fdata-sections -g3 -fstack-usage -Wall -specs=nano.specs -o Src\freertos.o ..\Src\freertos.c 
arm-atollic-eabi-gcc -c -mthumb -mcpu=cortex-m3 -std=gnu99 -D__weak=__attribute__((weak)) -D__packed=__attribute__((__packed__)) -DUSE_HAL_DRIVER -DSTM32F103xB -I../Inc -I../Drivers/STM32F1xx_HAL_Driver/Inc -I../Drivers/STM32F1xx_HAL_Driver/Inc/Legacy -I../Middlewares/Third_Party/FreeRTOS/Source/portable/GCC/ARM_CM3 -I../Middlewares/ST/STM32_USB_Device_Library/Core/Inc -I../Middlewares/ST/STM32_USB_Device_Library/Class/CDC/Inc -I../Drivers/CMSIS/Device/ST/STM32F1xx/Include -I../Middlewares/Third_Party/FreeRTOS/Source/include -I../Middlewares/Third_Party/FreeRTOS/Source/CMSIS_RTOS -I../Drivers/CMSIS/Include -Og -ffunction-sections -fdata-sections -g3 -fstack-usage -Wall -specs=nano.specs -o Src\stm32f1xx_hal_timebase_TIM.o ..\Src\stm32f1xx_hal_timebase_TIM.c 
arm-atollic-eabi-gcc -c -mthumb -mcpu=cortex-m3 -std=gnu99 -D__weak=__attribute__((weak)) -D__packed=__attribute__((__packed__)) -DUSE_HAL_DRIVER -DSTM32F103xB -I../Inc -I../Drivers/STM32F1xx_HAL_Driver/Inc -I../Drivers/STM32F1xx_HAL_Driver/Inc/Legacy -I../Middlewares/Third_Party/FreeRTOS/Source/portable/GCC/ARM_CM3 -I../Middlewares/ST/STM32_USB_Device_Library/Core/Inc -I../Middlewares/ST/STM32_USB_Device_Library/Class/CDC/Inc -I../Drivers/CMSIS/Device/ST/STM32F1xx/Include -I../Middlewares/Third_Party/FreeRTOS/Source/include -I../Middlewares/Third_Party/FreeRTOS/Source/CMSIS_RTOS -I../Drivers/CMSIS/Include -Og -ffunction-sections -fdata-sections -g3 -fstack-usage -Wall -specs=nano.specs -o Middlewares\Third_Party\FreeRTOS\Source\list.o ..\Middlewares\Third_Party\FreeRTOS\Source\list.c 
arm-atollic-eabi-gcc -c -mthumb -mcpu=cortex-m3 -std=gnu99 -D__weak=__attribute__((weak)) -D__packed=__attribute__((__packed__)) -DUSE_HAL_DRIVER -DSTM32F103xB -I../Inc -I../Drivers/STM32F1xx_HAL_Driver/Inc -I../Drivers/STM32F1xx_HAL_Driver/Inc/Legacy -I../Middlewares/Third_Party/FreeRTOS/Source/portable/GCC/ARM_CM3 -I../Middlewares/ST/STM32_USB_Device_Library/Core/Inc -I../Middlewares/ST/STM32_USB_Device_Library/Class/CDC/Inc -I../Drivers/CMSIS/Device/ST/STM32F1xx/Include -I../Middlewares/Third_Party/FreeRTOS/Source/include -I../Middlewares/Third_Party/FreeRTOS/Source/CMSIS_RTOS -I../Drivers/CMSIS/Include -Og -ffunction-sections -fdata-sections -g3 -fstack-usage -Wall -specs=nano.specs -o Src\flash.o ..\Src\flash.c 
arm-atollic-eabi-gcc -o gsm_sign.elf Drivers\STM32F1xx_HAL_Driver\Src\stm32f1xx_hal.o Drivers\STM32F1xx_HAL_Driver\Src\stm32f1xx_hal_cortex.o Drivers\STM32F1xx_HAL_Driver\Src\stm32f1xx_hal_dma.o Drivers\STM32F1xx_HAL_Driver\Src\stm32f1xx_hal_flash.o Drivers\STM32F1xx_HAL_Driver\Src\stm32f1xx_hal_flash_ex.o Drivers\STM32F1xx_HAL_Driver\Src\stm32f1xx_hal_gpio.o Drivers\STM32F1xx_HAL_Driver\Src\stm32f1xx_hal_gpio_ex.o Drivers\STM32F1xx_HAL_Driver\Src\stm32f1xx_hal_pcd.o Drivers\STM32F1xx_HAL_Driver\Src\stm32f1xx_hal_pcd_ex.o Drivers\STM32F1xx_HAL_Driver\Src\stm32f1xx_hal_pwr.o Drivers\STM32F1xx_HAL_Driver\Src\stm32f1xx_hal_rcc.o Drivers\STM32F1xx_HAL_Driver\Src\stm32f1xx_hal_rcc_ex.o Drivers\STM32F1xx_HAL_Driver\Src\stm32f1xx_hal_tim.o Drivers\STM32F1xx_HAL_Driver\Src\stm32f1xx_hal_tim_ex.o Drivers\STM32F1xx_HAL_Driver\Src\stm32f1xx_hal_uart.o Drivers\STM32F1xx_HAL_Driver\Src\stm32f1xx_ll_usb.o Middlewares\ST\STM32_USB_Device_Library\Class\CDC\Src\usbd_cdc.o Middlewares\ST\STM32_USB_Device_Library\Core\Src\usbd_core.o Middlewares\ST\STM32_USB_Device_Library\Core\Src\usbd_ctlreq.o Middlewares\ST\STM32_USB_Device_Library\Core\Src\usbd_ioreq.o Middlewares\Third_Party\FreeRTOS\Source\CMSIS_RTOS\cmsis_os.o Middlewares\Third_Party\FreeRTOS\Source\croutine.o Middlewares\Third_Party\FreeRTOS\Source\event_groups.o Middlewares\Third_Party\FreeRTOS\Source\list.o Middlewares\Third_Party\FreeRTOS\Source\portable\GCC\ARM_CM3\port.o Middlewares\Third_Party\FreeRTOS\Source\portable\MemMang\heap_4.o Middlewares\Third_Party\FreeRTOS\Source\queue.o Middlewares\Third_Party\FreeRTOS\Source\tasks.o Middlewares\Third_Party\FreeRTOS\Source\timers.o Src\Logic.o Src\flash.o Src\freertos.o Src\gpio.o Src\gsm_m950e.o Src\io.o Src\main.o Src\stm32f1xx_hal_msp.o Src\stm32f1xx_hal_timebase_TIM.o Src\stm32f1xx_it.o Src\system_stm32f1xx.o Src\usart.o Src\usb_device.o Src\usbd_cdc_if.o Src\usbd_conf.o Src\usbd_desc.o startup\startup_stm32f103xb.o -mthumb -mcpu=cortex-m3 -T../STM32F103CB_FLASH.ld -specs=nosys.specs -static -Wl,-Map=gsm_sign.map -Wl,--gc-sections -Wl,--defsym=malloc_getpagesize_P=0x80 -Wl,--start-group -lc -lm -Wl,--end-group -specs=nano.specs 
C:\Program Files (x86)\Atollic\TrueSTUDIO for STM32 9.0.1\ide\jre\bin\java -jar C:\Program Files (x86)\Atollic\TrueSTUDIO for STM32 9.0.1\Tools\arm-atollic-reports.jar sizeinfo list gsm_sign.elf 
Generate build reports...
Print size information
   text	   data	    bss	    dec	    hex	filename
  29284	    536	  19176	  48996	   bf64	gsm_sign.elf
Print size information done
Generate listing file
Output sent to: gsm_sign.list
Generate listing file done
Generate build reports done
Info: Nothing to build for gsm_sign
Info: Nothing to build for gsm_sign
Info: Nothing to build for gsm_sign
Info: Nothing to build for gsm_sign
Info: Nothing to build for gsm_sign
Info: Nothing to build for gsm_sign
Info: Nothing to build for gsm_sign
